1 240 25645 AISarMywOukhFCYfudDKjeUIDmevLzyeEtkdfuWIOidWInPHYR
1 240 17416 BuamBskEFbkpjMxwvlAGNmzYAXlXjwLYpdGRBgRaDmJfJKaNsc
1 240 13501 CDKXhGDLEYPwoUOMLnsMVuCLXYnGokTxxkEOElocLaaYNlJOoY
1 240 20363 IdFsqmakbTfYofYeVDWeqJPnVVSjHliijguRiKemtRaUQqwCgC
1 240 3905 NAKLAxYYrZbHxivJZEdmULEuoOmaZscLsUqpOoiRiSpWrrVJbA
1 240 24316 NkCuKUMPDvoAmCiKyUtDQHUrlxgDOHgdTcSJEVctWOJSrSnRwU
1 240 26700 NxMmmolyjANHPwEsOsgQzWwMrQIQdbIWvKYTekOmBjVtAwVDGU
1 240 22331 PhLwDiEygezxmbWkrahAFDYxetBSpUKFchEDMEOPOMWtcAaTIp
1 240 20863 QDkMsKpRkUwcmLtaBCxGRPEPjWkVcpVTACCqngZbavsWEppQdv
1 240 24919 QNyyMeHDyVsiNZHFARlOZNJKEqKHUVsKiLkQuInlwHWgbPLSlp
1 240 209 RHFfzwTgSVVgIFOgerKHjSZwRFsedBkVFRgXtvFiIAneXOcBiQ
1 240 17123 RIrEPZwWisbDWClkBqtMySJpwSFuEqLQCsCMYYlYsGpIGXMgGL
1 240 21956 RSIrQYfKlWTQwkMzLLKayVKAjPAEhRbNfElEYAoIvbKlYmZMCw
1 240 14807 RoltgpdIijhWXMvreUpgBvEFCookYpOyZhveDmKFSPtoZdOVkM
1 240 29664 UeLjefoiBkEiImhTsHxzDXhmsddhBMEDnzfsCSlrJQlQwNCBBT
1 240 22508 etsAERBXPYnDunMdEqGtZLNmPGeFRIoOQRYjpTTnQqqlfrkVYK
1 240 3753 hIMWPWIBgdogPVPTTyoetipWNSVmtfyIbnOULDrupCcMRGyldR
1 240 3151 keIigFzodsOdFpTDFGGDnbXoKNwKtJZCqFkqXBjNRSKPfwUXSb
1 240 4403 mhsGUhGYUvJXPebSocEsGlSvGZQzFWjhKZAWADfwsWZpDOWunn
1 240 7529 pMNmgOkggZNeSmgzWbqEGFhvcIrKOmuEXhnInvwyvOiteRddMv
1 240 29806 pmHyPfHNgppymcgXlazYDhGoXHWwnFXXqRfbNKOQNzfBnwtHbW
1 240 29394 sqHNSdbTHDmEcvZsRyxUojxxTGyrbAhGQyyfDTKsCduAwHSHqV
1 240 6957 xBcSYyKVXWOLyIIRVDahdlaWBQHkCIAdTzCwCpuamaTICkNbOS
1 241 16425 NVDgfDNcdtncikwnIkAnOytAaquYFremWafiCJDIawAoGuuODC
1 241 25222 NgZXmiEvbYHtLgEeFKSKacCbCgrgEIavcEincPCrBpRKzyOaQA
1 241 29409 NnJVfNSQeYfWAaODfjZDpHCPfCHNgNvLFxfcTCpvgwDJtJbUIR
1 241 29957 NsJytzgwvQCepYIswUTmBmFqZFEoAAbuezEbvWbFMmbnZsTTsG
1 241 1068 OUzuSHUwcqCraGxzMCUySbXhkvwLHHQSpTOIrpsQTExrvQqdxY
1 241 21510 OVZFHXkLaTLdfAwUJBhCjeCIGYmIjuAMEBXlYIXDMtwDnYsyQx
1 241 10233 PfjvxOdtjvtlHNyRkBMFVQbOxfRMvlkCfAvuMiPqllebCyCFuJ
1 241 14752 PsdheNkerxmRBrZEWKWlaCyaJDCZZbHNFDForspCnUIVSaffQd
1 241 53061 RYfjGDLbfvuRYxAjjYsbpCJawdURDpmdxBQQCUtDqtIlwnWAsI
1 241 20620 RZiZduxQZjrpMPtVqjniaxmvBReGKIWwailWHORSIRfsIjaDro
1 241 28821 WemDUCjMGkaLoprPoqxTXxMcNawLbRNunyYlrCuhVnIzGUzTEH
1 241 53061 cSeSvmnwGkspQrZVatCikdVQZstaiqjDktXJsmBuqLThyMBgBk
1 241 26122 ceQsOHhENieQWLkxnsLCgXXUuZKtCnDluuuttkXPcIuhjPLSNz
1 241 28675 fHTwMnOJqzIBvXwSdDueBEggaICAlHZJqWCvsRmzcRwftaIHPv
1 241 5741 fLPBgVmZjXNomYFNjYPTtNOvufyHYiIGUmoKrYBnWyIoSRTpyp
1 241 1337 heAKdXAGdErZjDoWKAicXrPRkQxByhVhckhaeKiAcnLEPXffeh
1 241 53061 kBOkLfKmhJCJYACBtBDBmTJiUeLakuYUlJnQhDQxToCnvJCkCC
1 241 29538 kOjNLWyvwHUYqatHlfobWaEfHSJTmqftDJnGfFnNEaTocGcPlS
1 241 4655 mynaqUhPUhvZXRdQFMhFgBUQiWVafJZYthHpmBdbajtCIdkcfL
1 241 17089 nImZQPRCZiiqhWjOaUNoxOeBZXgHcaWETYJqfgyzqzNLNddqnz
1 241 53061 nZMihzJHkMABEXNpwxTfoCbeIJYLkarBePdQeYDFmcMHfArLgS
1 241 53061 wCJmGsUTWwWUopfTzerejWNJLhFuVWJzbyqKxJDdBYnPkVVsAw
1 241 15152 xsAzYDqODFCphgezayvvuDDHytAIkObjvxSymZYhVOKOhuSqSl
1 241 10216 zDNHtTFPIiQGOyXUPcWyUSqKkcuMZuuqyvZKWnhANBIKlRrapr
1 242 15933 BuEXaqqnTgMrPcAwdzDVDzBuJjMCIsXtOuSzjjInULfYOZFBwL
1 242 26400 CwNDZefmqntOCOGgMwlqBZmsJryyuxwpmMGrDUjtSDwoCPkRNM
1 242 53061 DFQoKwgBBJZZHZSyQRGAKFfgKpGklxnJljjtBJoDZaYBaXDWsc
1 242 25085 FiulCuTtyIMMuYvTPUMBdgOwbgfrQliNkxlIkzcicnCgqEWkUT
1 242 16859 HcDzRhzHMIcyUtWNMTdcaSyWhvLXcxmwKiNRxqWuPfdwldMQzR
1 242 11750 JUWElGEpkwZkCVbHfaaYkdOnMKvmhqCNoBAaKKshDUpljSFfwT
1 242 14481 KLwKVuPTUUQqKGpJeLDPbHfrgTxEJvSNdkJMcKYkdGQTQEpDfI
1 242 3566 LWJmzsmQxWRLYvuCYUOaoKQFTtJNWwakzgqNfqJXStyUliHait
1 242 15787 OFSdHnCUcSPbGHpNhMPPuKXqcOZNElcYqbyFsqTamzRZQQDOzv
1 242 1259 SpSOXSiPjKTzeviUqLfrjlFJsfYchPIDabafnrcaJUBARKBRYv
1 242 29746 jmeXCxbabMuJoZHpwVQPoumBgHtjYTtBrOAGJCjhRXCoGXiclX
1 242 22658 kVHOPRMmvOcrWfAWAvfvTAiXrMAEaHekIlbyMClFhEpqhQIGjo
1 242 8022 kvYXPTcbGNxzSTaNFNkTEOauPUnxrbRymofBRbAFkNUvTNEPqC
1 242 29216 mHVkofKuGQltVAtiiDqYoeDTgiNiOkzKTItGggFWBGjhBuSsRJ
1 242 25333 oAjvPaGUDDCnsvQdlVoXlDTNCsyuUutCWxlMgIRVBoZdFjHkMM
1 242 2120 pVahEXPXvxNzVMjgbmogcptSjJUmahiYVuBVJUMVlOzZhhcnmD
1 242 6640 rFTEMAksEDbjKywnzfcMbreWSJpvyjRXlRXbccDDyXQpspDnEd
1 242 7038 wnYIljBOXppYDZfGdTEDnofeiRdUmxZLfyKQWMsQeRJpbQDmoI
1 242 7767 yhNScGdqgfhiADuVzzjWymprmugFvaOuPDdgNiIDnZdzxNmOnW
1 242 19904 ymiqgafrJNuSmOksLVlDVJxJqSNeLjUqiSUocWkJZiMJUEHFCJ
1 243 14865 JWKtktDuHjzZezhcuWTlUsNWRiEBbGeZiwKPNjIWuiENzsfXyS
1 243 8652 LfaWArdwwxUspsmNycoCKVrqtgWfJxMkwhBmytYTOIYgtrxWAM
1 243 5920 McKHuTcdbnAiPfNvukyXGYFGQdtXXymJcmoqHECqLXyqHHjWzw
1 243 14565 VaxSIIbqnlhiavhoZcDwkhEeUpzraecpZObenjLbAGzhFmiKor
1 243 5610 aauiLzVoCuruNxaetjtVKnSehSjcVpTyyChWbLZVRhwcFRulFY
1 243 19993 dSZYfbTQFbfkrNLQLwcnaqjJUnCNXwejyZSINkIfJgSMXLXZCX
1 243 17955 eaTQmAAkHKzPtKwNiOgNpJxrdOMosCzeKuAyAJfoWPlpyBqdbv
1 243 667 iTnOzICxULrzThpvtaBcjRhMpcFfzFMlVTvcVEbMqJBWxnIFYb
1 243 27713 kexGGoxmbpweTrPRmCWRRZvLwYAgvkaAFbcqCXVRCowFhbCRLT
1 243 11856 tzlAcqiDbFwFTDnmdQISCuCNGAsoPiLHnGdRyFZpdmkaojCNZH
1 243 2012 yAWvGqhvKGeNdxsRywejZbJzUZCZInHhxgkRHUlkOhlbpPIJUY
1 243 22133 yfMabHCcwDkkvuczjFpaClvCMtHPEzoPwiYeGkUDaAfDJxcBpZ
1 243 17225 zXSWPrnjxOhhAlarRZDWzJdXYeFsVCprCnZsTRVnNRlBiXJptW
1 244 18022 AFYbaBkzPgTHgFmXsbwbaclfnadBsHoPBrHFleMMpOTNDCQsnF
1 244 53061 BQxNNvePYHISEarPtDneZxVGEsqwHdWybCXoUlPJFSFveAKshZ
1 244 23450 GWvvJQTFJONhlbuJMAPPNGlHKCYKOPGpjyCqQfNiKVSuLSsuWD
1 244 7625 JCHVpkdOEfLSwaQQifvFdBoVdYUFDMdDSFIGYWqiUIXfCzCwTA
1 244 12389 TFYkVrnpQMJLmKnfifgPeiqGFoVbYNtjXjJFgLpQtBdNjPLjdw
1 244 53061 aAJDQoVsWgtLjKnTjOwGoHBUnMvnsnmoAzbFKCHGJJsgQMGUGM
1 244 16060 bRHQncdqZWDGoaCNbNfXalqCeozpWRjitxrULnGDWznDcZOyuL
1 244 2354 enLfTWNolvPRqnkULpRqMMZGObcNSgcuXvNFrQVyKHpuQqSdNe
1 244 29207 fWpbUbnZtjVjnoSeScESPaczlLQPJSQEeoyQUvgWyRIvcUOBAK
1 244 28257 fmipErBCRBXsllEBlfkJfrvlIrqBCPjGZXAaTJCkkWGfsNrZDi
1 244 12819 gyjDgXSUzxXWMVqHaSIJsPtedfyxdmnbVrTzGwlIUCAjRImThq
1 244 2365 hZXgYhnTLpckdCEnDrLovUHQadVdATKWfktkFzABDJWuQusjtQ
1 244 19617 hxVyHxCjjkHRLIiUzuwSWcBFxCjWvFzScnoqJHLMNJDlpESlRP
1 244 4822 iJqfxewkzoejAJIbwKWBhbbCECvCQJNhpVMdRBIIdXONJoUrPq
1 244 337 imhRbYgHlfliaFLInfqkpSjmCHutjcfRIgusmcADTWMUtpgrmu
1 244 14959 lFOXQXVuVOXzerVXspgqMbhTCHvutljIvmVJeYkEjHyFNiobDx
1 244 7140 mfKKfQNrgFHaOSYhQqANQBvrPkthwlRdcuxhfNvlJOEsjDryZJ
1 244 8632 nspiPsgVWRmRJUHmUBguVOIubhMioyWDlHIoAVSMFMWOjDfsyo
1 244 18793 ovJubOfwXgcoNRewUFeNYOoyiKQOPVOCmoWJDLatAEVPQxZodD
1 244 8462 rCNqIeepMvBshQwdZOdrGyKhIpMDSlfXaZUogAjhXXarWtLeiK
1 244 7843 uVrtnSWEltsXdSzKTrjsJlcsFvMacYdHCzlvDzuhZNvbGYqwXE
1 244 22050 wGBVoXFrIrloVvVrTQRAoywceMvsXEMURuntAOvnuMFTzSsAQt
1 244 9019 xkIMIeOEySLLnLuTflDRsfxDPqsLxlWsLgCkZuZhMMFwljVskM
1 245 3256 BNkMNPKkHxmptFuLrrwhyUTBaPLeGRPVZNnpDjKHtDXQnlnaQx
1 245 1570 COjDVToxDuwFAqeqYYVfPnXqlxgTXTUKgUSyegYyKtkJZDTaeX
1 245 12270 DSgCnRkKMBlYlQxTYOIGGbneAdnGeeWdatMmrKucTKvjoTHxwH
1 245 7209 IIcIbtWrdvxotsBijlHKUrVRmyYoQrIhkgMtEaBluOyvsZjOqD
1 245 23583 MIxefuIVqIHKpJkkaxjZNTWhjVqlroWaYebjKtjeArjoeECegH
1 245 23614 PZETUvJCpTpGJgNvobUctaxSKvVWvAJAKNaoxzJMEaFHJOlOno
1 245 1472 QyUDmoBDPScsIeglymtwVQtueDEyILQXDstpKdNbueYDHYktWR
1 245 10972 RJsDyEivCYJxrzgekINOZulwzbQCnorvVkuUSinmEGngHlYjat
1 245 28766 RMKJtZMaLZNwZDaOCfDevxvUEhGQmiDNTYsdFQPfKbcxtcBQsZ
1 245 19806 UKoQBaNVLpdMxOFIUNzhAIYuePsqWwmdZVPKpMTBZQvAEidyfC
1 245 14525 WSmoWQcLMNYatqqeLUgmjkuLdZidMXRpfShLXXojHppOziAvUA
1 245 1928 XmlySWQiJlbOgZeDYCEUqnrAvzIljCbjcfnqSAFjYuOHBzmDSt
1 245 17384 ZJadFueQYmADhnokTBjrMKGZVHKlYlMoxTjEjvbUvnCovGmxyq
1 245 2320 cinaLkriYZIqoEygZzZwNtNQganqdREOdKKsbzSJOIguQDaFkE
1 245 22142 ezXROMBXhEyVUZAtrnMEXmNDiliVllPVHOIjXIrKmwsYCBBkym
1 245 15430 hecdHuefXTAgydQzlKdmegNuFldqxWShSijOHCzCotsIayBXsI
1 245 767 mFMwAdyMVspePeEHjDrbeXluQejETbEYrfFVFFvhQeLqCmANtg
1 245 7668 ocioJuAnrDHBXgmBtcSMDoRkgOYnYIvUNKnAcVLxUczwEICwJh
1 245 29683 rQQinwiBisAdmvBNOoCZtmyTbagugZKecdycVtlIzydEuAHlma
1 245 15447 uCEMonRGTCMyXBoGKmLZzBJBHwxwjWKuUWejnaJvIjnBSzIVfa
1 245 29680 wmRfHxxTKnHkyETOVIpURWJsdqUERxLhaeBjGLIdMUjimaDjdK
1 245 19875 yDSpDjrMkggvThpDKJozADsAnbJkwVqIvTUUxUmxuWbsEScMTM
1 245 16987 zXMggcAoaZHyuFyOURdacSRdwXWdikImvpAOAeUliwQaRZuFap
1 246 9909 AIUFPBDariPgfRcYdxxSaPCVtzMNceMIjQTemNocQMZcrgkMzx
1 246 7915 CnHCpuRotAVRHqnWgyXBRdmuJJirdWnrsKTIhDpDZSIdxwwQWt
1 246 10255 EZtqIXltgzJkLJkasuaEPcYwYnpFKhKtMJszepwwoOcVuTLDBK
1 246 22521 GjtWiMHtPjOAakfzhyzqOyiuFMkEiWkXNXYzrrYzoByqWnirKu
1 246 6589 JaZQJhgmqzZwBaUMRkOKSGTZlTozcISCNOBvrmmoPpnLCvfabZ
1 246 3207 KRtYbpNnYFltYwPupEBjVRpNjrfSAqgtzOxyTKFZQmOVrUrqZd
1 246 18627 OQJvlCmEGXMfDqKRjWWwvEzywlrobYBzoIdQxsTNCLpjpoHxfE
1 246 22535 PmNqHtXgTGQLKdCvizaGxKKIxPhRGHmUwnaaKQWSvpuchbALlH
1 246 7833 URfbycKuohCnxdauZnwjWemjOAqYMoUapNctisACnISipbMjCc
1 246 13580 UairquDtpomPViyWbjSYmqrrBKLVZkBrxyUbCCbtUczstFAGro
1 246 53061 YADHXHJZdyLCwaLbSbqBGzoixhkmwGMLYfeMjzgPnHludPumKf
1 246 20652 ZJHWJfPlWTXsovWTJlqnKMFiWNDZOjQcyOTNDCnPFgIjECrGPc
1 246 21526 aseFrRgsLlydPPMnQRnMjkbMjmYeVikjHmSoyqrkZORYPSdrob
1 246 53061 bAYWDOEuyvtPSDYylCwumuQKeVFseFaOOoGFUUKRTSxTEirMzP
1 246 14267 bowcUuAHsMkaxKKaHFhfkgUkzmNpQLUyJlELGXZsKjkmiIIiSM
1 246 20527 fANKKbfgoIuFSdurMULmBmjjVaTaYWdrDvuwgJBqskEIHVHUGy
1 246 24868 fSkOXLqmNVLEOwIySfHmKKrUUhshfetPJjJFXdizuDLdqGFLcf
1 246 6028 jOFnqDRtmVVmsVcsiFQqyPLiuGfLbZlYTqKSejRFkFLvoXGbJa
1 246 5726 kuiOeIfEbOxQiqKEvZIdJbjtitkOwEmdEPXYAZfbMkAFVBQwaR
1 246 53061 mSTclbYIxPKYdSLzFvdTvCSXwylgIToCLhPYrLdYuivuZvIaeJ
1 246 23431 pWSoPxDvgVoTClQOBSZKJLyjCqtaTijrmXnvkuxGAJqnQRfpMb
1 246 13882 qWPVRQHSrKGGFqWdbuQBvUtsRHuZePxmVqeXVRHfiNonXmLmJo
1 246 1851 sogYMdSMbzelAZkSYzARablmZTripwIoutoEZJnextCxxMkHid
1 246 17751 vOqjVlahTIyfPMPPKcYyaJVwccLpxUJVwRSEjGHfFnDUMjIBrq
1 246 20746 ydpqGLfstxYbGhsMXIqljzmIRUWlllBUVBpROJHUwbsuetyloX
1 247 5910 DKQAcJJJMhozeGlqXjemQroDxvWPOLaHSvPgiPynduCgJAOayt
1 247 1857 FFAFNpJlobAmArGtpNPzNprILlhVrStfjFsrtMOouCnbcDSnLg
1 247 23675 OFGoXQkgUAerHopQufQlNVcQzhbTfAeyWSRlZYQwQFtmfnqjxj
1 247 11771 PGybjlyVjyhWrOswBobisoXrShpiSTuFxYaedXXilWAnccQWUS
1 247 18969 TTYLQyZZKBInQWSHqgkSBAqpbUXjZBeTXfWoKZHoooKWKCVSyL
1 247 12940 WaZhuGvYglhtqwONrsXijzjWDiURuhqBRMPxkvKHmmSeTwJKFx
1 247 53061 XVzHLIWRNQwVcsejFWfdRunodTIIoxJTaHKofTCcNjxtLtgJbc
1 247 14716 YSCtlZOEkOdJMNgvrYBdSDxQapmktHlSUrtLsfwNckYpBVKSJb
1 247 21767 aNdfrUOwtlPcTwDQyKukQkXnfPkjoPfTIjHEAudAmcxIZnNfbl
1 247 12869 eRQuUwJwkRzBPbdAZsztCXVlrDwQcpRaymuKmoLmDopeoPSkvh
1 247 1276 fAECdTzhHvzzZDUCjtJihYLEwqHEyxfnhdpYVzOUvLrirYZjRc
1 247 17078 fUHIfZqrneUuOzLCxSZokIMTXWtQIVHNmBUTAFdgvKVnVBJZdB
1 247 272 foIpUYCugAsGIeznghbqqmpVQpuwOVPPYbCTOIqnFRlnOfBhgn
1 247 11115 jpgcLqzUUkHxKnOMQrhXEBYCiTgEZMgclKrPnqcljNVBGjqFds
1 247 315 keseujnCjzAJuQHrqPEjvYZiXsEmvhlUpadOaamiWvyHoYbIoj
1 247 29705 lxUAyVkbfJujFQQgukbfnriXobGKTVsWaVeXKgnJVlSSJaGJoD
1 247 20394 ntsepGPEfjzGSFiTxNhuiVueWjSJCbMlfsBJjnsuUTloGpXeEc
1 247 21739 pPgpmLFozZAQUenJxceazJdPxkGRHHhFCQRaWyHSvOmPFYRatL
1 247 53061 qMFVJOzWYGCGiaEjjShcMylcFKYwDqypWbhmakKajSVntSYSeW
1 248 12352 AZnfNgWLKhkslqpLRAgjVIDkhBSmTidUKRDtvGscMfHpzXLXGU
1 248 25591 AdKGZHuonDTYjVXgCJtctnXLLUUQmIvtoiDZHcoTgAkqEXkhCp
1 248 23698 BHIQFdJMyoHeKLVlbHGCPblTbfOBeDkVeWPTQTBwCJrUhuWLfi
1 248 16756 LBxGrUCTksnmqesuBpCpNghCKOIjSwSajHhjHfELEpVPWtljtg
1 248 26172 MBcVpYfmnigbnniUIDKaFAQYqKmSnfIKSyowmcmLnDTQgnwKpF
1 248 15022 NywRSQxyoRxtqkCRbFWghBKVPljmgygecfeerecDUcUAzfZcoD
1 248 27505 OnkGPGcYSEbchXevZDBpgVHJSQHyWDfbSnLKctmBewrtSVxzos
1 248 4795 XdfbANTVJTJrkYyLOgZLRfMbXIzewrjJysrfkXOnLEpRdAyetG
1 248 10858 bxFDdgEvaKJoUbwONkfoIwQEUVVtRLBJwojuBbyaPwCHLOeFeo
1 248 1393 cfQdkjXfnLhRMNZfcQSzDQPWooHoWmOUVfNzVufjwsyuztETWQ
1 248 7147 dqtOmvfAkdRCeobRmDCiDddealEsYUCMxcAiaGhNKVLGIyZJDj
1 248 3303 ePHoThpfmEkbKGRYuWxarrplSmQpJKgIonjpgJiglmvdIleQJy
1 248 13560 efWYFXaNrnnfsYkagbvOtweOEefYGytaVTSAsxuXSOljtJhIOa
1 248 4492 gSBfMfmYWRZbTvLqXyzSpjOTAfKCSZCBvDZbxdlGlEwXuBBVff
1 248 19908 lyZeaqGtRQOFRoglQUPDCGUkavwXprdYWGOHKuqPycfDnvRFTy
1 248 26085 mITAMLyTKjIdbvDIOGTblRugIpMCXOXqVvPbWGFbGabmVCGzpG
1 248 22090 mMVklpIMwSxJmQtzUyfSlZqjIqGEnpyTPszqXuYFpNnakHpwvr
1 248 977 sISNwdYxfYKRdjrugeRvkSmhlBxhywannySpNHDotKBZcwNdnB
1 248 2333 tPOWrpdllVuoONdOItqAvafXJHQUkCFUEeizxAuOOleVlcjRvh
1 248 4521 uQRoGGSGdppuoDUmXbBbooAWTvHmzZPVjzZuDDcLWndeOBbYLn
1 248 12043 uruWdFpJbmvwDMLTuHwoYSyhzUvmwKMuBGfOtioyqvyaamciJr
1 248 3444 vLoTUHPKkouqoVydPYDyQHdaeWtSivnNOVAHXqzTASsRrTQtvi
1 248 28985 xklVvRytHTJeebyqSOXONxgdOHvZeHFBkKAOtIKwQYSUwXTGdF
1 248 11676 yDwIpRKcXBnJnHUTJwhDmYDSftGidPDtybezSpXkUoLkhdPcMA
1 249 2237 CHzHMjIVwztcyuzezIzJkCjCQjNUpeyqsWKGksLOQMJDJnbZaw
1 249 14917 EJnbJegtpCPqJJrLFwpLLzZdwMbGdBWOKhMRDQaEOMSvHiQoqR
1 249 8609 EdPcQoaknSNLDyIfYrfgzslCdWYRuffsSkCsVMjPLVdsfUAzth
1 249 23011 KngieUkPYlDNQrsFiwNoyHzktPLFUIPbykSDyfgahIVDjbkBiD
1 249 9278 QXoLMPDwOiJgLGtMMNfSZNUhnprSQkiJBKEpQWbFkBWElcunaL
1 249 26489 RxxdwMMRmPBdgqjQLgfofyndeLIpkGsmKdGdCVnAwTdjreJxUN
1 249 53061 VnEufsNlGZOWhXCnQXdlKmfTFlPKaouJSxappurKUeQiXuzYGs
1 249 12435 XLpgeUJQLlKeHQVUaSJwfUVglBOnPHoFOlJbvvobZIHViBboSC
1 249 16615 ZuxMZyVDXtWeEDDbolYsMVXGaZwnxRSJILLRgZcSGxScyBIBYy
1 249 14229 cfgvCpCYObSVpTBjHhAXlsPdTZcpmlsnilPRYpZuNhCqMoIJyo
1 249 6741 gOEyWTniBzxYKCZqpyxTEgxkcaeXLYwlZwUerpsSWqaMNcotpZ
1 249 8284 guTwesnZpBTuYNEpEgDuruwAbaHiXMWqCVsWVaUENfWFXtpvFV
1 249 14723 nLqverdzpHLIiuCYGkRJsGCzpxUqmJcnlHXhapdheEyAohBxPe
1 249 25537 nWJzqQoZhKCRYLptnjzRoDJPVkVMDHIiUyJhgStMwHDfKkuboq
1 249 28187 ofrtbQSuBtZGLKAvIdaYpHcnpQtiRVVluptgSbwYzcsmqbsSSO
1 249 5166 pBwyJAIqqmbtTMFlORCFugIZGSXezDYWBUfcmnZMugAzVGNNck
1 249 19493 rSsgpCpYKudiYbLfacCNHRxURChMpypZajyjMZkGsRnabkrSRW
1 249 297 slfHItYFjdLNhNYQiNsyoKRkMLIzSaKMzYygnuCmMCVYLKdvMV
1 249 6546 vhPaPgPflWoODPqenenpfJWOxGarBaHsWWNBuomBSUWCXResyY
1 249 24003 wLVvdxDxqsKiFednwFVejDaakTzpnDjUMFpMUtYvqzvgKDHRAe
1 249 11111 wlJnOduFHkdSCEoSuOrIiADOGHioOAdkqqgtUwDbfVQDzMbpmv
1 249 3141 wvpZbYYmCgLwQpNNfDncvLhbfkCYhxHWDiUFXwSQQmTaRvEpuT
1 250 19206 AsFNzDUzntXhNRtiRfAdLAwglaxAxRZvJNdeLzPuKpmLLQjMQX
1 250 5373 CkhNifPvLjTldiftpYODjZFWGsnFrvaTnoeKmrkoXMfUHLfFOc
1 250 4683 DEtRGKhnoKAiWXoLPYRmeucempPKCPxhJLSNWjwulWbrDFyxUA
1 250 15826 HvpfinOwUmQGnujadQROXDmHJsApyOrAVOdClUtwmrbaRkWKPW
1 250 24606 LFLCPSxuVDecKCVdNYwvQfTWRuUwawTKSdGaEMoDIgCTCnfdDF
1 250 5083 OBsrzdhRyfSkXqPfZkxjqETzoZXiJsruMcUenLuVKNgdTTrHKh
1 250 22299 PDjKfYuFmpkbZFwEjboBXaFzKrLBRKvGWpJVkeLHqmtuHFECfn
1 250 4824 TNqzRuRgqXUkTqnUmVvdjhkBtGAWRHCOJxLUFZHVxicKNtIyLt
1 250 1607 UGerZXDllsKZNFOMDnlVmiBzCEcIqBoncUcljPLyWnSKrkXOMy
1 250 553 dknyhwXjnnfqNNpcmWrnDTVygizHkNLlIjwSCYNyhBPBHDWUaw
1 250 13109 eRFshLuFDiYYKgIpWHllXILKLlGxaenbxhTfivalOYrmweZDRX
1 250 5417 jtVEHcPlavbxEtEPORROnyhLWHvKZwHCfzwAQAHjXvpkYSkQIT
1 250 1954 mTSWtAxnWeZqzWDFmOrOuILvOwlcmzEDsBHVntWICkLbbzTVFO
1 250 53061 pCdFRHiGIoylYsOohRgMjkKrPCIHjHfoXDWHxGHlQUuQhtmQuD
1 250 13775 qsfAhPgruuFIpenKBIEEXlUyeXWownnLdBbpIVGYJUToarqyax
1 250 12229 rjhcBVXwfRDYHyFMvEluJxXgHQlbgXiBmkcupUUDDQzdjgktlq
1 250 8529 uTbAnRodEFTsdQmzTILiJCgAnKjpwrHqqWNtDQPAWaLQBvQtmI
1 250 21447 vyDnTVQRmRFroMHAIqpNkfDsVsmPsXDfHIPQAlTuXLZqgWRmTn
1 250 24098 wLygzuvNxZdSTLSmbDOgTlcQwcukOiifTtcsbWJkPTohmQToPE
1 250 28713 yUnxgrwtoMUuLusLpwcIZDOXiXCiKKwpYbTdsdjsmrgVxrnElL
0 240 29199 BWcpmsSzLfGSCqBNEXshLGbtuYHaPpYKBZEbXYHVrNdqGAzRVp
0 240 3740 EBqaNvlvTpLIdtAIrikOeUfaZLnZElZplGcfcxgypQeFCBnffg
0 240 12587 JrhlUsUAsNekLPabzqjVgVbQSktJPKYclsEeUkPnolOYbQaxot
0 240 8866 KALaJqGdbiYGPOHwvkotnQBQSxCFmPjQNgixForkSjUCnTPUIO
0 240 18814 KqzPHPjblCePlzokcwgNWbtXcAhnVXnxHPZKMUscXIBTfsFzFK
0 240 5969 LDZFEnIcBQRITKnqmfSbztMXyohcenJgnEMdIGciGAZHwmxPZM
0 240 19861 OBkngaVoDBXwYiKsBEnUtamqjGcLCDmmeCYRIBhIYBKyFJERlu
0 240 17667 PwBjZjqpfnEwTvtDhCzWcasxAlvjYlsnFZMeFrObmQheJMAKID
0 240 625 QSQcnjNQAYLoWqpfCUcZtPoKIgJuTlhsMdftsThbsTcgTLHTJb
0 240 9313 UhuDxatElvidMGiSPYaphBFEuwPAPIvasTqUIMyRyFoWrrQuyU
0 240 1096 UpEflfoVEZRdtcMJDuPLocEanKTlciOEkTrjhgEDNvRqlzgpxM
0 240 4951 UwNYzrunYiRHoqAtLpGpZXxzoehxoBHgPJhyjnorZadxxFHRZX
0 240 3856 XABfMmgpaAKtoaFfybOGWCFquvuMpvDMXROUjLErzCYbRQPTDO
0 240 19909 YQFXyLJBvlpzfjnkQgWimGZbdzjKxvWbuVzHXEdESnDkWouWiC
0 240 10892 aILnfcGRHoUOMnYmqQcHBKHKTpcWjUlCqjdsNUHcsUzICSnPdq
0 240 4558 bajqzbEKPlGyBlYTwHPhSqtBBagHTpyLcJfmeneNwuTPqmoExa
0 240 7551 cJLHDJRrhkNossnzZeHzDQwXSuuovZpPMXlyQLBJFZMKwYGXfC
0 240 25415 ePTYkcXHyZnXiwFbTsEQDCBHoHOSuctXQWSooJQboPfwVMnXwe
0 240 5719 icDSwiXTaWIpBJKcAxKvpxTyzXBECnIWlDojicurmMFuLSnpkK
0 240 11887 kHwEAAxEieeAhBVAgbHnbNvYRlzRbwuGhGeIdIJSUDyEeOTrpC
0 240 12099 oYAYQEqkdnaIsYOmzWRlWWKTIdptwizkimHVwClCEWfUwJBTCw
0 240 7660 owiSPzWdATGwaEuxPlbzptVSNHjDVKzfJVHyoOFwaWBwdKCkyw
0 240 18573 pDRdAHjPfstpCLnKKDMJhKVzYUarTEXrdRBdOsdeneAjJAyEoV
0 240 22069 pWGATPXgtTMSWtNaSrPctKvmqKZbrJvEheFVHssFhjkmQPrTPf
0 240 4428 taRfcIzahykLvbHWbdECjNrmuXXjTJuUuuRXoTqidfbFElmuQE
0 240 9941 tiDoKhjRBqAzTTTpEsKNYLyUePNyffOKpadikSYHnquoKWZagp
0 240 29513 uPcIAZALNDRxdvsVvMhdqvEolUpTExTYclJzNkIJcLgTURGAjA
0 240 8519 xtZnUPmiNiewBLfiUlXceGfervDRRSrfAEXvPFjaqeWXPWcaJq
0 241 26579 EmDqasnnGkXjWTZGenzsKDjcXxAuSpKRRmGJsEmGEeAXGTJbAb
0 241 29187 FyNcXIcdJoCdTzQCtgjgvOujQWmtJbomhlKvndqWcTzrAncVsQ
0 241 18285 JoevSNaLXNtwStSuQSNXnnvMHqoeJWPhMcMrSyLhOGvyGDzIHw
0 241 27240 JvcpIUbXutXpVMJFGXeQUJBJxjuNClqKNReNWrVIHGjMafWwlA
0 241 7196 MJQPlHThWBUYCekIsOzlBDJfgRhnTCaMHBNPBHmbfghASVRfmn
0 241 27471 QMDxYGlmVWVYTQRidFDYLloTNwXxELocdmDkfCrHJzSxVYuRlJ
0 241 12596 SndVJVgrtUWDfAmvdsIvIDDldZhIMZNvWmDueDyXqnljYHmdbH
0 241 10343 TVJJtJLffgsRfdIdeBdWKeFXEkKnmPAYIfDrWaslkHzLKgqDZC
0 241 12039 UAotlXlkTbiCRwksOnwvxLuYFGnHKmIDJwfFhTsRpdkDoIIddo
0 241 19210 dOrlJDmoIjJtXGjchLXChKdYwiGshExSNPhLCmUcjUNJWcoorn
0 241 7398 hnsQgKuMeyFpeESFgmCtISzcJzAHhXtPAqhjzhaoWOimezUQwo
0 241 7054 jPIptMfznkkedSQrgEQmFRGVcnYpKHyrZgfFEcgOZAlYFkmqAG
0 241 8512 oFCuiUMdlltxPGUwCOqQwxAFMMqKZBpKUXQQGjoOCtCVKrlWPn
0 241 16542 tOiaODehgCqBkSiSApEZfrEAfAPvuOeocJhJMdlqJLjlPFuJjD
0 241 3351 vCQlXDgfAWqHqDRACjFuXgzCNFWIWiSEWVpyUXWAHbkwLeJxqk
0 241 9924 xIldFIqLCBIUdTjCQuZaFLyzqYIrtvmEkeKuFDLigcIRebxNMq
0 241 24538 ylSGqBPlVuXOhGFZCYdZDRbrvrjbjpBZtqLDkoveBLvGipRzGO
0 242 11671 DcJvjEHotsZZEKZSgMbwbvvWfJrlWOeYJazSldxKEGbzjyeYWn
0 242 26525 GySGDQeNlpzHBaZPYJdBbeCDTsBntpqRYrxbkIMQkYLyWEoPKa
0 242 6265 HQiuowiLNrqhkTZIlALYIDDXspgCjZLeEcGUjrAaXxIBcjARVk
0 242 14378 JlcJIdUtkYAgOYhQGxpXucxxDGAOXbhKfRnxhcrQTyiKlvQEfa
0 242 14899 LvmgzrqjXsunehNwxHXAmhXfvpHYKwTotDvvFZjQLugbTwLXuC
0 242 24050 MQuuYcxCvJTxyqJBibLfIUJBlCntvUQbaUTLVSvLJKjvQHdPFV
0 242 53061 NLMPTXkQWwsQBrVHiDyabvkMdCBPHktJHUVPddbrfrNvPamgEW
0 242 18749 PccFcxlIWLbYpoMPllHdnrixDKvedEkhKhRFfHXJurBfiQhADW
0 242 2427 TOsVGOJfeQBXILoDZWvyAeKKrwpOCBJKqCjYAEZOwmnGQTejHC
0 242 9329 VQtckzKEQpBYwUwtWnAfFvGKbhHeUBjbFqcoOsGRoeBAmZmWjX
0 242 28065 YbUAnCIDkjhHAbiWMGcbDeSSUWwbtulblPlPFsRKalgwInMuOz
0 242 9867 ZRwOywCAqXRxdHUAYUbInjICOpaRTYpyRiDTGkgZqlgZamTMIr
0 242 10927 dREsgXJrAwdnusgxaPFPwFqBSBnDFIatppgJsAfYZuOayZkWEF
0 242 7383 hwfXBOJRdAuQoNEhEQBuaNxlvRknTopxbmqSxciIuwJedSAwrC
0 242 14093 lRVSYbAZBtVBnxFDJMGRCkiFBWgpojgsxWXpyfpHXccnLoyYYr
0 242 17144 mGkAsPAnEJHSiBaoBrdQgreVcBFPmHgPbVqflLcMpfXIAKyPlD
0 242 23504 pQULrKIJAMWVtujTAEWrsVRlxhdjVZmsBEJKwOKOvMQdCJUBkg
0 242 5522 uRkVuinmmFwzDNAIsrpxZElHozcBbFuGkfGEFsGnwoQawllPWx
0 242 29478 woFVZRPTKaoYUBNzsKKPLbdiLxxCajLmxUGACRYHqyBZbmGgAK
0 243 8615 ANaeRXluGNvoAaMmoQJwwDMvSBAfeWkWnCAHoIOUSEqOwmlKQv
0 243 23670 AnVkPidFtyGfYnGeiQQjMfTQbsqzwLRtzweJVZwQosaTpNMIkQ
0 243 22979 BFLWGuLhkpIUpBqguUbhSeObYXzLHLeifaAGlVwOnBosSBspRF
0 243 28925 BtlUqdMrOAudsJgMztflOgfUodqluhfIqTrEnkioDejfLnWsJg
0 243 18865 DaFnGEZWWwpCJkxRyFkYwOijgiUUSpBerdUvwWktZUEtmIMwrx
0 243 28314 EQhPmVcLtAmBwLsCSNTWDcoLxNLRpnqPXFOuEyYFaDjMTqzsDP
0 243 21910 EvpwmpJOsMcmhAAdBfPxIeGmjzwJThVDCgrCHpyCZqqDGNRhAW
0 243 10867 FufccLPdgQyQIqenQhpxGyEGjIJbbWrHfywfKgMwcistFmJtyp
0 243 26419 GWuZDkXphZMilYkdEVMkRMazMKtuYkcxKBpiROIxJaemnQJvoR
0 243 25583 JEAQaEMERKStJmySUzWzGczSPZVSmLrXKPYzsIHQzCHNFxkOsK
0 243 5018 KOUeLyIdXmTByahBYPYMqCWIybaCBdeypBhhdoKPwBIeRekAfP
0 243 24857 OZIXMhgNEGCdHCgnNebwdtRGROxLiCyILINxUmySKYydizzBDi
0 243 4605 PFRIpeoXXybQaoJAziVlefNackvWTezlkvYStPLoGaPlJWvKvg
0 243 722 QdhEfftHOfUicIiUeuNuUbJjALojHXwxSeeQJfRRcVUSfnHyok
0 243 5862 RVmjjwJfcpXljXdvsAuZuiedHCYSmwMyaDDHHZHAGDHAcFbDxO
0 243 19270 UStGiViCPiEqhkKSwWObGDRIgXYDWiKJwvDjKBIYPnopPyLdxf
0 243 29255 YFuebMPTHCtKYDUTkhYmimRUJNVcPAPNpCDGbNmoBPSHGUDKgF
0 243 16626 aMngfOrTHtpEHwDpUKaiRbcHGQGQBHOomWYXYudzsBOYbhaNor
0 243 9521 hLGJTHZSZueoqtBBkkIkuTkeoIuhLMxjyBdcUYoWNFMawBouFy
0 243 26134 iEReBkpspzhwQNcSnvcCeytdMbAIpodsCfgEFOdzaNLyrpGAke
0 243 19262 jgXIVhaQPpFxccSlFFjcXrvFTCGcpXnofoeFGpFJluVZrayfAe
0 243 25420 lBELybwADYBXDdeGZDRhePpmvJbKXFLJQrTbYiEbbuKxfsJnoe
0 243 25230 ollyQHEGJicVpeFMcAjsXXPTLADVGHtNVZYABIKjSmdUPXHeDf
0 243 21497 vPPLlCdGAkoBpGVDVFtLKzNGikpHURSbDnnZdccGqhNshyaXPy
0 243 53061 vVmhqoWyQtOmmTUXGwcRhyFZwgALIBiPKAxRayaeyuuQZtGVoA
0 243 9841 vpFfHlncUmywJaDzgHRiXFCqyWkixYwHVyyPbDybGXpXvZTkrC
0 243 10165 wUpZvaDeEcFRPxpsfTJZCrtwVUbtfbJCRxYJQGWcWSarNJowCz
0 244 15596 ACnLCDfrVHaspXNyefWACqyOlEHFxHxKejnfFhiIlZPlqyncoP
0 244 14355 CewGonoPaPcgmENfgqkLhrIlmtKMCTjlKLNCgPIoZbNqacInTN
0 244 19679 DektneVkiURdfdPjPyJitRBmRoanMdJaXeGniEAplaHimNXKGj
0 244 4142 EkGcVHBrLdeTJmjqiFZAIYCyfcfXKHaQFAcvGvjXrUlUHxFoZw
0 244 6186 HIgxYsYLQwKENqYCjttifDDedvgOcBpeOuwXSBtpCnkYwTWvZy
0 244 9846 HsFIHOzitjodiwlOEHxwGiYUrtvyqotEoACEGNDyCxYYCcnUdQ
0 244 28463 KqvbBAtJILxbzAvpGyIdwiYfZGlOEIxwozfCYmHlYPSJPZUhKk
0 244 27057 LQFjKbUFaGOGtBhnbmkjrbvWdKQrLsExNkuQmDwwuZblhlcVqs
0 244 14170 MYXtqIalaMhutBeANvARtlWyeDnpaGxgLMmCfhjDobTXqJddAH
0 244 26590 ZVDDUxKuFVYkjbOGTkbCLTyEKDfkZtjzngvJjXcTunAQAUOruz
0 244 8945 ZnDawGqTNCUGdBXSGjOcjvQEpEKoCBuJFkNEUKRlzOnDqluVNf
0 244 53061 biJBiXUOvYjUPgWakIMxNcimcYFsdqtXpZaZCpjoCxjEUeOZqe
0 244 23454 gBDUJIgeIKcIlozEtDaabzgBvcYhVpVDAhHlbxKWBlqXBiXXhm
0 244 6603 jqfuxZxqKhBUYVTQHMZFbcMhvlbVprNwRocIoJhitrfvoHrOqN
0 244 23842 jsjNaOMLZRnirlallzGOlnNDrjwKLTtWQhfQHRmjravzKNiEiR
0 244 5289 mNFKLoNzNGIWvcvtfRYxScufeEaCBecjxuTUWUiBCfbAgdViDB
0 244 16361 vebmjPYJjwZGBlCmyvugYwrMiiTVjXGmaUOUxtnmMkbRWcJFxn
0 244 28315 wirVZfeyvCVocbnuoZLuFsXbBSszxpzFIrMPQucmzFnPtTdlua
0 244 7509 wqXTnuPZcxrfZvwbUygatxKZvoWiIwJJrbhrtlHSYaTfzXdJOk
0 245 3771 ATWldblyypoRerPBTlNYnoVlCfZlsdJnuUolqNAzZcDhlCqxht
0 245 212 AXMGkUyPNlybMRfdTQCpcXGSNBnflaulTonjhrxUhSROMQAhKN
0 245 20419 CZWMzLROeqDCoGhXQeEYZkrTZQOkIlzJjPecEsYsothcZZYWmg
0 245 17492 FDnXNRNlkQvVKxCwVEElYovkIYVHIaYkiWwesuUpSUIHlYapET
0 245 25189 GlkFOkgzvqnzBEJsKtjwOJoYMveHJxfHhJonKFNLrvwZNZwSUf
0 245 5740 KsOKFPIJQefDeLoaCxrKPaKBwTySgdtmSFhwggZKrnjkgVAoBu
0 245 19404 MjRGMvAPsWcAKhteaebQJZeIavHNGWEbrHxEqSNUDGmraebZiU
0 245 2591 NdArYqfGAbDhAVJNwiQrhaLpKzRGBujAFXxtWJcfoTVOBvWmBW
0 245 2330 QeXgczVXmqKoCNdtEZUvnjxSLfAHOFRzckXcQCvEVIRsOrdpTl
0 245 5470 TLNhfihPcDPLRzYjeByDzHaNkqwBHujxZuDdnJssCFxBHbngeP
0 245 14584 WTuRGpHtVvuEdZNBmdUSVKmmLyAuAWUYRPkDPByqULfgftEidJ
0 245 3926 WykRBWMjUKiYqlgCsIrnWKNLCoMNvfplWJCHnFKGcrYDFrcOIH
0 245 6191 XVVnFgUfmAkNfiJQXSZuinkCUThWBditxiDByPOkjUyItSeFvA
0 245 25540 XjBaJNUfdbppoOVAmMWMlRqYMrBeSPOSAgiipwvdeKmavDKUMX
0 245 5788 ZnYwXkeJiFwWgkhusWKWdEHlXSOwwQVyVxywcNKDINTTgTfTDg
0 245 4547 aDViveIdmYfZwZTUdEzznblEVPVEIBLmbtnITYdMPTUhVPmLfR
0 245 6779 eFLoWjsfFJtOaBvAebQmUiCwssmpMfSBrADATOHgZpaLSWMryf
0 245 12914 eRVBKkusBzfXJMDhyplvuIGCGQmUvfEwYAxFifnenJJGNKXWMw
0 245 18336 fwAMGTMLzfGhIPWyAPkbVAVOPREYmEoIKCLJZciVqxDZOZhFaG
0 245 28164 ikyWObKtybxrTpaqTwteRHDMiJykQjuOdaGKZsJuVWLtYrpxui
0 245 10998 lGaGLprXARvKIUhjsGLtkwtBbZefeQiPXPZBeGsyItLhxRcfOS
0 245 27758 lHxLcXWyJytdphMbgJPVIqrCuIHqOesAtNHjGWxOARwKuYwPss
0 245 13351 mroiozRNIRnwAqBXTFmQYcXQIkyDTMQBQUTTTXIViMZmEdLxKD
0 245 8544 tAgvzTZtKqzNaaDRpZhdoKbKVTLLOFjwXvKOnapLBuQBPCrGfA
0 245 14100 tRNRuVbEXFMbKmkgMWwGJOzlmoxwqjYYWgFzCUILJaXLUJMlWq
0 245 976 vRyekpDluiSgSjEihUUatgQomHWTnweDiORBCfIiLHiDWqNDAS
0 245 12868 xZSbWyjvnTytfevwYQJcCQaUcUeENORHdjTAwsRPCTbcPiHIeF
0 245 23741 ytDZNxKxkKsfyRVVkIVZrgaIOrAuBreKCCPlaZeLVFKTZsXykP
0 246 16303 ALJCPWMecQCkTuSsUOpaUjhGmETMWIhEBdFTBaJqVuakYJjWOf
0 246 15059 BwbJGvZlLYyrapZoVGPVgCzgEPnZEvoolQdNZOTlxQqDbxKUnu
0 246 28990 CIsSfcyrxBslcCnsgkqDsYcViBzTOsnarjStodxDxUZwDaLBzB
0 246 17590 CiBmbaJnjGqnKaldfSMsvvkUELubODNQrKJlMehGblkAkRtVSt
0 246 23605 GdhbedNMXDTpdMLjpQrejRiYWRVatIWhvLdqXspfosyYmbhgrW
0 246 20645 JoSdRvnbusWUZzwXjelvrqCXWbxFouqSPjHVutmLbuElThYrai
0 246 3843 KtxwsrWmwVkGuPVKqUclBXbKZZwSTgIpWFWGHqfzOqSSEUlBtV
0 246 13508 NgCXkYdppqSaRvtYfUirolFeYvNztNqKGsREertgWdhegmbaDg
0 246 21429 PsdnsyapSDVuZSXlSnHZULcgscTqhyuPMZwBEhAjnGPZmiUeIJ
0 246 20743 QQlshCqqUUwgcnlLhJuOiKtwLvaKGwLhWUQkBfCJfjZuqhROQg
0 246 17753 QVktGTkgZODTbfKMFTuciPhBKPmxGUSzcEVLyeXjIzZHDKxZtx
0 246 25894 QjeffToFZsXgNWFrmqpTNPfSJBPryuCdCzUbQXzMaTvWuTjELt
0 246 29760 SUassmcTEIeYlFyNUSvDwPuWqpaXdFkMaNBgltKZHIzCRzUHEu
0 246 2304 SrBeSqrsVnyhVNTycUUbnmxUGvvUUGZYkKXbXUbmVlfZZfykDk
0 246 17986 TzMBQPpfSMzBYGDgqpwZbQBJSAIoXfzoOxQRMAkrYDWQSuMwSu
0 246 5294 VBVFbcmymTyJIQyzOEvgiXAvzgnzSXHHrHbvdXQUYfdofBfJjk
0 246 501 eWqOEYMvDOqLzxAqHaWYNRzvExtHQPcHCGasYrpYIwyhyUQpiY
0 246 26915 iHpdigfkCBXPqEOECADkZsdjUkOjoDHJruaYxAyaDyfXwhXEnI
0 246 12585 ohMRxKSOUVlzIshjjNWLzNGeZYksFFTYFeJmdlXXumbYQusgoT
0 246 20972 oxjrcWHBjJtGkjubhaHCxSxDdlsNnevrbIyeiYAOGwfbxuKENu
0 246 14004 qSsBWYrAyRLIIePKccLiQvhwMXaVTWJGVznyQTuzBNfRlGtvHz
0 246 18055 rISHysjXFdRCsbxOjBlzxRFzaGlZKNLSXffwPMQaKasZkKRAOF
0 246 26714 rJmuaoFfOFMbUhKvlWfnKLbhJZZlgmvGhxIOQlaabYtZyWvVKI
0 246 16393 siGiDQBWTSDLVhKPcVPhFlzoCEBaSYFcEPgszYDXBNfgtufQUj
0 246 20382 sxPuoAYFLRKqodqMlmLXbKOYDZInOtpTkoTSDGFvtNdLwJmCCU
0 246 24189 twwaWpTHVhFOwSaGDZiCnDWnjolSMDgnjgFksTZlANQpUMQuLv
0 246 13036 uIZJvnXPcmxtKWFaAVahHXMaxrpTcSgpHosUZXICCDkGazVsrV
0 246 10411 wofNuRzyDhmuNKkenokzlJiZBXPYShuhtTbLFKYKbVpPGftFMb
0 247 2592 AiwvchIBcWxyMXLoSBgVEHZmKphhryQQwmzNblWlbBGAYlNorh
0 247 27661 BdvXxpYOzhDJMsrUnThWKmOTrcTuXwjDzbkAdsnOVVbbTzfpBZ
0 247 12301 CCMEdiWEjMtizSWoYAfXAHgraymEjPfMRmJvuPsaVavZkeUHmp
0 247 20608 DyaxZhPiJACtxloDukbdjRROkEgvDtdPzUHAAgUXRUxbawezSL
0 247 13009 EWpThUDxtIcXywDbAgAZAJbkNtpSJqhMFZygdzjMDxnbtqjHgU
0 247 18545 FCQGvYwvIaKooVffJjvYuegXhwOaolQaGXiITBBYWVczYohbbT
0 247 12474 GczgAZsDjSkslznYYgpLDhKXxmSWmXeEMfcBOWEYfpmCEANvgO
0 247 8907 OmyuFncRsUzZOSedaHqirEMCUSvpGdOUQCxKTpCRPbYEOdAttX
0 247 25844 RIGrHblKWeQNlwusbMbgXlvoCfATmvLCJOVwvHrCFDtGTAqKee
0 247 17637 TcagrvkCmJmvqURRTQosuOjWeesMDliujXxFrgZPohiyvkpUEo
0 247 18961 UBIhEklVTanrqmgTtUOeCsvROhWZETcOzbgLMsZMROmfTInDdf
0 247 9226 UvICGVDwoPeqtjpBTIwCufonDqRrlxCxLObWtIfMEpIcSBlzoN
0 247 29411 VAUIfAUrbslGatlgPlegkqOpLkZGatOykEkxvxNUCvlXOvVaro
0 247 1454 XwwQzpOxbbbocVBOMFivAfjIPJHhDLnhPyWmCzUPxfjBQwgkwU
0 247 27371 ZqSbrqaAKiJuczzgZTEuzhEHgxYYNPrXHtTajEPkIodHXFNJep
0 247 4947 aKlcSjsXhQYhQITMTufnWwWhdjyWtLjZHjPLpyRwrcMlYbLYmH
0 247 25050 dBQPnnHoOrtBgJNFcuUuZYrAEmJTsglZWmQtdNIzeDToWDIhhn
0 247 13465 jzNbDeWwArUGVTgkRmWfSRmstFoIDFyVyBOOAkzHnXSuEuEeWf
0 247 23814 kxYRcfxMcrHnFPMURhBppnvwxFoNgGMYprsYyMzFGdqTxtwStE
0 247 6097 oKKKiDlZeHLMkCPSljPbtRtlokIGXDxPfxnqBWxOHVUMKBpgtt
0 247 12179 opvscsiLnyitOnIPMJYtdCexuPikbNCqGATygZofZuexnLXoSC
0 247 3970 qudxoJZPCqLsuKjMEREPXlMpZgtdMuRMfxzWLgMDSwQFdMzetV
0 247 19408 sMDReSbDVIKdNlOMDGjWShEojbIhNDnpUQUkjbELuBJQFitZMV
0 247 7835 tccKKCLicoLHOGEEERBiAXzEwHKcrCguWDDJtFNzMgbtBAfuZL
0 247 4113 uVfGkDIblNXbGkmqIEoqGFfCisjmcOIYshYAwSfpAavIjhWNGO
0 247 15379 uWQFfeaGjvTJPGVocmUOsKsAuIqjNfahjkUFwaoKYPIOEISBrX
0 247 15934 wTfUKwpfsqcOIAETipfnTBZFqmZBXKuSmfYDwutrVqqRfGmtaf
0 248 1076 DXnDRPaPMsjFqwBZVtuNthFLhmEFidSqgiHbZaYbFckZxihFRm
0 248 24554 ITOkrPTLvQyEGhBXdZuMOSBSUitvqzlcSPvhrOifdwWcuCcZLT
0 248 13639 MoxZzalPOJLpbbIesXoRgxBGWrcCkjMwFJNjNrTOQbJzwCWgHV
0 248 27247 RiEQvACIxtbTrmJjpUreNuuXjBOHwCKKwVXpAxvRdxkxHweYeD
0 248 3292 SxjEHIGdKQezlhPPPpfJqeZpXXPAgywcMBHqNdhujzXaWIyLjn
0 248 9791 UjtbiVYDloqaislBSvAcbQYMwZSdbeBTZcmTcNlqjGLgDjDahZ
0 248 3407 ayKFgjqDHoEupSeYPgKiIXDcSawegGudKUiiFRflvJHWGbRhFn
0 248 27848 fFbzXLuZwOzzHvrUuaMNhHpUltEghDUHBXUCsjPAzEDJwPSkxd
0 248 12007 hlMeOEgAipDtERnHUtgUkEQmQHoktwSIOqeamLSrCVuLDPwbbE
0 248 20509 iyIaBcUNeVenhVrJCLoMvSJzscCqrhqwdAnGQgYcwciwviQKxa
0 248 13205 jmbKFJHUzcNNLPfrdfHQBWCFqGSnZYmSOToIExYIAQmshBRAnq
0 248 16135 lUyMToDkXtRqZcLTtzUNpmuNzqUahOicQWWvucnZyFAwFOsVNz
0 248 27578 nxnfuzvRfAwcURZzjUadDotmrcAhIUqSIizVBPHscJczTmzRdg
0 248 5731 pfwoOVQpRbPgAjGPsRriylphhfmvtDrbAaMBMUfOpWGoFvUiMz
0 248 23316 prPyCscsYRKbfMtoCAMyKELTjijuOLdUHqKPgKOcCLQkHlDOYd
0 248 3574 qgcMuDbmZcGUyFdMhSZdkkUkQIcoeQwaUFKQwiqNCxeAmsHIlD
0 248 22327 rauTRUHfvLODPsZHhvXETtAgdBGTPQKKObAzmSnlfToygZNnPS
0 248 6855 wxpQGfbIbVFokUcynzyzbltXUGnuooRYjOEdFRWpqtkIVCHebg
0 248 11858 zONysZdKxrYCYxvpUszdYHzzqoUbCMakgSVnnqZWCDOaLWUXRQ
0 248 2328 zdOvObIaOoKdwzcmHsnvkKIoHzgNVoKXHLUQFSfvyaTWVZzIXY
0 249 26164 EWGupGxMiIyXUEsMksXrBSNRRXvyhTtMXBzpXiSiyKvoufzToI
0 249 53061 FiqCypmtEkgBepPxWfxeQgwjUwDEKvwbsJtTucUtHyfdxjBsbn
0 249 9088 KAOZWNJYXxJzNfsjZayPEGIxhsarIfnxPhiSxUhRmAicFxTgoN
0 249 27392 MMqroMcKAIOspPoBJRznbuDyCeszQRaTmanHEfqOMtadoPwASa
0 249 17485 MtwUfGXcIwrqIDeMkhJNUauUGRssJyGsZtUxMAYhDSUOiKvMWk
0 249 28167 NuNDGcYxyRitUYLoMKCuVrQnQGzXruGwsbajSYtLFeCoFiPLEd
0 249 14846 OHxwpAGTmdGQSfWoNKuHTxhUeDgrHDlASdYBlQkKmWiGcBiGvY
0 249 17946 PWyYSyZrkYKujCHvAJmBKehrDOuJrCwPJsKKIBltVjraGhTcZp
0 249 22948 UDpMKjgntcnVxmZKdWkfdFBTrfwIRmqeTADNnllixIirGZDpwm
0 249 5887 UOKziPhXyqTfJMydXnvYOHiOjcdCCCmeFqrMPaoUgBxXpoKACd
0 249 29986 VFctjKQenGHGgYprpcuwbVpOEeyZlhCDxxuJMzDQmGhOKeMSph
0 249 15167 VnGlchxLmvHAnJWKYTbNUpNESIyFjoJggQiPZBDiNPjWFHalSk
0 249 21529 ZDPbgCBNisURDPJZMnQRzjGRukHyOcRCyTGWYHnKnRyqHlRdNA
0 249 29531 atINVcBLSWgeGVicGcaMDaIrqfReuvEpmjIjWiyTGFXtAKFiWf
0 249 27626 dxSyJTkhLSNmCytWiVvNRBXlhAPRZfOPhRnZwkOlSItpLcBCdr
0 249 8996 ffDVoUmRGxfotNFyImOWxQLlELGhdOppwLQtHPFOoqrONiCNjN
0 249 27124 iJruCuiazujCeiNGvpDmDUlihQDBOeyNfOvlswUSuFliCImTpZ
0 249 28800 idSYjbXnWijSLrWTNGvJszrCmKYLgFVLscIIbMYQhxHeXwZUhc
0 249 10365 iiIZeWpvvpCJLpIusQSEyGbHJIgnNhvPCZFRZHxNPEKPwpuOqs
0 249 13341 ikZuXKdNTptZwoLBiflSlwByiQxFWrBkKmcaZdchVlYESMTwmv
0 249 25892 jjCHaEKZZSYTHwPbEVesJPPeDTrnliLnMiMLBhKigHetkqKngf
0 249 18841 mqZiXCVZzpgsQxlvJxwCRnYcIShAVkUXcnJXnFpvdRaDVEDMwX
0 249 25989 phsWBvbZYwPrGPGpMjDfinoRwWIrjtGErWNfotaxUhDwqvVuxr
0 249 22100 smQEDoxLxuERTLrTIcjCWLtOLQxjWAIyGuHtdCgEnNBYJSUnJf
0 249 9808 uqXRKbCUEeWFoCTpcrtKEImIpLqtmiUtQywuSgPUrdBeyOclbI
0 249 707 vLSxwxtPjDCGGainbgBjhzDqgABYDJfQSbwSEOlURJQbUTzNBm
0 249 29764 wvOcFqaJbvTxbBrfbJaNEdgjmiMCFLnpsOUWZAfmZvnVobsCrQ
0 250 26326 BMazpUwAgCLWCYvAhqWMoBUSVzjgtnUntqzrUXRoAtLHnhuHsh
0 250 10026 BzFEWeRYgTAxOcxkxpuXSzeEDnPutIXIAVNtRBqxAwAWfKCHSA
0 250 14420 DtwYiDcoLboJTCdwnYaTtWgNZiLfCEerfYljTpFgzDYQPLtguG
0 250 23414 EMSgwdUDAYoQdKmHKXKSYCFUghbSnmyTsbGGILAUzeybLlxTjk
0 250 6041 EVDijgnIcpupkyYxbgVFPYvihWzHbbYCJZGTjsmCdYGBimPSVI
0 250 2710 EcKDqIlCqupaMnxBrNwteHwUEczrseObqUqPCphnvjtSgPNqZV
0 250 25124 FGRfnzjmlczIFgnopYsmHyYlCSSQjtRCFMZfCPWuFRCbDvTNLr
0 250 10964 JCeCBxjTXLyMcSeJblNSpcDSPwDcCiKIynGEvqcNLDLtuKNERk
0 250 28744 LOAZNQFZMJKDUHyCihIZUrFpjdCbaZDbGtocnlAoMCYcbdFhIz
0 250 29497 NzvmiDDlcJTaAdaFctGwdZSORynREvurxSEGLbyYNjbmaCrHYV
0 250 26491 PjZtEMDDqnKwpcBKfBjQWXlmjujdvZBFJkOVtPsrggIiHPBsfS
0 250 13653 UGSuxwWFxTALcDOtwVscZQGVsiVYxqyNRAfPXagcClTJxnUeDr
0 250 7228 UQhukGRfbYDfJYlgTflBwvQLewFXlPeTvgyMAXDLmTvrHdxGwh
0 250 18483 XXqDsUssyaYAvFVMqVoaXlRMrHfbKimfZoXIMOCPXiWbeGNNPJ
0 250 27781 XkzIVnPNhoaDtxZZURLpNgHAYZvAUtUuIVLwVPhmTDSFhGCTDK
0 250 19564 ZlRTWQOXYoGRRPlHvEKWrevehowslorhbLIINdytoNyqWUhLSQ
0 250 23721 hTvNEOPRqNUEqtSqAJwZegSemmkXLrvbYjlAfQvLRbQbXbqtaC
0 250 434 jbWxMeoRmniqWQFmalMghWDSKcZkPpvtBkoPKVmPCHfQFBAIyf
0 250 29979 jyDjQvZGABRYLbSMuRCXDMdiskNGqQXmMkYcQLjccgSCAvFHpA
0 250 25279 lvcowbYQeBRwYwJqBQdaRgGKxZZKYVclLGqqtyNpROsjtfmUny
0 250 28264 mkydAwTQUYPeOtFiOeBuAIhmaxlXmueUkBexktZNWNpTzfchMm
0 250 29623 sCKWzziJeOhyeFVEEBZREYOXEibItyYBUDYXxbpGBgzTmnmzep
0 250 12652 ujiTgFkApPgRSfkEPFnHqbGGJktPCZvYqErQmbhbUimsJmGhxj
0 250 26151 vCxdqQLdJXzTyqWWshXMltYhKWLUaMJpxMPegfGgVRpMABwRFB
0
0
0
0
0
0
0
0
0
0
0
0
0
0
0
0
0
0
0
0
0
0
0
0
0
0
0
0
0
0
0
1
0
0
1
0
0
0
0
1
0
0
0
1
1
0
0
0
0
1
0
0
0
0
0
0
0
0
0
0
0
0
0
0
0
0
0
0
0
0
0
0
0
0
0
0
0
0
0
0
0
1
0
0
0
1
0
0
0
0
0
0
0
0
0
0
0
0
0
0
0
0
0
0
0
0
0
0
0
0
0
0
0
0
0
0
0
0
0
0
0
0
0
0
0
0
0
0
0
0
0
0
0
0
0
0
1
0
0
1
0
0
0
0
0
1
0
0
0
0
0
0
0
0
0
0
0
1
0
0
0
0
0
0
0
0
0
0
0
1
0
0
0
0
0
0
0
0
0
0
0
0
0
0
0
0
0
0
0
0
0
0
0
0
0
0
0
0
0
0
1
0
0
0
0
0
0
0
0
0
0
0
0
0
0
0
0
0
0
0
0
0
0
0
0
0
0
0
0
1
0
0
0
0
0
0
0
0
0
0
0
0
0
0
0
0
0
0
0
0
0
0
0
0
0
0
0
0
0
0
0
0
0
0
0
0
0
0
0
0
0
0
0
0
0
0
0
0
0
0
0
0
0
0
0
0
0
1
0
0
0
0
0
0
0
0
0
0
0
0
0
0
0
0
0
0
0
0
0
0
0
0
0
0
0
0
0
0
0
0
0
0
0
0
1
0
0
0
0
0
0
0
0
0
0
0
0
0
1
0
0
0
0
0
0
0
0
0
0
0
0
0
0
0
0
0
0
0
0
0
0
0
0
0
0
0
0
0
0
0
0
0
0
0
0
0
0
0
0
0
0
0
0
0
0
0
0
0
0
0
0
0
0
0
0
0
0
0
0
0
0
0
0
0
0
0
0
0
0
0
0
0
0
0
0
0
0
0
0
0
0
0
0
0
0
0
0
0
0
0
0
0
0
0
0
0
0
0
0
0
0
0
0
0
0
0
0
0
0
0
1
0
0
0
0
0
0
0
0
0
0
0
0
0
0
0
0
0
0
0
0
0
0
0
0
0
0
0
0
0
0
0
0
0
0
0
0
0
0
0
0
0
0
0
0
0
0
0
0
0
