1 150 27560 TlFSbKzAIMEIhSNtrjbGXxaXQSPIorcAUhsXpUjNarnnHueWmi
1 150 33802 awgsUuEYBtWEnSuUiekCMIafMmtgNXpgyVoozvmaNHkkmGQLfc
1 150 23858 qwwXrjfuuaovWbaOhdYkIGfSSbViafJdJfFzRBiElwjewzKAlg
1 151 21497 XcqNrYrdTooKyTlOuorAThfkrxjTdTVkGWiylwemSJhVeHVuaY
1 151 33745 dkWkNMDbOGqHydcGqxWrwyKKDkPyWZXytSookRXzHFlXFtaJlQ
1 151 27758 lkfjuFZDyPTTVAGeMDCPPAxfMRURCzzXzYXroTJnBQhTFHqOps
1 151 20062 sEDkNyZQVHyQMeVftpkSfjtSliyzEYtpRnmyFEaSCxIrJLNYFk
1 152 22896 zDTyDXAbicukWPGpSLJKagsQKmzxygBePEIpyrXCCmwJDXtqpS
1 153 22186 BxxEgvCWivURXniJtgpfQfoSKwVmHdTkumnxFNqLukCufCnpxo
1 153 28666 HJYoPoHKuZxZvNJlVbmnVNgIqtEqQhGoHYeHlAuOANWuzJhbEl
1 153 24256 MZLrfDKQOuqoNJawlkTrFPSsYlJoBZbHjxhCbPUKjBaJRLdkSg
1 153 23299 PWNCnALGqynkWLONbBiLtzbEDFLtjhUBZetMiQBEcWSgopgYbl
1 153 29667 iEDEmnBSVFKdOMvzTQvEfkHODzdktQeXLyhsRKNJGzvRBzkYUU
1 153 20194 oyNJkBlmiYqZgzbVoLufHhPPXhfywQhgRvhPuJLrSaTnvcwGCu
1 153 22472 rrcdHgypXVBbmwyRKgAeXLVkMDVfJdmjYxAnsHACmgPoKwSzbc
1 154 32063 RaImIBbXQZHKweWJRpAnbbllUZXpoVmwiEOgzMEovDIUHtcmjt
1 154 28339 jAKZpMlOJWlekfCZqXnmunGEVCcyORWOmMrIdEAnGEfOLdFRgS
1 154 30329 rssSECHbhbJdoDUsqOcAJOcRhaAbQmxocVOYdMljRRutrIpQNS
1 155 30002 qzXizjXxwgKJlXxodbXLgQKwMRErUfAtXFOLliHRsCIyemJklS
1 156 20298 CXFKngIGdNqROPRigtkVzVGNmDCAGSLOoJnUXkwIVmnVZUtQPQ
1 156 25157 HKIvmSkvByUFLLiVWZckZdMTvHOsjgGthAlLVeAoSsdiLyFBdA
1 156 21386 MSznJBUyTBRBkcLxZwCgLNRRIZmPoromonNJfNEtXQDrzhYYdF
1 156 31773 MkgQfTpDfwgDWaYVysZoDhHQccbAZLQojsXMUvChbpxpFTOCgo
1 156 29681 SkCFFIIsBRoJapOiCXEFfFtOvhXfTKkyMCLzZGazCAGyZeqfJs
1 156 25259 WsbdxnJiyooDQRScrhOeWmSYMfMQstDkqojsrxqWvkHvBoRNGw
1 156 24080 gtXJLQkoUIIJeKJBFjGTmhhyvnAPKvKegSKAINbdNSJHvdHwud
1 156 28956 uUXFLsmouEKtrgJoHuYnSSsNPuSQVIbdIDvxzohbdjwTjaAFMF
1 157 24526 HTBrKalpRLyVKQftvapDKDKvaohxgKmZoAxjYYVJkfigfnXOqj
1 157 28923 MHipElkBKCzJluhCojccApEkukxGpKkgcZSbHbQsuGtOFNPyBI
1 157 30483 sNXzdCSTqlAsCanasiFmkdYnEfmaVHYvyGwxDkBNJBjhhCoTdf
1 157 26959 xwGpasozEtwxecvHDAIuToVHrPsqfStXiYxwVErSCnCsITVqgH
1 157 34048 yJcPXuOoLQxhczTqrPMIgozqIywBPNatRoZHqFyZAWaGbMeEjA
1 158 34671 LTsLiaStluPVTvxzpONemnGlHHofOplyJXccOUAsksxYWCVpug
1 158 31877 TGcAEjdxOoMIycWmvQZDGqoZaTDBKySbehYWuhUuWYWDmJAtwi
1 158 32276 mdOlyBlKjWAmxOGuALKTQPmtHWRAtABPUYdKhxjALpXkOwQAqU
1 158 29041 yKRXEuOmQaONkFbuXLLcjPwkpNQyApuaqQYiYljTgZxXGVTspb
1 159 32645 IQCheozKpEzEWsvzWWvgXllhmmZfSmfMlsSNZEAItbJebBPnna
1 159 21988 gacTWUSCKslXkqStzgqMimsxlbhlDBBXhWesagdlcJwwFHvnaf
1 159 34398 lTRGWREjfxsaOPXaJUcifmMbXpluLkcBBtIJfPanifzMArVwTo
1 160 22149 OdoTwmWWmcUtqSRNWlUuHcPvlzkTPiuLMEyOiKLMJxoSoVFSrs
1 160 31606 kqhEqUZYXURupHULVikNKTCRcKxHMxqefCBlhMkAXFegfcVARQ
1 160 28975 zYkRqvVuiApasTPtKcrvTGxBqLfnEMUBSidiszHcyEbrtgLsMy
1 161 31906 OCqJLvbDbrQTouYaIKMiymDMJVCNcqXYKHpCGtASuQnilvsYrp
1 161 32412 VAutigRxdaxrIeTkodcJnaiVMOkyjUauMidVrmTUOAMpUIMiVG
1 161 25069 ZPHAioGFDLazsxirMRtExjEPcAAsnFIOPZxGvYOoGCIbkBFyQd
1 161 32841 ZWjRWRivTTFuooxlWQfSEBEXVgvfGYskkcsJFxbGRzNvEZraQB
1 161 25840 xrlZynsRNpTmNKQQVjbAPSKncaxAQAPnERaBlYDnyqEuwwUYjj
1 162 26629 QkLGpvvlWOosYQLVgJtRAQpytRLcgvXGesqVycCqjAqvMWAbAG
1 162 20301 cwhNDnwSyaKufSASCQrzPwjtSlNgeZdLiowZRXlxXvXTPHFWEF
1 162 33918 wPzKCOqhLvqIXkpuFsqgwQCMKSgRvGQSqKuwZsDtgFrOLeIcla
1 163 31688 IJKZcPbWJLDYJUhDdxaSezNIShNIwdHsrnuGLCQOZpNQWMWTCw
1 163 34516 WvmjBbIRPRMHcLiwkkfMqDcgyMdSXMLtkLIxvvPGtauHZmsbnz
1 163 33299 pBmqaZLwHlHMTcnIKZVNiuLZfUrjuIHqnhFHdMHMdjuoVrNVjX
1 163 22822 tPRrofcvsulxSiDczlZyjTeGfrTiCklClBTTAYvTbgbVclAYdN
1 163 25215 yHGxKPFmVmcciJuSzzcjYzioqSDmsYLrOjgqxfYsAcZClwmRQb
1 164 22654 UNTuGMhXHxcoXGERAidEArsZKmarZMJbIfrpaZQwTHYFNaWAak
1 164 27398 inFepyAFaQuQHSMHtlrrcgnsIHcQujNIfxhrUeFBOsjrsIYsCT
1 165 21422 CtwUrxDjHzczKaEEXuvznLOUUGSKVBIlxykanzgGydysHSopEZ
1 165 23553 SYwKOwzKhRvnQNBiHsrnZaLWGroRXrEISVczkJeldgGinQgIZb
1 165 31896 XhHFynRBEyxIVmpumsWCTgqxQUGstVRBehcvZOuuVyGqEETFsA
1 165 30585 cLHQeyHKooRGRInqYtTQpMQNYrumXAVVKkvEpDEiXOYPzIPVnW
1 165 33050 iknjVlPeUnAiDKAWWTYLHhwHRTmZuJzHJZoBkfkpNFVpoZxZPS
1 165 31340 lJhisqwjClJUQjHjTToKuUYyqItijRobKDkbUidMlpxeOOXeHG
1 165 29919 lSPonkggVNIkOJblhajOhDwQCVUVQRxgoYYEVAEZkmWtzPdELJ
1 166 21273 EsrrrUXlZdQPCKLTbqQlCRjFkGRLqaNpqvfxZbgGwOWsmZFKGP
1 166 33727 EzmxDcehzACDqMaJxDfWagRxZIibUhgqTccCEwULtFaTwTWlNY
1 166 20434 PslpCpoJLJqkceCbvdrdxmhqPCpATFnAyPisQNIGujlVBTOjgt
1 166 27198 awkddDWLHHPMqDsBvzRReKkEtRMfQhjqXlqFaSqdrRfRjKAKsH
1 166 22645 jaIXoDrlaUWrUGZeXWZxatPSJlPXqEImtaMtTHmBmbVHjxLsLf
1 166 30242 kpjwAakbNuXpuXGYhIkYkKBcwDTyRgdcZONVbGAfzuYnxoIwuO
1 166 24769 lTeAEkYWNTixjDxfUfLiNLPttgdvduUbnIAaAAOSjBWsBxnuNt
1 166 31136 onmGYkOFzEJQjQBdOMzdopHnoCaObeTVhIRjnaqpJOjtcNsYiL
1 166 24838 wAKZBrQPFSgzQniBWamXmCdzayFYyniyVCQnerlvIFtuPZPCVI
1 167 26362 IpsLGWUGrWWjXJLrPWoAcMlXzLyCSManUAKTxLrAuQtEOkHlJq
1 167 26068 XkITbsQCzQUYwqiOPCjkQYTHQITfvyghjzrxxpQnzuKhSveiSV
1 167 32480 uDodyEFHCTKqANkHmtdZuSvUTZBFUPuYIYNoHRuxaSPBibJcXB
1 167 32167 zEWOZcgLFveNjNqdFQypqibijEPRzhMuaptiFxJIefRpmRJsTz
1 168 30105 IMmaFWPoFsfyuHyEWErPYxnarMHXFToEdwXkZFqPeiXmzDcYjW
1 168 27656 KdaHlZmsRLMSpMTEzsDNVPImEvnKgsRaSZdMaarPMcaIobQqMq
1 168 26309 RCVImLRzPSRNCTGjzFZMpUjxoAbIZOcJTRQpmvOjxNPpeHxWuG
1 168 29167 SckbnkAQFsagnoJCvdQkdeEFHYTyvMNTRBuzWOMrnBHOMhBtbo
1 168 21753 gMMijdsyXpLYFHElIObQiJjvJjpxOQcKSmkuXyBGTWzpVcgcgj
1 168 32852 nQVYIWFHSNqElWDyIGhfcjCwsAnxMcdGjEjrTrvCZnteYtZmrP
1 168 33703 yKjcdDWziInXChGceeQeMajckDhVFGJdGCJlinepReyphlWOuq
1 169 21817 ATVOrqLAtYqCZUUOngVOHdaJjjGEpAfEHEAFwCDlGQQGzIkWWW
1 169 21198 DTrTZirqsUkasRBkEbmIUWAbqCvLmGnUZKgGuAnLCJGVYyyIFQ
1 169 30392 EoqtOhApBOFfYXCrplBMdybJQjvXkjknwUElICafHRjHuWVSsn
1 169 24922 IFyCxoUTaybiCqQLcDSPCotsopOQbcpSWbAqMUjpUfRZLJUBgB
1 169 32106 IMhrfzekBqzUiabXaQzkcSmlaUQxZNbBrFljFgOzMTZZVTMjIp
1 169 33158 KNZkAVOsGLvWrMqlgSkLkapDiioLGfPwRxSxKFSWJYXEZFJUNR
1 169 33214 MaHjCzzqiRfQaFPMmGBbAxAFqUvcyRehEOJuIuoxalAUQnHlPC
1 169 27284 PSBVzUrsjtobWPmKwsJzrFTxZBneyfpTDXuAHKdPjQuveRBFpm
1 169 21422 QdNHYXTdOYcljpnNAsFJPQHNpiQQmaPTuRVTnKiPmdZBHFclmi
1 169 25458 SKrWwjlAeSStURWDAoCMWRjEyXgNOwWQpFLZqmjYoLAXvBliIh
1 169 26416 SMStlwdRhRdthyURWrWgtQQXmUvIxbeNrgtGIkCdUSDtQbMcWS
1 169 20257 oPeAgTEFdUeXoMKeuNMQuzwHLZYOBfemugJQSYxwHCcrQFvPKx
1 169 23283 zbxJjMlqosjPawooHtMazIVKjXOXFKeiMWaLVgxpgucYWcKPKv
1 170 31833 FshSAYFsfmawHlyrTifvozyHVlXYyqxTMcECNLFbDImuuZCIad
1 170 26473 LNAzONxLVxHKKAFRMlCEImZCEnwwrSvGIDiUtgwFTAzVaGQCaP
1 170 20054 QpmtznKReZQCTRdYINJjplDyeBZwODLfOiYiLewCYgWEmIMskt
1 170 21672 cfRFHvNQnMvCEiCFiIGsVYwvDuBFauhqdcnTWzbNXdGWzyvRBs
1 170 27533 ruXbOekOYodlNiXNQEojNpGbEZfijMWfbWHVdaEpVYsvdCLdrx
1 170 29173 sPBGOtutGlkDMjCMxrqvWrbuLepoowZrhlqMeSFeuWXIiJEmhF
1 170 21942 vTaXXqCHMCtkHqGqYFbEiaMfzEIYmBIiecgYTdmfukiCYsHlvM
1 171 29481 WcCLDYjNZQLGQRTGmGsncBMhlfZXDqfYkwiaeTxVZHXAmPJlUC
1 171 31898 lIIEYnOnEzjTRCkNWwYfNUTUuzmBzMRIwbBqLYWIdGZIxUDjLj
1 171 21499 raPSDyJbOeWzgdThqhkNBcsFGdoMsNuuJEaCyqJYKmHIJUSLpN
1 172 29251 JCKmOdGMVDvhNaFUFmJOKlEFTXkAHssYsdqTrYqEflIwZwpsPu
1 172 30758 LhkUthBdOIWYohysKEnuywtKMVTbLwoodqApuqjlRHxHWPRNmI
1 172 32932 bDsyYRJzBueZogvCwCboedqvsEimmfxFGUXlUjNvrdUzhCmIUO
1 172 21363 wGRdErbkplgBdQSgbJcMqHHUpmLcBwJNERegXmatigNSauRvAf
1 173 29676 AZgUAUTjAWbiyzvgsqlIuOgCaJzxYwbJGDjrabtBJepFKWruYd
1 173 26895 GdDxqgPmHPHeCoHJQOwEuZGOZuJbnmJpdBHHZSjJoPYfEUTeAN
1 173 28685 VnFayhFwiTEBNsRbyxzcKTsacbMSWPhaIyQGZKdTtHXBqTvggM
1 173 27053 jwpswPIrRosuDYcovUHBdqoXtsIjKaLMulDKxAKGYxneBxCyns
1 173 31059 lADPPmhMRUuMmxtxSyRxhIjNyZSqEsOqkJPTBrcmoPMNyPezPk
1 173 26416 vpIwzIrezMBFvvqZqKwbamYYUKOVSUJLuOiACxuOCDJPlBUIan
1 174 20145 GTRVTylzWAFnbDqYwpVYoWJxWUoLjgMrcJSqxLKheDTOeUQPst
1 174 29736 LBxcfGDQVbODxBpNNONxJuLWzghGPSJhfRCzHwJLapHRgKdsDx
1 174 21012 QpdTzCAUNrbRXlYNkVDHMfmzqyDvsHAfrRiIzIBhfFzKlKPRFx
1 174 34962 koqUuykkgutThYkxsBrimcaqMvlpLETmfBNbZtlvzpwANRCQMF
1 174 34160 mohKXOUymWZzFovbPAHYQszNiNYGtLJetgbiBwVagWJofEksYp
1 174 21901 zBEruZwkYDOIJIcpnFuRLvLvBcCzTkGiIMWZhmXsmlTufzdtgF
1 175 33383 IBbNTOaWvcCHhQFnBECJQGysdKrYOHyvAUuaTLHzURHPMyWbba
1 175 24604 JLXSJbMQEdmSxgrFiQuFoSvLuamHXlLoHTNMWuBzJbWXZqHHME
1 175 32319 tIKEoNkXtIDeyTpBttaCFmLCRPOJFSlCsqhzCeqbgacIXJwzvB
1 176 28447 ISaTfRNmIUFwIlWTFCtWIADqtXLiijNlBveIcYtfhOxEUXNhAC
1 176 29264 SGBHVFMwghfSFedOcckQnmPcnwcFkBeNgJWhFgaNgfIbgIPYvC
1 176 21656 TUYLNOgITKMgAsPKoOAqfdfCFEqOPwiQqQBGOtTQzfexZPWDTP
1 176 24247 iRBlcQFQPsSiqJgxceOXcjfOiOUZIvzRlzRcYFjcrCwJDsojXm
1 176 26819 muvCuIneBJusPBVXGMNZZYhNmbUpkwkinNqGOGLaUYsnBeZIsU
1 176 29785 tQtmrxZSSUYSYOXRBRJKwhTPdxPSVAmANRmPGqlLlbzXbifUtp
1 176 30771 zkEJcieArDYRLOQyeiVSXwzvGWueqOhcIOhdSTslhucEAUezTV
1 178 22632 pDmECKZXZykHzvDJFyuWtemdTsyRtDgRkVXMuZDkhYYvgXwFMm
1 179 29635 BMJzOYwtVcCaBIQgbUzGMoaJjgZahXEJgeJqeHdRVprpMnkEab
1 179 26214 RzQJcuMfhtcfuEiwemkmEPLtaqnaVSVWdMsbWcIiZrehZwaHPg
1 179 27010 TbdhgjakwqFdrPInniDvMycvCfLRVkNDLJtpQbQhYnCTGimyih
1 179 24306 anVsOHpMJWmOLFXlxeJNnMBCdGzPnxTzoVYGZttwSJoNLDfxUE
1 179 25452 iHXaPonPkqhunZtoGRjJBBDkQNzDweGQzKBDOBRjDSiKWzeGEv
1 180 31512 ISbclVlczlokGOknyyGGpuMlGEZWcpUhaeFguknNyMTsXWNOJH
1 180 20870 PTnvWSvPpHqneMkWXQQJDszxJdysTAmGjmjPVspSbZRbDEsOyc
1 180 24845 UjVIdwAtyRsjPyWaYzFTxXRkaJmcCYZJWplrbuSUuhjHjeUGza
1 180 31319 dUkKLndExcaRtxcKstPNzqWXTAAYWJXHcUnaqBzLdOgSvggVPo
1 180 31588 jyciCOTjnsfjEPhcsyjJEUrohZjUTzMISITTBPrBPAIzRgwHpX
1 181 27908 OufTxQhqynEvxxDqwYnUEAYUsfyVaMMZlzNKdRLnWZqbgZyYkk
1 181 28219 XTHDZBNNELmsxCNGpzWROwcschWIWGulNvBAzLOSTbqWebnAQQ
1 181 22115 hKFdAVIDWlTriXTpOwdmdEcKNNBnBtfnHlMMJYAzrHGiLRsWoA
1 182 34271 FJCZszgVEhleIvzXYKmhDgUAaiGYekXjXeBXHqGzcWxykscHyC
1 182 32126 VjyQgqBKULahfhgahzqYxEWygWmqnfFTPhVoHwxZMCOPghiUqi
1 182 25131 WHznnTZDUtJLyUAyVaNSfzPsUzQeiVeSKGOjRNQcmedpyqqlxj
1 182 25073 eAwRduwpPyTrpaAGAhIhurkuIczhCyrQcFInaxAqToNszsHAvz
1 182 32256 jSvxOmYIMbOZxqApudBUkpytBCEyMHNKyeLtLRpIJmKUNpcAdK
1 182 30484 kMobRJCOBeaRQBFRHOomDzcwQUWhpReWolPekwGypENTHwQkkl
1 182 33593 lwZpKiPRGMmnBmYLEmxBWsxGpFYmqYdPcdhNVmjnjMYILLLSii
1 183 20880 GoNPQUHaPgpGHARJtKGilKmnUCDBjsPTpxWgbERDFlZcFBgTJV
1 183 31509 MUfttZlZprAhZoepydoVChxCJgPGBhyNfweIsCsDDvKjaBfuRg
1 183 30699 PWsNZmByNaJJAkztdpHSYtDyOehmvYRkjoPWobTIWWradKOSBw
1 183 23992 RZOGFHsPswGxLjqksNUuMauYtWyObXvniOXjTLJBBhnAzwJpcD
1 183 31064 cucaxouWMLbjaUYbdlHbODDQVWPHVzcFFbiatpDRszZzObDlzk
1 183 31898 qAmKcTMomKIJVpnPXzuPrkYCgfTsHjOdvWvPsMcCtEoYSVNXVX
1 184 25964 DDNsebmgXSlsPWtYYUTSEXYWdzOUievRIOfKBcKYyEQWEsIpxG
1 184 30939 JJpyEaInXluzZbfEDWTfkgiLZIokiRoQgYMqdgdByRtvWPmgIU
1 184 23427 JWHMRAAfPxeeCQnbMIVoYIkYfSkNMAPhopLcAruVhZyzpUTvas
1 184 31071 OhFfkoXwcUhoeynuCIbyAxOMABYDrxXsGgWolDZTSjwfOMcduu
1 184 26690 RqmnHagYcRugcgVPotjHcfEWWGUFxiLnprRTrxHOTwovMUJhqM
1 184 24479 UbNktGfpYcxnXhPKYKirfznaEUBbNVtcUfMyKTNPAFASkaszAv
1 184 22800 VFBPRtnNpkotvWGKWEJPeOgbLijRmujxGXEmfoaViWtntMpQMg
1 184 26912 ZutjsgiDztjrRRmQOrNEGytbeeOPuxnaaXvLmuseBqvDDLAdjX
1 184 25972 iflhbRNLGmKPAkxxfRsWAgYuRpAInBmZwtGRVttTHSxmtAWyoi
1 184 23153 ziiArzbHtVfsieEEnnhNLQqOwRgPLClmFGNqrUieUymumdOzJe
1 185 23656 HqouRrVYxzFqtOBUZbECohqDBYmvKAQHoqJtXNpxukuNYwpFLg
1 185 28522 OLJIcqKeYoNhyIYniIeRJQMXRsBHMojIwvLEqiLFHdgDwQosiU
1 185 28983 TYaPkdmUxNobRgbYfEJXNCsaQsaAlUlYqJXwSaZbjkXjMoKNbR
1 185 26514 ZgXEcuiPiUuKtEAVNPurLeWLwQjjAhCEHhcJYNkIXoAFLamYtD
1 185 26305 aSXbpQkcOQMtxdlwBgWfrBVajGcmChsAQyhpstTNTTssWUdbWQ
1 185 29124 evLXRfrwRqoLCznHFfUwUlIPpAIqfDTfMYoCKzAuUEnCzbdsVp
1 185 30665 sCqcTNnztaySXYUmKIyQhLYkXmAlXqcfGEghXCxnQqXRwINixY
1 186 21848 OrUTWJlmBMHkUGIiHjIFUuiMAqNROmmwsiVSbhOgAIAlCeMmtV
1 186 22127 SieBszmktIUIqDXFIwhkQsJrGCEHgeXefgVggjHJRwWDWXDRqi
1 186 28791 XsamWqwlqJHlxseptXVPiqnHKRGbIeAsshNvrjjIQOUMatOngI
1 186 31345 rvAXKrCrEHeYKXTxmkmgJGAcKSLRFkhJPbmZMydyTiHeRBrRXO
1 187 26714 EjvPMxkftYwOCEvzTOXrfHRFHrlVdwgAIYYHkylGBAQGGwuOry
1 187 33528 FsOtCTubiwngLRuxrSDzLfxFKcyIEtXrOyzBcuePPQgxqzbTBJ
1 187 20041 GwjKURXvgnGVAvzSjjJitClYghTDUeKUdWtuNlsylHQXUMwlSW
1 187 31200 OADiUfnqyXvBdAfGXuCAiicNvfofiNUsfmyCcOSMtYnYcrsEgm
1 187 31498 fioVmHDFVNKzkCjQIxKkarvIaZcnNGayPxDkcVzsmppPqYJnwk
1 187 24085 ipwwOtAEspfMFWrXRNsCqhTtldXMSOtGfbDEDwEULAtfRTVliw
1 188 21853 IkbCvlXuhRPWTwlRisktCEuIBRLHJOWeGYFaEMNDYiYbLOXONP
1 188 29215 JPSwPPHmvYMnrpTuxKVKnacfEfWHjwKEEwbjVJnAQgMyyUfjNQ
1 188 34036 KBxCoxQELkzcLsMjlIBwMdGMwvlPeiIBEMkjqiONyxVXYnhjKS
1 188 28976 NoXUVitEAMjiAGxUFMMLUBGUOemuMCbuJobBHCnVCYJRaxVkvJ
1 188 28994 PMDXOXkVWvNmgHneDsaosJgHgZXCskdugLuGiHdujxfapgEoms
1 188 21712 rVZGiRQzAzTdWSVqCHjsRSLtftSaZIHiGiUxOYXvAehzteEeLo
1 188 20612 xnDWJSFAJkuUdIAxHqhdazumunkdWsVjzukQvqYEJJhNYuQcdT
1 189 29235 ilFQcJQzPyhJCoiqHbqbpfPIkqSWSZrYZDFqKJQQaIzseCkWDc
1 190 28290 GBNjQaxYieSnTKmGBHNFLgfedtKZArLTleZNQlosjTrWrctaNS
1 190 22944 HjlUUaGJbctyuxcFkOTklWIxBHPFpeXHAAjcgVpdPmXhVxZcIT
1 190 26147 JrGgBIcyhOiyjLQINipNrDvzvkiSrXWAqyYeNzOzSBuERIKzZt
1 190 24405 OBxWFTBITkVtzyDihphTpXvjXHqOPytaIBfbDuueioIOEVcHcU
1 190 26145 OUKScuWWNGsBEvQOgNylpLbjnfidFfXxXSoPOVfpMpKYiUsqGD
1 190 30768 OvswiICLyzDYShENfqBwkeKOXAKiQEBtbtaSgZMwztrIKJszBH
1 190 22055 ZJADcTknIGIoinSfCKSeEqMgZFKRrqJceWYYRbnHKDspoKAMcb
1 190 31337 wMtvEMZmyGlbXQWYLGSlAYufDaYPkOnxxPopWMfQNfyOSSwiRd
1 190 30073 yeWGmHzcsgJNJTgdPISNmgmZQapNAibootFhYdcJKXvjRPxFPp
1 191 20977 DaBnzdllHtgbNnBDzdCrnnEPhQokCHfWjkWtQqWnhNCwjFKOnt
1 191 21093 FqKLGlPjbltFkhaeyLxRmuKysNhhsutOZhLJcPluCUhtDhpdwb
1 191 28518 lDXufOyEHcbjmJRQkDNGoXFjnfCykJqUFiupypEYJtjiWajIfY
1 191 24943 oVmFwGawaImXXDbKTHoIYyLnOkujhqjLlPzllBZBcYfwEZvKne
1 191 23427 tfNzdJXovKdpZugXpQmXpxRvXYIXNJEMySeUnSgQrGNoGiCkye
1 192 29671 MRsrJnnXlMUagKAogTePkZgAPHdsBoWvvZwNMJTsWWajdlWiwR
1 192 20098 MkgEbNHCmXoDVlhrAdxRGjPbYbvtjSXSmhYbqenYJYckvLgZsh
1 192 28752 nrTtiJYuKWphaYJarXMFynJGoqZmMtEEBCiiEvJfQbKeqVgvLZ
1 193 28487 GdONNHPyHXLsEqZtVtcGALKgVDvNCKFrvbohFgzcvzJaUWfEXx
1 193 29857 pSrHdRRMytLCqESleKUkPobjtOHcnOfWdLzAbMcyHFkRPhqqJV
1 193 25245 zWnLxreHxEIQSBmgdhYNTwtnvcbhKOZuQSILWKdNIexrcQlrAh
1 194 34534 fXEqxWwFLpxQofIECkzrsgiGQrkuscWdfylbcvYPjKkOUOLFzP
1 194 27533 inJeqMgXDZSbXyJkedhDjVqCbNzvtKaVUqEgGDuQVRhgBDUxud
1 195 29055 FXBklsoeQMgwrnfsZIRTyTENtAJJxkHVUDDlUmoPcMfucULjOs
1 195 22138 LaQsaLuQFlBKEQbHEJAQAmrzhkRbmBCvjNtFCHlPDuhOlLHjLS
1 195 24267 rKMkKaYPpNWXImWKMCanRBiPFRRYTTNvxwLiqBdwAabMhQVlfu
1 195 33522 yxOEQgcKmjfvftInKEdirTdHsLOqMntYytvulZBSRRJlnHlpVE
1 196 32091 qInVaHzUIzZRqNzurJGndXgKoEjdXRFupGHFMPZmimnIzDIshs
1 196 32266 xEkhxLLINcHxDSigTKeGogiUgKIrnlqOnTsBtIBRgrbRYMzJST
1 198 22510 NyOEtnhFUAWKSlhWEboPQkLARBxEFGJOemsWNJuRXGVtgHKxtT
1 198 26311 PKZsLGJLlYpJpFhjENvzpLTZPhvpaTrltALgDnbXpxdTfXSkWO
1 198 29502 VGfZYhxQmqrPdnRkmGUpYACgicmTRlAzIAYdBzwYuOMQmzUVMj
1 198 23563 qlHggrJNgunfkFykFagNfMWZvNOzGKUsABGQHjMumJNdINlNZS
1 199 29386 XczYpajhvKPrmIpIOjZNTperoBGQZzNKfEnDBNPXZPrskJWBtb
1 199 34695 iTRBGnytnygfzKeXxxsoFtDWkPzDrMYCNyeTZXhoFxQHwoapWR
1 199 27018 jjdCpsodtBejtqaGQzknaXAjmFwMYPprjdBQAkKVRlaGeUmvIF
1 199 32061 nTYHAsvrggULsAElZKerhaidmjtpHOtfCxVwNlHYnkbVctIvnb
1 199 30709 uSquEsFakWjGiZpXFWixTvFZWJUNEEgEWWGpUdiKkSGMgHVfAy
1 199 23570 xyfqqQYGtpQewgOTCPIiEgMoIExDlKnoIUbzZRnwbCLUPQTrZj
1 200 25887 BLnzcReGnpFHcjalfJclGJEXvlLOwZJUaLSHMQRXVWMIpedyAS
1 200 26571 SwJvtFmKIwYZJbxeJjYWKPCkXwPdrBFXfNyHlewiEjKCYxRumT
1 200 29622 sJUwnFJdCWwYTweuHEeeSFEXdNVOgjxmLrtIsSTyQANSbEFYOF
1 200 23781 zHNZLZGxZGLyiYJsUckRRTQiIKEXtOVIIpCMfNIWTarjRrjjmg
1 201 23203 KcxLjIRFRDOCRjaNlTzgfVTMhpYODKsapCNJgOKsuDjirxtlDV
1 201 29987 ckbnJRVvUctWSftdlPdwfiHanHlChGJRTDptFHVukpbCgrFLFh
1 201 29498 eVCFNnVDeKROFBnqyLfVETHwobGmPsOoAvTGRKeZBNqytoPBRM
1 202 21510 DiznjTVebifaydmQGhdMAqetmusetYyWEGJHoRJjJbBOLiYvnj
1 202 25307 PCIibIeswxUPcJNOOPIgMKWsdJtvyyczzKjiGxWgbSlyedgMmC
1 202 21153 RhBYYClWbQpfRFBAygyTdjlTaXzInOWIntNlxBoCLvQBbbSVIz
1 202 24204 VHAPZQwujxuOCfElLIDzpcrhSlSlGnxFyZXWhnpvWjQvUWjULO
1 202 33596 vBmaYdChQZeCmgarBNEqsUjBbHbKpBplKUjgmKpmyAXnzkLmpn
1 202 28453 xVrCZdlWGMSGlSGcUUOxZuQcFOVzaVAbUIaXHSotHvodLpYcyw
1 202 33301 xyoPHfVHHNdLPiOXgpQHQtEICscioBPylqwBbmlARbwyuCfJAx
1 203 26612 afPIfqeKrJvLTMUXlHXVezNWDtKWsIqGRKcJAZouXYklqSnCtp
1 203 27646 gBrwOWaTYDMqkyplvqhqwljwJKdUKPhLeCQVWxLOsjDArxRAzw
1 203 24035 qmlXwaPdSEKaMHjtadpsAWJHRQRzncqDSPhdQRDczpInfSMCdZ
1 203 26108 rolAkmgxaDThvyHSCCRFYkjuSiABpsNaOWiHyirgGbEFeZmSca
1 204 28921 ELnOImlZtyaxikcEebFBnSjwbsvqwStihLxOnnzinPfdwliWVs
1 204 22497 EzuMZWCuJfKeMlgAMncnZNMDvIuEBGtWZxnYYAMJqSmOySBlWp
1 204 20417 QvUIpWJcLHHbZhjKoaooAGlfaLAlqqRWGnJzsatWXiqNvABxQy
1 204 32958 SLtVbHUiuAWXbRcUFPEPfqoytJJfUpeZoDrsSGKNztDuOHRakF
1 204 25809 pacAHFBlaEDLVykbtWtozpIOOArichEqaNWTPnLvSGdJUYWcAW
1 205 22491 XUexufNlbjUryVryGyqdccefKCLnYBAtTvxqTmjmkrscaiuOpn
1 205 34655 ahHDSKRLjUfvWqhUtsjqdahXWIfrtwGFCFqGKsrgQyiOJoddfL
1 205 29025 elBUjdhmNbobCKYtvHVKmYGYGRNazjBQSMDtzWoiRKOQxSJbWx
1 205 21396 jzxPoMsQBeBXLjCNOHlxHOrVrnxfIVtxmNMQnspEHjcafuVHvk
1 206 31055 FLYNZDGmzlHbJyPEunnaOlaATutpERCuKNUgYcgOsBkHfmnRZd
1 206 28605 eWqIcweMkJnaGfBnfaUWyUYCujotBnZijeIuRvcVeTuEdltrvf
1 206 22008 yBvJvrxlgwrWdCrmNusfnEduKWjiUooTLmbBVrmgoEUcuhyANc
1 207 32423 GZsRnwVRixhKDpLuUioqGXEERKEbOthEukrhMUIqyDQpDNwBDR
1 207 33305 IrQmpkGWraglQVoQySXoPntSCDbxlyBjAVBVTWWyjBbHKbdkHx
1 207 25359 NKKeWLYqlmfgSqoUIjmozKldNWtfovxumAcLCZSYXfNJGcwAyI
1 207 20182 eiMnuxReHwktzlGSVvkrAIwONpUhIBiPuojWJJgRIXiTKfSTFf
1 207 24373 pEEsaLdvIBFjlmReHajioHvyqHSyIMPvZehEXfmPRNByQgPSeE
1 208 29032 FnJCYzOFepOxyCfobpLiHSHffVpGpmAJvGhPeKpVBfIywokRMl
1 208 30226 JTdEcNpjUaYGstQpCCQgCsFucedMzGnarFZTUbOdHaMBVfNUDD
1 208 20425 YkovckcRyDwPCUQyLXyZMpUovpDmcnqUppqYkKGThXlPozxTfo
1 208 24546 ZGKSWRdjBaEWaiyLZaKaolMCoYniJloRYeAAeyGFYLthkISDIH
1 208 31870 inlIfLZwrpEjkFWCNTSJQfIrttsoCQTpgTVgjwSlrZqkZlNhJR
1 208 29164 lQydeAahjLCZaYNBysIKpxMyfFkOdkURZIWKdJQFGPJCztpUiZ
1 209 23191 DMqDfbrGhiNoFUIXHBshMNDqvSCiPLWWNtlSpLVxdFEYWPNfJB
1 209 32061 LBEKJobrDabfCgbGlnfyqIDddpXELPceBvZcexqSaoJNCJZHYQ
1 209 25713 OSFmIAGZymGqTaMKkcdQuNugXcKoeGrNMNIwLuuUEOTHqKwqrz
1 209 24437 PlIRWRcZKmVwTyajlNoKAtIeELEmDdnmRosDpxDrOTUXhgjXTM
1 209 29258 XetZyqvHoWHHUDeRcnyaOucGAdKzuqjJUBnArGVJqwtoJvpOlJ
1 209 31356 XukAgpJFLXajuzLZLBNgRoUboeCEAWMEYawANEPSUcZzxlfnhk
1 209 30082 hmRrXhlkMNiJiXqXMFGXOjEerGlSBVDdsdAMDycbiDtArinslD
1 209 28394 pfRzfBVyjUpsBbuOzNYwcGHWhCLXNJRkewnfIenqUnFyAgePfy
1 209 25311 rrHwJLhhXumFVOoXNfxZlnKzbHPWoliyRdtDxqzDBnbvfFajTo
1 210 24414 CslhywQdmKKyfdeKOwvyVXnFgKChaVxjmqExYZPVBsvIIHSYbi
1 210 28890 PxVIpHWPgaesbAYCThSHVIsunxJIwGrbnUAeSpEaPDdTXkKEna
1 210 29673 ZSyAZLyisZfgOItkdYvLaZzwBDPMTGuuACvnqsybPiWjtbDBeh
1 210 34492 aqButzCpJlmBdjKDkmoxoYmaKJtzPlPAfqfuoYbszcmIzSoMgD
1 211 33843 USZmApckgZuPkXgilGZIOiDIEEgBPEZnVDvoZdJzomwfNxRmgZ
1 211 20820 wqcxBKuVseClkRORtRvJxSFcdPnQwLjhzOawjaSWCrMzjBCwCV
1 212 20580 TMVxOkasjxBasRuCjHJKUuItQsujliLKjlXdISyvdyHrTOobTD
1 212 26611 UyjkAXTmagypRsVmWbMViNGHjAZTsBfJXHBoYSocnPTzjXxUnj
1 212 22725 ZFWjNlXMiaAvLVWESnyNCBLeTmbPcsorlyQWdyjICcxhmPrwNz
1 212 22856 lAGMqkCalZDMvMdvgxmCyiJAsPcsRQomyRCtqkYZOeoxddMlrq
1 212 24531 zyFfiiXYrDEeDzqFYTmNweeSwjreEVMnGrNcAUAuMZtXqXCUlJ
1 212 28211 zybwgezqFfFQrVGzQhrYTNHMgangYftpqsiwUffNOthYysGIGw
1 213 31907 CKnfJacavatECJBiQDourVIGWcaDvXvFKlZCYFfnCBsfMaqLVz
1 213 20047 LZWzFShcfoneQiGeWLQjyZrfBPsnlUgXLKyPJLbUMbEkMcWdQz
1 213 20296 lSgsNyrGQHggjetvDnEKXyrbsUZReJKBpglvRJfuSWzPzdssdn
1 213 20152 lSnUUrJLuOsMdAVqPCSkQMeVpkHdVUgHqBCrJSYRWoyCErfJSU
1 213 29518 vrQTeSkueMZZHBrBQyzRUAkuzoUklHQqkosgBMDfMuhuSUzDHl
1 214 33195 LjXnXvZldVsQqjrgdbCPZyDrLVMscwDqMKWgqWduNjziKMVqHc
1 214 22159 MDNbHPqZgtgukibXlzVjeokNqlvxDwGREDgRGmaOQOlperpOJM
1 214 34883 apuADXaQlZSmbgyXxliMfzfXganFsZSFoytmbbKfudzEFqgxcz
1 214 25646 cyGgWGNwiFulTaHemiTztmqPHrUbUYdFloyuxnjeYnUyIkyUxC
1 214 20014 jIBDaPgLSxOZmpOIbgThDoDGzPhdSTXOguRSjBOyWwACNbGGqI
1 214 20877 qyRXbPEASccDwYetExjSSekHQOcmBLyqPgWksGKrOLeHlkjddk
1 214 21783 tgxnBoJEjxVofDHyycLDxIamfvnpUZwRaRrXzisRLECsTRDFRU
1 215 34200 PmYnTrNhXKFtVhsGhUrmiCqTsSxCZsEVEQeBusSGiRfLDHOOCj
1 215 32011 oOSSuwrfZrcllGksJyxOlNiBIDSnEORndfKnyhFkPVlYXmHKpk
1 216 27305 OGDVvIqUcbabUaIbmNTmKBwTDzVgUvuLVjPnKWzVsHBEVodSMq
1 216 21023 bEZCqrgFwhduTLCDlzbyVzQtNKFMnMdXHNUxZhgTqJPlMwOkzT
1 216 33026 odAgnIVVAecQJcoCJeFebesysBKmkWneElhgtLQxumVjosBbSn
1 216 34536 ohzwerkjxrndYpZCyaOOkBDNFOgxPfWdLLzmWbuRkSBGPkgWRu
1 217 28168 BkjzbVATZMpxfywMSVFZiICALrcJjYJYUUnZybZDibaTnhtdIH
1 217 20821 GxxyxwmMHGyvdYcNfgoKHwibnjQJtHwXMgwOafZbxzRQGUwlfQ
1 217 23485 NPriMxaWZfjnjWxeQntEdeZIOQtakgQIbmCwSeipOnoOxtnLrM
1 217 28053 NlXOFtTSbAHABbFHdayPVEyJOFgXsasTBpLZNmNaKbfWMsBaCV
1 217 22368 RGQTRiZRWastCvRXpCCQrLSEsRGFQgogyuzHNgOxNyeZPeFfXk
1 217 21271 XLULvblLHsawPtUqXwvWGJrSrzdyZbfrHsJyJsHLhduZKWAqep
1 217 23675 dOqPoRecmCHNaQhvcWZBOxUKoohoBZfNMbjaVdBjMaindhZprf
1 217 30126 fvhzzQkaeapdEyPugoDUYNGEnkqibnnDNvgYkzqCoDIgnTOkMT
1 217 25625 hIkSTicggRccYfpCGFTSnQRMcEYJSevJTthoPgzElGYibrOkUr
1 217 32840 tcRQuVsKyRAfZeIZjQEDdtzUUrVjnPaTihHjccefQwEyhUfSxG
1 217 30526 ubGvtogFOGTDeGecgcEfcIHYvvaEFCIleowzByiMDJgOIBYVAk
1 217 31397 zMErdgNLZNBMDqQwxTOTYiumuBSXxJopjiIzTZykdLuqAtvtjw
1 218 32894 FneqjeiJLkxflpzmJuInFpCogTBWtaaNomyEEhiocTWAvYSxhi
1 218 27504 ROiDkkRcbpGTqhGgZWcpKfpiGRJfHgnOVkFtVGsLgRCNWQIUCs
1 219 29188 EqjKOZpLYibQixkfrvAttFOQJJURRoPhnLsSomoLcOhtOwuovU
1 219 22675 LuqeRochShUmvaLvwYtNwKeVfAPYyKMQbeYxayESMIrAeWoscm
1 219 31856 XafyfERomFCgQGIjhWkbORWrBIrbbjHlkkkrgEaEHFHAEujebv
1 219 21233 rZTAqmYxZWUwePQIFyKvvkMyzJYVGNWmIUnBKkcjGUtnqbHqSK
1 220 31107 DcEJnlIXVWNHbAMTWAjVFoEYWrRyFgylmKdLRmdKIolFQIJaUa
1 220 20589 KDAzfscLhVKlDXAyCqOtykoIFwCoWXAMTyzcOPGlzmcJDbFBzL
1 220 32843 aJlPhVScQKNUcUKVSVSSUethRXxzuZRnkQpqKKxtlydUnBrYue
1 220 34758 kxYRoMdaMfgQubRswHjwIvnXajAtyIwgnbgrVcSGTtLhkTbuMh
1 221 20475 RnIapHcFHdHqxAYWHjOnQJcCbQpINLjdTQpQjvewlfjxwapzpG
1 221 31729 ZEaWjmecBiqkyokGIEoLcRZWUUbyvIQYrXasBhagULQDbfGudE
1 221 21291 kypOlFVpoWmtrhyLXIzjnIPizTGalpYkAAsCbEKyodlqCYPjtk
1 222 24232 EtqkTgOnzNBpYinjooiXFSWuoxyzexwsQcXhtfhISQSekeRvID
1 222 24919 QkzmJMSGNTEMNMOQUEUgZhBUrWJgVXNTHKLzftquStHgaYaoAu
1 222 27187 fFYiMqQSezkoQYJJdDpgtOJzjFtNDnzWlLKXMAmVcfKDJQnlDw
1 222 31738 wqiMFdxrtvYmJKrxXpjIBbVmVMLFBYjnpdOuhuSpxKxfeaKjsH
1 223 33945 aBoNXtzFuBtErszxeqOrLuhAbKDpXiJOlvWslhepSjBhULhKnZ
1 223 24744 eoGGCovutBqAocsXYuIiUjObEkoZCJhqHuOOdpjoKHGPzIBFZS
1 223 20950 lQyYvytAtutdHDuDSxGwVniBTPKXfmtvMNIblJLuhBECjaiXTd
1 223 29391 nVIMuHETiOajSjIlVSbjWynlVuxHvBhlxZdyCdkJzJrDoaLjQg
1 223 30111 vutVyeHmcQojLRdeOuRlgHoLGWQWxdvXrQFUyKSDSlunSVHJSE
1 224 31384 XdKMcZZEQkRbSlUtuMACykhrSMPXRGFvboZENSBfUBHMvXtbMT
1 224 28522 ZtGdjIqDEkJXziDlrCEvAicxturfsNTgSeTKrPsoFCCjxVSysW
1 224 31142 aeZpGtluNYSVKmgbAzfmOXlBhIDvvJQNJoFkWhoeScrPseoOgj
1 225 27063 DRShISNGUhDwJFNBkrTVvXCHfeNgahWktlcYkaxtKicgEyNFOO
1 226 27567 JwbCsRyItyZcVSRQAYnWXVWBeUqflUaiITpGcovsihBaVSkTpt
1 226 28242 VobvmlUUZHiZBszofbkpYnsDjtWKUSAjmUOhtYbqWTjmVHVQxI
1 226 31661 fQAJXXFOnvHIsIJXyZtosnvINwNVyAEdMalKvxNQknoTMUcewB
1 226 21757 kGtdwvWLffWqROogjIwaSPYJJGIMBphMwYXsmRbVKXrKrCQwXv
1 226 20451 kuRtJrSYLhxgiFZFfJQJhJOUgCOqATYAEGCofcJoZxIwgenvPI
1 227 24001 PgbCqDcwdCZhvLDLtibcNCNtPSlDcKgevTghzNZXxFlXcAGLZk
1 228 26827 DAxBYHUjwxuIzqsUtHxIacdpFyaCwzstFGGHvahwcDEePVZZsb
1 228 32434 EtmfTyzZtYrtCnhFABwQqWdfyrolYsZUyDRcfXfXjGCLCqjpTV
1 228 28866 OrVXNCjwGMqBMiJxHVALnkhtjOGcGtCZifamPcqMsPWTNNGChx
1 228 21156 qKYaehrKBkVxlUiTCjKSeidhfGllSdkpNfXsmLpPYdyJnRBLeT
1 228 20724 wDqzEiRQlhciEtqqVKOJRPgbvFaYdFHXPcLGFRbUXRCyfCcKEU
1 228 23600 ywKxtvzKfMpMBIKFvXUSrLQyYnzDuYKnCfaCeUDSSoybHMRWzv
1 229 33764 lTgukJkQrPEfDQZqPMKOKQbyXNCAitXIqJRNmMnYsJOMDouQSa
1 229 21629 rQtpjFwOQvLmdUPXahQCpTqwweOLYVHWDiCGKNDTGZcsYPCzpr
1 230 22344 AKsanYnQRfGixwXbRbmuzCSoEMsVTxRbZqGjpQjqxzsXMqDpvi
1 230 21744 gjWsJXJkDPLFTtTYVWXzacaxBpKxFkUQHOLOmwyWsSKaXlOYqv
1 230 34734 hoCwREgZmyqKWAzzRXUKSTzXsxcKgaLkViiHmeoGajcyZHargu
1 230 27348 sMadrcajhGgrjCSBTGGVDuwxyLNlUyIUEbqsndPvPZhPVXUbou
1 230 24986 vaMrBeKKeYtegtvSuoUurITPTaoDWsjJupBBjofzPyrpeyNUaH
1 230 26853 yeLjJlmoiWnUUXykZwmvBWiVarbBoXXZbqsRTtgJLhzdMnoJQu
1 231 22033 GaChzudQLHocQhlPZqnqxHflrhwoQhUChgpJnyFYZUJDvIGOtK
1 231 26277 SjRXsQnUWirwTudwpTARmIcdFfkPFzBDgUcXIJbYLpuzysEVrJ
1 232 25928 wWwewtrrpKKAzUXESuIqNZMrwOdxfGyiLIvFiXeXFVAmCrpzrg
1 233 27350 NZcBKAwLuRZZfwANkFGyexWmwVUjuHvMxLatukFaThzonojIRJ
1 233 23341 QlNYPSejgBvrfqGmgDUVtNfleyUTIVcGzwbMEUEEwnzwJUNHJD
1 233 26459 iAZJJVnevztUkKKuoPqaqscWqTXRNryjzfPIbfiTHYiYDjVEdx
1 233 27494 qExRQCGgWNnySxGyOWMwljzuaXqekFIKDOqFSvbCrXlbmvaqqm
1 233 22460 wfjzUTFqiFkNfRjZdSSyiPNvinZCaNRMQHFPTEZpMMHfVczpnb
1 234 26050 ItSOgFfMkykrphIFPrmhNQmLydxuTXTsiTFpWjauShBNkWlyyu
1 234 29511 RcxnAttlYtpXzOdpUCdyYKFNrzpGkGWZTiSTBZjMZtOUCFyREj
1 234 33279 eCZYtwTPALKqbNdSzSddzXaCaENPQuEanEmRwQLVkgsBLcwSwY
1 234 23830 jhBrDpNQXsOjExrnYknjwisgHvDapjqGJLgQHbIIedlfNlrSrJ
1 234 29727 sbataFobmytsNmcGVxUALeSCXNsezscauXLMkaJFGwLGUYKBlF
1 234 20663 uitrWUwWhvDPYSunkobkYEuphMDGZzGvPlApSDHbcFYKakiJwJ
1 234 24163 zsDsXwozAePJiPKqbWiIfrCxSgEmlTjEiYhyZmlkzLgLdQyLaN
1 235 23333 BShrWJaWTfNlJCCFBEVUJYJzMQKVKtNgoPuXVhyeGTrsoMZcWQ
1 235 33619 BaOyVDnwEfFYwwrWHSIWgbCMevSfzmmLSYkRWviYYNROBJRNZt
1 235 31124 FzvaEUhxSauqdtEGmZFBXVAjtAgBrAyryTkKiwhhuaAkvpbtiS
1 235 26661 HgpddNJQRElsIWmivRBKtAnTJFAsVEMGNVYPqERrcuqGwaxHQL
1 235 23003 KVRTqdDHIiunWAUvcDBODQRUYoyzzuqdDBRZpOboOEjJGIEcCJ
1 235 31832 ZRsBnqGKobNythXJGjSsodLkhsYbdymZtPJeaDeaunXWIMJExj
1 235 27817 dfEVCynjPESjeKYrvoPHoRrWtimdupraTepqSXEcwwhlKzkuew
1 235 20652 sNzwnXsEdVremPNcLYoCsttslreKVkjyyzspnMwxzTYqTRbPKA
1 235 21219 xCFMjbbksBxwvsgBrhTWRLejHCxIkITKTUnrGyXjDcRYSxJwVu
1 236 27223 nryzqYNKbhHjxMkZcdnVzKVkLVGeVnYPJIxpYjEMVwTgUtgadn
1 236 34606 ptUCrrdCrAAYajVmhIxhJysSDreuKhDSMViAFpZEMibGGIHMBs
1 237 20545 BesRZwsspKtcwJudzZPnyuelkBPFBETaKNfwDXRUHXlyHZPxwt
1 237 30538 HzbfUYkqETmKOQxfmCitOvZwrWIlvTbeiioTyggiYRnhmXdwqH
1 237 28617 JbPhZTMQlViqkAaScLclTkfcZtJWxONYpNqJFTOQTgEtIGCNAD
1 237 24631 TArmraIDdjwoIpYSMDstcdPiShKOcqZSJgnprYiJuQNymoPQZo
1 237 21122 ewzfgGaBdbpKyepCVeUbpebnEJWExeRTRKkeJOxqJUcSVubZDe
1 237 28908 lHwvNvsGhlmYLFSNFNVUitblLRHjKujOzymKMXfcTYAuKfseSs
1 238 33175 FfpcCKEmpQzNpUmSKyrMLaCxMjHzRajgIronZeudXIhaVNUlcb
1 238 23036 MaiMjxTFJaAvzBOjvNaoCglPiFhTwoFQPqlzpXJbLDIGvYCeYg
1 238 23262 abLBxFvIyHXquwDTZqCimpfWesgimYIJECSgMvANBCnasfOMZb
1 238 30646 iTXroYrmULXMJNOzUhfhwkcOwseAWrjMIAPdbNDZbrFhOFJDdD
1 238 24765 kgtLrfGeiFpdBdWSlriZdopEAWJmJhhlZJIVugECnmbqqMrtMS
1 239 31875 DtbJCzECwkBzwORCtXMgheZRUCbuYzcPHgVAmizFEztdQYluvQ
1 239 26430 ZXHOabEFXfssLtcMCrmNjDaSxwcHcsMTFWXUefISOCTPVYRDcx
1 239 32251 bhcHMItkoDoxHsUxvbsDSAYocLYDMrsrDhlIOZXTIneBSRVBDH
1 239 27804 eWreyAyMKHCYgYYHxjgTVfKOouMwumJJRJLCFJAzVyvURSSXbG
1 239 23813 tddTRthYnYmIUZUkbTqcXxRGqGkmNzMvjfaEVdJTgApYQlipAP
1 240 20041 EVZRkMmLEmOkoryCySOucHeTFbNnEViiHIvIjaPxoTcdqNCPvK
1 240 26600 GXioooJhqfiNcvVYadUyuzoqqKLaCfSHfvdWdoNCbRhTNppUSY
1 240 31907 GcOzcCnhtvATLlVRnApSTRKsCLlxcmCyCgiOJuvUpAfhJlzAAR
1 240 20322 PpEQyYfHMwojiJcgKkxFARLExzgpzoTpLfCfiRJwiLqrLYVtby
1 240 20677 brLQlJobBBGjzasiTPGuWXxaWWJyxWCkKGpJGrIyqqPzyrEonT
1 240 21552 fiPwveaBZXOAEZmulDrcdTMcZIeqwRyhAEhYnHPMdvAPFrQJaT
1 240 26068 ihhFJXKgAGmSPRFXtEsgepkkgzZHfWVoTPGpXGXyerhEVfuxUZ
1 240 34025 kVjdUzTEPzwiPcgLIetJoPwqlQQhFVOXdWmzWpjuWMkbzuhOap
1 241 32495 dDOKDrtulkxzdyCxaafKUbSflQsrRvwLGZUpYjjXlmcPyPKoIz
1 241 21860 gVyycmLDHpfQpMioKFzewzwIgTPAZUfVEJTObdMaQbSFgWHGKV
1 241 28894 sMKnZFBzaVoxfYxZBNxNUoEomlLZOpUquBboQeozagEncHtbvD
1 242 27883 NJjYdkkGwzGhpoLopsmcNxMUslqBsFvjSwNbEoyhEWqafUCDgs
1 242 29856 NeAiZsmTboEgqmgUydpTweCmpbbKBADlPVkhbYpxlgtduTgcpk
1 242 24479 UoXdXKlGWQpnjQPGxmlLxNZisMEneWkhugQccCQpWKOjnBSnha
1 242 20839 ZUMpqTuEwCjQnRhzMtyqpBOvgArGuyKvMHhfBOJdilJIXAWTMq
1 242 27581 cppLrKEpRPIneAEkNdDhRNDOWsphIdqgxLsCUwvSrECTDdzYgJ
1 242 33703 dxibLMwlxzmDDulUAkejWJryBlEnrEbVTgiOTqsAAEssUNXJny
1 242 30000 eYfUiFwcaCsnGYLzJnJLbkDNPkQZUEblhIrmmjYJLqfwMvOpNa
1 242 26431 httmXhTKYPokrlIShHFUYxNCRKthgVoNwicGyXZXbcjJXmIojB
1 242 31961 nlQPopEjqidjFnIIOeJLSwKQmYKlrwreDEXNitFuKhwNigpiBi
1 242 33466 uBqRKyRNouCwFWQKkdiRdMdgHxgBgWlzQwJRlNaHyXuAtRUVqR
1 242 29511 ycxLNymoSoBQmNDDDdaXfYwYkbPyxvXoNbdtqvPdoymHCKHIEr
1 243 21377 IOtDGvPXmAgWAwhDQlTvltACDrwRXUHuepEGaXcSoshDhSHMwS
1 243 33302 OTVTovgkCoKCBZphOuycNMGovRMAUfRlTxOJHtZoTVXHowQJHV
1 243 32582 brwbuevtTiGvQHekAyUBjedihXzhvMEaSKEdndBayNftAkrXxS
1 243 22831 dOYJoIvjSYMgBcozjuNwfRTTsKpoGRMzasSdCocszxvKHjkJyy
1 243 22413 khWGHyBLyMprFkisMqWJuSPqGuHXzRAZuzPvPRsdBbRVZgXnHk
1 243 32554 vFPugoYidCBGDngMyCqRTfzlXxkxozWXChZMdxdTBCCaTlHAef
1 243 34547 yuDdiNifHDQgSbYifamwpuEeXiAHShiKjlcGKRPiwefjlVyMNZ
1 244 33231 JvftYwKxMKtUBIwoOjCVUdELKiofVAqqkmnKAiEbWntuERDxdi
1 244 33133 QaJpPQyMldkoBXPOrmLfHPnQpDJCXMvflWSTKAvyCwPasiKlfL
1 244 22480 YJTGzkggQgPnDnLVMGhQcBaFFnNtkZDkUuqeVoWBSeawVinvgm
1 244 22387 dtczhipwMHMRPGJrMSeSLFbdJdLWQnlIxmzOHINzJuxQrmxZaY
1 244 28422 icfMKbohdSveTwPZLxnnquKKfakzYTeyBRTMfqwctLMZaAfWaF
1 244 30955 sCAWmjqKniIfAZAWtPcFkVCsvdROceTNtxcUYmFMhxvyHijUTd
1 244 34064 xaxqkQKaLCwyKPIadsRLLBDqaTIXzCqGkHkbHrxuQBjhibnrTz
1 245 26006 BjmrShggMekRfwybJxkPxXfSiKRfiWlgmhbVfVxAnTHoBmbnZR
1 245 32486 LeLQpTeRvqaZOBoosGRnQckGSYksycvQsOYmUciJviNrpZghWM
1 245 24886 XYPcclsVTOrxuYcJSvUzPjBmFgYSDHlVeKcqtbDeJrQllEsZOu
1 245 30634 tVHgIOiNBHOXtpHsXlbhptjFhUzGYjiMQllpcAbXdhxAqhPaEX
1 246 25328 PIUcqVjzaIDINnhjReltWZWCloSfqkgtchjBWamzPVbsVVDlyk
1 246 26782 PezBljwJYPNnlXCPpKTHTctwdxrIxgORyZAchmuimObWdtuZbX
1 247 30265 DHXVnATChqNRpwbaArimvrgpkRUMfrJrmlGcOMzNjlGvFgNVli
1 247 29817 FXDiqtbGjWwDngbXTkYGOcLVDCvtyIfYoCTJLgbqyMEEoaQuJm
1 247 29322 RptMuLsHMSHUTdTjTJuGrnCcvXhlBaIsJIoqOHSGyDoaJbmiVV
1 248 27773 FuYbrcgIMoPZKWbnXtOkcLSrVqcFGQTrXkhnNPkKtyCWJAdRUk
1 248 29237 caujvBDIDaxPjshhzwUXmjOyreRZwVglrvIfeeNzeZjkyfdzmY
1 249 23222 FRPuIhqulsjpEZtzQHwmjKFVCFnmHtVXvQzPVaTzJwPgIdgSkP
1 249 23190 ccKOsmjcOSDCGFBVkiuGAfSPScQMGFizdhErdXFgmYPVFLnVMh
1 249 31663 dXImyppoAIhvMKCeSqfwpGMYoaQmzsiquwnAsaVHqjjddgdPLC
1 249 26644 nHnJEFAAbXvTkHijFBOjuaJlRFZjxfBUDseYOVmLdxugNSBcYt
1 249 28179 nZkTbYxlmsilzivGtlIhLDFCKHHKwMfsmNzszagTrcuToKCqbY
1 249 20410 ppvERLGgHVUGioCUrhKuCbtSrhKjgxZsducumnKFpnGVzzHNSh
1 250 22253 XtlrKqaPZBgvnUukPwdpemBClRBFyZvmtXfQmMqjcKHtUxRUZK
1 250 22313 akHQpyDAkLHSXoVeHQAmMBWzTQrBOZjwuodrQaWbytaBENJooT
1 250 21933 jcOYVboGoeOvuOVEpNdHoYEejOWDorbWnnUDvYsogjAhzgCZZk
0 150 29442 RayFKBIHmXdSPkeWjclNLrQYFMvHPwtzhLPYuUwxpCuulOJaCs
0 150 24279 kLeUVKKbUpwgvvnzxVAHYxlioPHIYoKpbxSEBLiLnTOUzyisui
0 150 28978 mXZCFTuQbkCYPvhbULfqhmtzERiKDnkTxvkvdoHHJYSENDLfPj
0 150 34434 zdVtbcNxjiGnxceSbuORrfbnOdSiIfGgbOYaLrgVsLlZpvYRVC
0 151 25075 MteOGlfTjiuzEhDtBEiHezQspWsewtURauDrqUkjZiPnotllzG
0 151 33663 PPRqzKZXOwEyLxIvAhdNfIZQCjYvluUQxpYrinSUMiYNGUuiBQ
0 151 26029 VuhnfIeMQyiiKHwiOznLuypVlsxTmKdxoEZfeoPkkcJwyonEot
0 151 31878 lvNkbXTBPGHmvDjiVvqYBcsDvFmkFYZvoZUZAKuogFJMHXIGcW
0 151 24162 vSJmqRSdzViBPTHQtLitkKNcPwZktunIaZZEjZLXnpSnDwbNHD
0 152 20079 AQPXfpAaMmoOyBtrIsvznGOllfIrgtqnsygcHejncRMvxlMFYr
0 153 20430 IbAwiwUxacWxWySZOTvMLgGALZFKjtAqTvLRxkmhiytMjHbPkX
0 153 27659 KKKQzjbQGpOtNLToyXvfFIhXRskAyYVhIxKrglJjxtrEKeOiQs
0 153 20799 qTrgoxUTpuLFiLzlBqWpeoeiTzrVdfOpIrRmFaFIWpWpiFEoPk
0 153 29402 uqqJsWAufZZDqxVBHwsRuuVDFKuSIOjtMUbQbBegeINSGnNATe
0 154 31432 AZEvQiuGeGLGrffwpGWZQkRiRXsEwqhcPbpBrwGdsTvikkHidQ
0 154 32808 PWsfiTotovOWdWvuFtNAYpWxNdrjTyjkwpCyCoZMGLjBebtPRF
0 154 25305 RSouKQRiivseMZKGEOckvTlMfoqhahvyYSohrBnAieJaCsTacB
0 154 31881 UJzFpyxSZiButArHUazwUaWKPsOVyVrIVKLCvjtIdaMdKesNrg
0 154 20729 VrroDnXnfJbWvvcBsmuUqKoKNXaTOCPAbFOWLtDVcpsSyobOBn
0 154 24297 aMGiysRhANfaeRsByinqFoOZaPmBSlEfDWNfJzhrNhmjcMGSlV
0 154 30625 bvxdakBPlPjJIjSmulWQWfFIkGUAmknagjOuuZhnxVcYLkobix
0 154 23960 gUWQdvYjfbmSodoDKZVbIwmsZXldGwHAcUSkKbUSFBCNFtXGht
0 154 30766 pzkDDWpIELIDMnINbIZbigQHoLBwJcKgZEueeSwfnpsalHvGJo
0 154 32737 rpDqhMlNPbyLLEONVqHxMTkFnTzvzutvEPECnQPAPnOLsRRimZ
0 154 22705 tUJpVTgUbGDbboDUFSFgFnfOmohPdzUdgwtTlOXQIToiMaAkDU
0 154 24415 ywtkBfQdHchSgBcFQrqBCaEOtMtYGUVROpjoGaqdsGTomiJtQg
0 155 32414 FHiarpEvbuavgfsLRwaiLKyTSbwdKGLfqCiqFNscxhXJzjeLTn
0 155 29009 IxIiuOVnwOHnJOGHflVCEPQscAXHUgZbuaThhTxFxbmWvatbAs
0 155 32036 OLlAeTTiVhBDbnoHKLJDloCTiXQazBpeujqpyRGrmnqfHNvSgo
0 155 28433 XtvKEBoXONLgEFHlVhaCUUTsxTpDOpdkmqdQZaEEJtMNKodOKs
0 155 23650 aQawkIftddCGFMqjjipNJpzAVSftthaKGQjVnMPFsXJUIOPFZm
0 155 31456 dtXATqeqdpmDJyJOfRZjKUswceoAiJaXQwaqkwaWMZBQEDYMue
0 155 25980 lHQekWkOleCEWWipyEXStYhPMrxgJwGxBKjDwihIVOSsBEYKhw
0 155 20458 uOMxdXLcscmTZtzIsYEbVNxNvDoBvZQHUlLCWweiuJKoJJHJMy
0 156 31708 OABPSSIEnDDWwOlIstKRMuJyTpPByksvEFXpOJqxQnysxzjvvN
0 156 31238 TOgCsLJoyElyGmKyRxxstRUjKnwogbXGqzZMGOKYTWFJkHmnvB
0 156 25220 WJfYbBjPATKGcrLLLcBvFyZgDCUlPjxgLqEdCeRnDEPIpgvBFt
0 156 20645 gXAdMMOxXbFDCFAXdSkrAmJhcXFWahEYmwJsniTRFHWPHyLMLQ
0 156 32145 vepIIXtliFHvjpiKRaOHtFzkLcNyVzPyedyZStwIcJHhNyohjJ
0 157 24372 TxhidNWKBHAamCeOrOSwxUOvnnHZHrENOsOzqpccJNngwdlqZj
0 157 20856 UudxywkvTJFtqCXKLiBWRMOvPBzybDgNfHPYQWUeDvEqOVZkho
0 157 24502 rqJWmrSjrlExSsicUxvgumjsRnRVOjWIHtFKVnPRpcAxDEDBOq
0 157 23161 uufGrwOsVSrhjATifjnHaNQRZQMnkjkOXAdAmbizKnOncpJhBV
0 157 31685 vZddekYTeXMmglHJwwAaeGRqcwlcPVejfrdEmatBNeslzPQaNu
0 158 20332 DvEeFkIdEscDTVjNnmPRvEkIZmWzhzJcSmTKqwVDfAtYFAbZIa
0 158 31091 QNqMFlhTSBNdTNaNuIidhdGijCVMKUyUIbRLMcMuSfrzWDyPyL
0 158 25765 SrpTQTluXheeGGNLGnLgFAewZzbbyycZAwBrVYBXRWRqSEkUgm
0 158 23134 aTAauNTWJfmKiKLIqCKbnBXZWpTIcMysUoAuvCFXYmVNwNePSt
0 158 28191 eWeNOYbRmjqjlUuXFIxfbTwVsDryUhzkXplNCoZVpEVhMRkyoc
0 158 33416 mQSpOjyGrHUnmVzXyaKoxhZewFrJgDeFKXqpCuKCByNouKlbRk
0 158 30270 uVoCQacnYvsuoWyVNJsUtEMTynwfgHlWpzhlIabFjBgpQEkycb
0 159 33201 djgLElxDjbUBkfdOPkNjmOmtxYwCCiiTOkvLQnjHmWMJJcjJHY
0 159 29245 dmZmQrlTarZfwqvjJVCmmsEMTDmIuuzOTjqRQiraskarEScNuA
0 159 24563 uoIkHRPlucwFInwOiHCZLAFJtddKeSkVrfctXuLcAFaUyJtEfA
0 160 28643 WVsLDZnEbuKgwdQExMEzOjpiPDiYGsGDBbOgcNZYQtPmGQUXfJ
0 161 30046 MmosLdTYhSYpICulNngMxAUpGwinTNdJSkgmmbXjsKayavJDif
0 161 24851 PTXyjOJFnEFWSPfxIrMJDCuanAtoFYbKHyecyqZQnVyStkzRhb
0 161 31365 YLnDgNbbsRPqXdNQGxAIArwwLkxbeBzgfHPebGLxFNnNZKHVUE
0 161 20121 YsTjufcftpajKzfCdnEuADmFTMHrUPWTtMlIyDdrSsberXABCC
0 161 30460 bUTWFIudFGdzZuEkyKkYiRSPNrwErFcKcAyYAXOiHdYBTuQjno
0 161 23743 czopTZQsYqhWEHrNYtEoMaeiEXnhTEiuzydoxMsxuUZNsKLJzQ
0 161 27698 dAsQzyTWGCvPzNXzQeWQBIfrjlqgeJSTKVXYQdWadYyqgkFvIB
0 161 27441 fmhwxadrKHXxjaKlCrfPsZWkJrpghqYdulXHZrVmBHoipQwpYR
0 161 24723 mMWDpBTRoAqmGBhWzqGmtCxuovGeCIBuEcLejZNsbUXJQjtDuR
0 161 25297 pAUplriRJiSZVLFgIlnBfWwItIiusxJvbWjFYzzgtGQgSWEFKv
0 162 24398 AtKIFbVjYaMyywXcgJhHxOZOzlbXXcnIyyBFDKuYcVuNPTdLcR
0 162 23521 FgbsCIxpMyrPosFIcgxrhhvZgyfQpGtYUblonWOrDuEmrNHrvX
0 162 22561 MAqRKqCMtpKCoxwnhABhQZNjVuEKDVJoHhGjTJyGXgPzUiRXwc
0 162 23129 VCqcWYUckjhDvNQwUlpuIBiCiubBaLkYyeDKCaVDKXSfnmfgge
0 162 28876 hyzLyUhHPAAtDyeEvKtsyEdkJePsvUrVoDJtFeWQtFKwLGoWZf
0 162 28903 mnZeNexBIlLLxXVoEZpXfTyiXKLoUSWZxdmlnifMxTVTSgUNkQ
0 162 31797 vjDhaLkwMqdnskTcPpcUxZbTEmyjbSPsaaTsQgtVdQyLlAaugx
0 163 20739 IDnatYoaBDxMDuoisVycdYtNCuNIVzyafILCIenaATCUUGKCcS
0 164 26652 AkmgvkTBYmZVOyCxmXgdYLjrjewxQIzugLfFBHtOQqPhIvMeAL
0 164 31620 BueIXTJmnvAJxsFCqFVaiqyKcFLADISxdjvZIMXhKyndsXFBCV
0 164 30704 NaLQctzulPjHxOocNonKZQRiZVzrreszNgCXDfGMcqckLmnjUm
0 164 20833 OXDnaPFCqqRbkLWCUNbnJSVRkueYkjeJZYoueeADVblzvqvBLv
0 164 32237 csqCYMHNcbDtDzOnoPPwxxpvdNolbEcvTQZnkpplHdykYpgnOn
0 164 30400 doYBYYBnIqZCINXaKdiEWoXkvmXnrBqpLMXBnEtsqYRljxSewA
0 164 30611 efqrtbJBQjyMjQVoyvnYFJpnbrBxrOKcZvcJMsazJpnjalDCpl
0 164 27172 gFYHbpffcciBGWxXkJrvIlNYgxatIKJJSjZRLIplHVyZaaTeBt
0 164 26303 iLkxcllEvqwawJOGssjwkdasRPEULdTjWquQyYzyOcffIfRase
0 164 32327 lKxNhJzhmwmdAMuqDIwniztEQdWDjadMAJxhvpCVZQDDyGodnF
0 165 32527 DhHHQcbxvUZoMjzHLKRwxBjnHlxghrYlSrxidxoyFaCEvNcasx
0 165 28139 YoXXtRTNNmIZbDxPKotYoZFujYhAWXsIODesQxKpyjWbxCwuvX
0 165 22965 aKQGvaYfHRKMxmYELhDaXiUxnOmCbttZfwjLDiIpVqNuoDlPOX
0 165 34914 fXWhuNbSVGSJjdmcfnykMLgRQKwBxWLqnNBYdAGezfCoLOlXgq
0 165 29909 jaYwLhqYTEwnIIFoIeQbyaJSkKGrEXVkDmwAjfzbKgAXGLotmS
0 165 21376 uMfmJOGdYtrjdlePEFpUUlpcEvEsTJjBvYIqjzaDNhOKmqTUVY
0 165 30148 ulQhwnROsnPVgDiGMVbkYYseAfAWaQydygipoxcRyjnhmbhILk
0 166 29458 EjYpMgHPSNRnfOaEhYYdzaTiIEhqAnUgSRpQnvNlSzyijyKJrA
0 166 20298 FQlWzFQTiYqmBjoFfGeBrhgNmaJGqFMJXjsXkYGZBYpxMVHZwd
0 166 29374 GTGICwAJJRmmTLMEIxabzDMyaEIyXUzlanvfyIyGqCxcXFUmrI
0 166 22941 LtYrFDsRGWGLtBFvmvzZwCAGLnlGgukDKsmIDtCkQsGsvhiupk
0 166 26927 NCaqxSMfGgFtbaVUAGZqXNnvsHKBLYXBkWAxlvebHlUishEvrL
0 166 20415 TiSMQfFhzjKrZWLLgrImAzbyoCDejXpTKIMAtflOGAYtBorJIF
0 166 31187 XHcMQuycKGHzWZPgJRHpAvHErLLrEdlxVoMOXbBkGZeehaUXFl
0 166 23188 YwrNZifwMoQfDhWBMjZDWNJieHYXnYXoNNTsZNByeWtEiQsxDP
0 166 20362 oFyvDEKcoDMFhWSqkCBCFiDdEHnxLbHOeHpCRuUDTaCWckHoix
0 166 29777 osQvQIOaSUznGLrZdagawMBLSKazdTIuvLUQpVZnfOntGrycmc
0 166 30885 tmyOSTGoNPANMSfUuLxjUHMJVSEyMqtYNAbZWIrWLLERcLSASW
0 167 29898 EkyHMHlLbHknYWwqIGpjWSUzWZZBhGcyFounfXzlaDnDzkyFHC
0 167 20885 GMQmlPDJiwmheDmGuTMifxkXpNMvfRgBHbsagVgXvxBzCZSHoZ
0 167 20156 PItzpKpDcLSAcjNVxIQZRAMJqnvmokkMAWhAoTAwFlswwMzwwn
0 167 23486 gqSDbrkGKmrrXanNUeNcfdgpVIXUinmBJYqxNCanwaxqFXquiz
0 167 30716 iXBSbHskxopmQmiSRRdmmfNImwjeMDZqlurJAUTJaRntSLYFfd
0 167 23407 svjsQfmlMtGvIidpHfzDaTgPrRNOhqWBvvsCyQapnxNhofnXPK
0 168 34621 DLeQtxxRMLscNyhtYdYRgVvVsFNhdDtokWNdLsDvfTqOKTCOtp
0 168 30090 JhWvayFCKPmGpoPJOzPfnKpcTGkYZhXxvofFeOhaMuNRdRdUNO
0 169 27805 EzcvmyruzNOGlCoaniKvRwEPlZKurIaVYIlAcwgGosYbcEauze
0 169 33198 trVEQDathkpacRFcJYyyDPFmFUyhiwzDariTDYcAPOaudIvkfN
0 169 29592 tsrmcoQcUFBckGCEsDjthlCELUOkzHejWdjWWuYxxOzRHzsiBl
0 169 27852 uOmNpupDebfZZyhNcLCNmxltecHNYxygjRkkLQVWSHfDrQFXrC
0 170 21048 NKAqjyPuseRVJxWQEXjJFacvzeemGiBtxswkqywXcXRmhmKDkW
0 170 21846 TMAdugWkXvbihCvhrWoNrhreIfJdXFwuLQIsrbWVUnPCMbWzaP
0 170 21214 uRYxrHNdTNsBkIfgrzCuRiAMzpcqArCEUwAmVdfUbJxhVoMCFe
0 171 20077 CzadCvcaJkAbLJtUhnScXUatQRFuqpRIBnzDXMAtuHZmiZceyX
0 171 24021 QDEKjalbfVlIZEaYbPqoglthSPMVpRFyVxvQezQGuCpjeSGGuz
0 171 33941 ViVSPrsUazfUthtQMYCZCCuKaYmdQvmmhstNPHszBtEMksVQAg
0 171 30635 rFMTdGMObEhimnLopzCfbpzVqRHJhwNlsFnDfOjNjweJYRgVeN
0 172 28883 TOPSoIZDcKDBaexFsniZoXYkpHVzQZwUhhdyVvWYdkvTjprnDZ
0 172 30162 dveFhLSodzRjkJwWIgqWjItaMkNpyGHojUMUaWKovgZSpcZPlo
0 172 23543 qMGrKoHzxQlcnzjswQKYrnTUAhfNeXAaIvMDzCOruEZRHBrqCU
0 173 34848 CpJznbnUpGuwmIoYMiwHpoRUNQAnVpHtIwWTrJkiJdFVUXZRUj
0 173 23235 NQVFWPElHgISjncZduTrMtdnXtaeMBYgXlYGgZAjdYtafCxpxD
0 173 28829 VzVElRrwcLeFKUSGOvUfPLylyuNtdMPicdhALbuiyrrKIqlCBY
0 173 23046 cvrjoluzUlIvDMGxsBLiOyjSDbbGetWFsYuuaogpazuApwnxZm
0 173 27762 tXhPPnBFSdBMgOCvyjKUxjOwMOcsuYmOgCSdLitUiHOJuFkhDv
0 174 32564 DCzItEasyPcSPYiwSeBZJjPPVhEkPjiemCEjfMtwyMICZsIkQl
0 174 22526 HwuXtGicIipjjNRKjvBHJnvSAeaNLjFPhddUmyzpUrcjwJcwEu
0 174 26008 SojqiqOxTlGJZuTvSZXVcOWGaeLDkIkpQcjLjKkFcFvuMPoTcw
0 174 25183 fdeUcKISFYQYVuxPdSSdJhDcXOXkwYMmekQAdmiqOzupqDOpQh
0 175 32404 AIAyhHWWqGeWuPSfuiawJGWHQCpiOarbQAKihRsyUPvZaLTDOr
0 175 24606 OyAFzTXznnyZpbUgKcwMRddeKnJFExtKqoHLRiFexmUWwawKEk
0 175 29087 TyBQBewlJNvjBuQYRaHqGkpQNSxSyRiQTNwaSOzVAqcIeFguWw
0 175 25454 WnTdwqpnDNkwFcyKaGCXjTllafRQXrWlpIoiXumNLlThMrvgcm
0 175 21814 alCnsDMxjCnDuGkJvfdBoUEJtQbZVcjZKaaqBVNEXagSPaboef
0 175 26033 qmPKgvtYljsaFUwZMUKBYcNGbPOgVntjGEqnuSyidBoAMgflYQ
0 175 24352 vcIPuMuBINMKwQnPLehzmFbYvOAIXLurMznBOvzFtZLpgHYpGF
0 175 23235 zAnoKQxRprwtJpilFEEeNVLcFSHjtJtlkanjFUGyYvJyvcUecn
0 176 26904 LlOZGPMWsztKVCIwATuvgxLtHFVwGYpfxSpwGLqRVYuRxPjJMC
0 176 25494 NvTbuikXqxzMUCQDYQFvTrbxKpjOdkmxLSSzSeFkUEZVnzZrKY
0 177 31853 GZOUszTxXvgbDoegTJyFAdfbZgwWdFSxjRZBjrIZyYjRVZkrRW
0 177 27803 JCyCdlbvNCeHtjnQENVYxjIgzaCMtRkdBGRrsUQGppbAwUybOB
0 177 28465 aHFZNMdmIuSPvYzSRZbqwjHmnGFKphDwMOitlpRkEzlGlJBLHg
0 177 20126 fJwfwPYBIiChJRzmBkcCbLrrCveLCnNRKvtNAdsYYXcezhXqvS
0 177 20406 mYfLhNpCmxAfgzOOATXfEPHnJOtXlvtESYOyyiTjZRdcbwCHJB
0 177 32940 rkOhjovJAXesVNsFCEZFhOZkNULXqnctUZUpJrYkFPYMjhVQvx
0 177 33999 utxKvxeaRHjwpqtKDqAuKhSMtladjGsqGLTNMCfxvUjaRtfWqB
0 178 26790 AEiODBVbyUDObSSmEOHPXKBrqMOjGcfuwWbOMxtpcfVZioonIu
0 178 27295 NhvlIvRfWUnbFpIHsItrDXuuqnWrdWBWwBJtypIsntLYFpaGZn
0 178 27370 SjgJgxcEDplblAEciCqunakwhmIEsuTiinndDkjiAGdYIYUnFv
0 178 30336 aFcKWSaAHMYuIacfeqfkeDtOWsyQPehtKKlhTLzOGSzZkBCkhd
0 178 29007 cXrFOKcPUnheUaKGahQbHBfpDTipBXniiJQDuURYOxeMYQUWkg
0 178 31410 hAGQVhENRsEDshXHKuxUAzDHjlrljZSIlbjamtDxFuFmTPiVSJ
0 178 33630 lSaotAsCzudlYAaRrVKbDhgzQazhlexfrefBsKceOCzJjELvgR
0 178 33913 phnZSYZvcoRAjAXhBkahvhcCjBhvVipUbDgUTYybovFUrOPRsm
0 178 25072 vHIJfhrvkiHZUdysgbOdjbFsLKAFatupMYCYERTPmyFWRnVbDp
0 179 24916 DrGxaOvybupcXspaiKAvtktXyqKvgSqstSCOYbHKIRUoFgkmIh
0 179 30112 HzwNleITDfhEmxSHKINZNZiwzmUsRLHFwFtPGZyryZWxdbPfBT
0 179 27513 LHtvDLVQGrCHgEQpYkmenOtVCCyBowMOCdjJnnudYSKjmbIHDC
0 179 23284 WhcNUIUHOriFVluMLCUPjBfsazMkwtZnejweywbWtFPxgCFTNZ
0 179 33592 bWMOqEwZHTkloxwQXyhBPGSTnlYFZOKlqgDEdujVlOJJGsEuJr
0 179 23820 sdgZLwgZDFbFATjnKDBYcJzenVwHvYnltcBykRlMgtEBLAUTzP
0 180 31603 AxjqqAGrkbzDrGXLFEgMlNRJtOAiuflMmDWpuXODWWyQEkJxeZ
0 180 23136 LGllQRWuinxpLmXwGuAcPMEwXIbnmhUJRslDMfhmSZJdCGXZMX
0 180 32549 auHMDfqcIGqEyQwGxIbNfyTHJbixaiFwFoctxMUMUrkVNbFIPR
0 180 27168 fIszElSsmsOMtpWahRTsNksMbYwKSyihwnNxsYCePWPfnLYWby
0 181 29768 MuFlDDbqusqDfwfCRYJzWTgpCVaVmGNMbbKxSZohmwqjoKhPHp
0 181 31561 QdDnebnhBhXMZThrHbDSgjSXsxkCimYePklzgHJJMqjndOehWl
0 181 27641 dgBCTNENqXtQmxeAhMuKYttlECTsyQBRBZmLFwENSXfQmpuZrq
0 181 27803 eEzIzHMrwzUqnQETgUiClhyDFiqndbBVlpmawdKLJAOuekuCsR
0 181 30784 mPPcRQRraVxZugsjEXPEqRbVycvyUhiGpJJnhZzBOKCCxIWJMb
0 182 20549 IevfQJIYzpEiuMzXSTYTWrNhExvslzWlUXKPMasHXQFkQWwFJa
0 182 24803 VfAFqmMOpuvjDBSDkpglRkdMlYJHalXDPcSOkojrFEJDfZoyqL
0 182 25597 XXCckDqdYqriUhiFIxSajrTMUEHovAyUpyDeaiBVjQAaaWanhh
0 182 33251 ooJEMZalyMdOKezJkmCTAIRSuyqmwGEpEOzvsEkMoPoaYHVrYo
0 183 21329 QcGIJQLuuqQYFIGLegEGsupYfyQRhfVOcJmVRlEBbQbgkrmwVB
0 183 20434 UHyJQxZEbqOTxGoRXSVlTKtSYgrPJudLubMAjkGqdRoPGRXxFv
0 183 22869 UMbwbrgIfLvNZEXdAoKSyhQqgzeYwyfVgvaWjDkZGpLkvCelBB
0 183 33175 WKaAqIVzEORBSmrlfaxUsqaZzFkQlOFAxJYSZPVrmDCJLxsBsH
0 183 32103 nrAgcLwcNRxFpohDqHSBZdYJKKMedNzjgMmHFlsxWQyPyAAggf
0 183 23158 pEWvVDLJKiVPdQHisHcUrSyxsPjPgDHWzzXVJYbknpFoqVplKT
0 183 26897 tewCSzHMxYkfsbmbhYuDYQbWeAewpWuzTCsVRzFlYfkYbPNEax
0 183 34651 xpqZnUPckvpqGzuKPNQsppGxerunHxkcuZKAbfhJmWGeGyVPTH
0 184 29213 FPKWBZieDfTfarMOpBssxSITOFHaqsZAeLwEhETTyrzHhvoPjD
0 184 21266 PiXgiFqOaInDvmMxuLHuONnMzLHYHyCJJVbQFeOWRWMuuwIXfk
0 184 29026 RZswnUUsPOevrPXYXPmUztHRnHoEJkxhEXDfRmJZLDrveRhEWR
0 184 28724 WgkjOXbpeWLaMqsKxzAymtneILPJEULpLXlKmpBdaZpIhBXKex
0 184 22622 fpzDokapebQNUbYFxBrQRlBzvtqmjFyvqWGFShobsCNzcPVxvC
0 184 30103 vZrbotpEgbBHnfVNAnjdPbwNlqaYOajAfKuSjkXkxJeReEocDx
0 186 20702 JDtjAeyawhtWkyWEESKXGJVcMqdSsdNkxgXOVfJvKubygMAwoZ
0 186 31305 RKQlgaednemOFjuWrKiVTqGMmEFEONlXWsAEXcJPEKUHhEmfDt
0 186 32672 SRwjyAuIokyqyAryNEaVyODlLyTSbAkKnaooAWZyMIPttranMj
0 186 33537 TpWSrrBJlcJaICewukObHbDhkKUiGKzMtGVwubGfjbuqdGGzGB
0 186 32088 mrhqAeFJrFEhcUefdffygdsyYkDjAXCqmrVygNXjoGYWQENeCU
0 187 28005 GGoOEXORvszGtFRlJwpDRUnXKYOBKMZYXUWehobiTRkGsLboBP
0 187 33505 YMiaKCwtWRLeItfbrRbvPqNdtgTipqjaSajYKXwvfuCtVCvEou
0 187 22533 bdPGwGhUCBYDaCAuuALLZrsSEPVDlmrXVAdLTubeOOvVxchKFU
0 187 22831 kDZEyDTEwjaaHtBCimZtdbDEXJCSEDnelgwghtiAiXYunJsLry
0 187 34532 knAELVlbLnTLjUZPOKVfDaAsUtWhfLIOBVwigUeiJfUuIMgCKd
0 187 24456 qiFKynmcwOBMSgDODYbhnjoRAzThoMgFgsqjTkrssqCHhTNdoZ
0 187 20863 sCCqZMJoeQKxThcZUvjxOMSZVFMPOvxRtTOXOIadTpLiNSVfnK
0 187 34039 xHnUkKJftPMFViZPCzpVYAoshWxjYOEEEBhiTQyTyoJTbmmJwF
0 188 28148 FbUuiGpZdSnKQmNSpHQjgYYGMvseHlmLBYZgNkcbklZUTzEyNr
0 188 32896 FjkuYCWtIwChyqBtnsvtQFPCaQQcGpzCfdyJpjJGLnbmkKEYSh
0 188 34607 FoVFhBdgmYAjlCeEYspBJgnLxVlKqmsuaWeYdamjZOJijXbSoS
0 188 20416 bwLUQQkdcvXochUjRmVTnOLEAjfDEnHghISaPwlFamkCdyIeXp
0 188 33796 pgusSrxshAdjUKurFtOvYQenBiYHxJleqkOtayxOIJJTjQgKJs
0 188 22345 swvtPDOcEgDogNiNkCGdZrnoMMTRkPHiGadLcrzxjXANsDyPHF
0 188 24376 ykOBBLqRCHiYZmBHahPIoaiXCuGvRWwMdWsdPBlhNzoBTswYnH
0 189 31341 EjqKemwXnkbFaEKHdxBIxTAjBBUXPiDBbrTBWAfifPmeUchGFW
0 189 31651 IUkPsXqKHgIHSBECNdpUJwMXbZtkughRCSPtJOvJiHrJqbUitH
0 189 23255 IVlReFnJqgzwXXjiQPsoqxvXUyaapGlaZwuxuajjrieEoSweEW
0 189 26250 UheTOGESbXafOlBAwJbqLetukFLNTInufIqzjJfTpxStrUawUV
0 189 23177 eQHbFSeTkqNNJaqGsvItMMTbLDrLYOtMEhPfdDYKehRgziUPvq
0 189 31007 gVfSvuDQxsTYQOFySpjrhDbKDlgkplcYTEcLtZkAjBXVmttMpV
0 189 27994 jFTFFZdzmjNsqEsCnqpXQcfOdDyVlRMyxNFTuSIQTNRyKfXmVJ
0 189 22680 wObtFSibZOnlqTfaxEUGEPOOyDJulEpHxfeofCwpyzfWAaLENr
0 190 34113 DJNkUMDBoEfnahrybcZQnqocDzuJjzeLwjqgEnbuGbqrpmLneP
0 190 28152 NZKzgrmJUUHqjGExiYOSnbqPExGygbUMRngKoJGKWfeOjTcfLq
0 190 25794 PdjoticjqxEFTswDSkzyUjfenbAquYidIZJRjswpZtYBfMitBg
0 190 25811 eOLgyThwnkDhrwHtSmtKtyANkkKZYoQCJYfDDeOGgilGLNtPnv
0 190 30327 fDRvJSLrvPLzgcZdmJlVroTVMNdfTESpTyDtYsKggileYcCFEx
0 190 23082 kLbitwAmzkIgFyCDyzhNOeRvyQkFzUxdbheoLAjMYKlCZffwZz
0 190 29643 mskDxzkXqOYdoqACdrRbsvbsaGgrtPtBaQaCmJTMsvXpCdhzoc
0 190 23348 vgmXTxDDJADUzIuBdKeAAtQXgSJokFaHGISuuPBxLuRiYCXbgJ
0 190 27820 ziWAolgixzFcJZHPoERMDcCnWHWkPrEUZUBiWuaaYMlIlUvOeo
0 191 31662 QArXLWkrIrceUrLdisGaRiNuFwoHJudsXhpVAdMSZPYCYaoRmq
0 191 34338 TwRSlEPqMaYDQVJBXOlDsOHArUeYHprognowHnyFYwcofJVVZk
0 191 21054 eAVvIBnwphCIHXbInRwxCnCdjAngAlqxCWrSNPDFhDNFUlcWjw
0 191 20370 gSlosTZoaEmOqfRhtaEiVjvyhdcSIdzcqMPvtIqgsidUsFcVSv
0 191 27598 lcmwiUiGfEVtvQMNCZmYLXDLzEnaMDkvqegppYxIyUgMxZgblM
0 191 25491 prhddNdTmYqbUYldjKzWQPBePQGZcZTLtQHRGAMvFCdvbWyJdd
0 191 31588 qFhnjRtbPXeoLFFXAxDVxfeoDfdwjBjLkGtbHVVBmGXDyxBylv
0 192 32885 DRvYkxkSCERIKhsNIrQXgTruuRzFXjsLjWuGPHqVPGqknkPjCx
0 192 23921 OCsSagkkBezzDPJazANVCiRdsosBhclVTRgWpvNkFvUbTXMIYb
0 192 22112 dkzatCqcDOBDXQVhzlOUxHunQYsgrgGpWxxHnCTleQoLacbVjG
0 192 22850 iuSuOvrVsNdqqrkVnVltadILYJInlBCTiRGCbQbJQXKeqWdNeo
0 192 20964 yjUrkovbadHgbfsgcxfxuHTTmSUcZfkgaHvpRjHIxIlMZmAaZz
0 193 26055 DWyoqTwlyiYYbIlMJVwCutYwervdAcHDVJFJMsRsprgGoFWStj
0 193 34962 amkSwsnDoeZabMaOtGXTJVPrnmSDWspRyrvOkzRKqlJYTTpIKe
0 193 27777 iVAsuRbbPzmVHjYVIxqFVpWWTTPENydfqtLzlCxTrjdThjRyGn
0 193 25981 vYZuCFmzFbbRmmFQCQhnbmQIVvHWKcQGGEtWqJjwaTJoUSpmup
0 194 28503 BOZrPrAbXgwlWlFiOseCPaWoITFizpdPFTUmcQOUtDeLBDhnAc
0 194 34205 BXEDfhnPiJnAlXpRkEtbQinDuiZPZFKubJchuUTKdosLdeuVAS
0 194 25707 JRvXTFSWZOZuMokbNFJLKemuHwxdYGFpkeLLiIWkPsXDzlAUyr
0 194 30130 PGOZWlEBuoZgGicrNztVRHPbuOLFvHVEXmnaGDhbkYMvIPVPWH
0 194 28737 SfvjUmDMlqnkOKBmSxGcyTSyWyHZEfsfBnbRlaJgWtnrjlJRWu
0 194 28034 iRbxnkHmQCTvyPmGxUWIkimyjcmOGdGmMhYnSWGgkpRSgMsvBU
0 195 26885 BUitRboCzYHrcNnMmUHlqegfoqOGyKzxQLYXpJpEjJGCpTKUHm
0 195 34862 MKLbwEFZCMLoQSfflfWuKhQUbrFjTPxWRkFUuMFEaPlClEUrEw
0 195 27027 OWhSXWeNPFtYvZWNecSCzdcWKIIYUBULccMWXdveDZZMNZtItP
0 195 23705 QGvhAZLTzHBsEYDafQKbSfzuikePggjRRjDTHGTdIwWIlmYIDh
0 195 26525 ZISHoCpYUllbKotcYmvlIyklqTmKUvKUkCukSaGFeTwZiVRaTO
0 195 30650 efgXWEWughVZJwqycrLavFuirqIQoGDpdDjLyaMPAYliCDYFME
0 195 26830 qnwBiWdVPwnjAoaiWfETMrFHoEeEZAMLInzRoywEBThYGOfJly
0 196 26984 BhvJRDYYErGawjngdGYMOyosEwgAbfikoOvcMcEflucLCfIyBs
0 196 22950 ECGvZZxjnpuTYIeLKnUHhJMuhNnshscyYayiJXkOTmnKjKJVgo
0 196 30581 LvfHHOznqsyGoiamoOLHNlLYxkdviRQmUwmJPWuAMxIVZwwQzS
0 196 32017 SJaRWCsmnLtfGbkVNtodrtVossbOeIVdwOCJXjbMNhbxDwAziv
0 196 26643 UfwnZeKhCQnMWlsYTDSrsRhyXMNuiSsWlEmhuUwqdRFxqAmoaR
0 196 24243 WCsghyonEVLIWmciiAHAOqtqgdWxjIFPAQpDliRspGrSQOMcTx
0 196 23269 ahqXRKJbkAkKPZQBlMWiUUFWmJkaeslGjRfPBywpvwfhgvZGra
0 196 20597 pykPVEKqUVSvqJmoLLAEPucQtZDMVkNHkzEoXWEJtpzwHzoCSi
0 196 29178 wDuRVXzBKFzvkfMxQOKpYfMYfpzQzhGzFSoQofKPyvrncHCaiP
0 197 28956 CKdJiIsJBlqJNliTXNunupZxGBqpVFhzAbZFiHgBkAScfCQnLk
0 197 27034 CcZNQnpCicYcHalQqTjyCMSoWtISejaiuXgsMXabOijWuuklmT
0 197 20024 YJRzsRozlcDNSBXLIsCUpflcZQMfmOtUAMGzRcvzyexswhQcWT
0 197 27373 qBSdCJogjuCZIPXiePptfcawzJiqeaXVRLoPRYdvIYiWWsfRHG
0 198 31232 AmFjILIXueWFBqCDanaMOmMYcegpzIbGCPQfvvTZGbUkICSEms
0 198 24362 dsPZFloIuwxjeQTqDOiFtkoZOeXWgXozKnchbskAivtBLDsWjg
0 198 32538 vnnblqGpRjMKATvjyAoWoEaFTDQyDQcYdaWzRKBJTZvwBVEuke
0 199 20158 AQvDYreVQAnTVYajwlpYxxfHiNiJRGwOpctAMkSACGCLByasPz
0 199 25551 AWGoTuFbJzgtJjfLFdxqgPiybWgwxKEXyUXVlqiugbMjlFcJCX
0 199 31322 FOuExAjkXKhjSTenGZgfVwWUqJgNcXHKUwmhlRYcighQMlCtTp
0 199 31895 TkfxmrHBTdQCxJZciunshjvFbjGgYJPKUtaFFgiHbazMPBaDSk
0 199 29875 ldvOqLtwCTrJTxpyOSattSoFfXCTLQrEpWwgsIEhkrLJERndhN
0 199 31641 qmAecSszwTtlRWGKVRblbFpDccKppOdKrSgehGlYixlAQKBfTr
0 199 33975 vLsJZXNwzfibCKWUPThtHPIKCJiihoSkpJdaXBZuDMqziTiyMs
0 200 28085 CJjIQcpXpmfTjHtCIigMooWLogUzKAwfFPgtdBGCEWTnBjplpA
0 200 22317 SdCaChVQHVNZldUybwZerChEzsxkLZIbZncJLSsKLdDnMGVQXD
0 200 24898 bMrBPpMUiPKHKbUvafnEXbUUDWrJCAnTkuDEDmTkRpGoArWRou
0 200 24901 htHlIuPJValQjWIYihGrpaLTTtbbVsamktUTIWFLWwqrHHcyrG
0 201 25623 PthApFcqMHFrvUuSAarSPMSWYcXNAvRJEiZVBjuuRffJDzqOyT
0 201 20035 kwwqjEkFuJCGsMCUnniTcyOFepycSfwStyorpympoJrMCSmSGv
0 201 34716 rtTkGdvVNtmrjTGaZMdFfikCRCoiMCKtDkNGOkJgXOPJiiKIfI
0 202 20518 DWCMSRtolNbunyseFpYjSMRLwWRAqUwHybfrBtXSXrSHMWeMCj
0 202 23066 FOkrVEWeiNhuklYcxvioxFJGmejFiVdYDSYleuQOCcSOOpFnaI
0 202 23395 GEGwQHOglRyxGoybiGLekBeNWiLyEOxpEyxCnsJwNVPohxpJED
0 202 28375 OufmgWDJxVPhXBlZGLvNXoJVOctqwkpNVeNRLibjfaGVAUeNMq
0 202 20273 SAxiaAYeiGCvocyfsaJMuYfWssyfuQclqWwcTOgfDMOcTmdRmE
0 202 29039 UWqABbENXyMOPqzvQcxRtjwmDDzCDVcyBTgLavnEdMBmkVAWiS
0 202 21901 ZTerNBWcqFVZMkqilfYCTcBqoErdhdmwgAgBvjzNKvfETBcBYS
0 202 25831 cFnquuCooedalORHFStuJSseiusaIecrRSOfMjZwMZKBpKoLFJ
0 202 29756 xLMRGkgvUUhPXFEaEiMHJjLxeSwDkkKNMHwKfSLFaySNJFZxUV
0 203 28749 GjXrkUpdGAzWZvmseJnylCTDTtPOwJyKWCGECAgNnViFXeenJz
0 203 24539 PribzBGnHXDnHwjRizeuowBUuKZIwEQIFYdSUneYGIRiurhHvu
0 203 24177 VHDEUMnuBMejLEeqIYWSSvDPIDHavmDVhWNkJtCeshlpSoEkaT
0 204 30585 CyrKGHIsFmtxvDJyWVJNyZStNuOyUAEBPBdIkXpScPvWWsRGPy
0 204 28376 KqziaMMpISUcdEedoAvoiqrxwoMixCiApuAshYUSqFXzilbhoq
0 204 23372 NiIkYBFQtAMgLkAhcROVfzWNlTaRugHUKFhTbAyextTHducJSY
0 204 25441 lIStYEhRAfUxmPdAGmTzRQrlZjEkopNhdKAlzUzuIqZHVozqSd
0 204 24397 nIiPaxTFmJfPNXPgUUDIleEUIvcgRvVEwTuwERRTKBfdHvvCbR
0 204 21984 vUdTnBXDpFbANfbCIdALtuwpIEKBwVTQdsQKDGIZzMnQhZjGTx
0 205 33042 FuzxCbxzUCFNSIXLQozlSdHuGIXCyfoApactApKcInkRZbHDun
0 205 25395 ecnrQtSygDqISPBaUkFbeDMBQwtDVUxiqLpWhhMvARYoMvQkFo
0 205 33113 fQGImadNDpebGhKFEsJIHElVfNgMODJKgJnacxhnwKxKnQTCyx
0 205 25532 lMxggnqVWflDhViOAOfnoXGXuOyJhzkGrsyjPzEtBWruomQJQn
0 205 28037 oQtZoZMgXVJZDQkJGKsQijNqjfQvvyjHSeHJNpByGZNqTqUlJS
0 205 28134 qfnzaKzMCxcwnDVbsvuUAUGjHydhXGYHlIPWpMRbWmvVeRfFWn
0 205 25461 vojRpKTjDdbysFbyPSObzzjaMurgRDhShAHvPioEkdlWrSgviq
0 206 32766 AarFoqlgdPUGAgutQpFBVbHierqUURPEyKLzYshxfalKfVZqMS
0 206 20447 MjbasjLjTyQoLhoExTbnZnnQUtVJNBOSmcjMZdnVXuNqGsnljS
0 206 22451 MmnOFOqvMnWubICOHvrXPawoAJvWWeRmAbsQNtSCOZkgwDgfdz
0 206 25424 acSVsLNAaEQXdFiJaHBQvvfmrlQuZlNeaGbiKFyRgoJUaMSwey
0 206 23371 bdOFwNDzoiitHDAKDseYmcyBdEiPQrVYNnKKXTymePUZXcWtXc
0 206 33387 gsvbpcBzghYieDxDgrUwnCYfsmOyZbBdHHacHozZoOAJKtVVFN
0 206 21092 uYZSFyylMjMmbAbsSONmWJUgnFFbsLhNQhyqMkfTadCbPeQIZF
0 207 22592 EArfORvRFSCdJvAxIbdbHSSdCzNLoeavVvdDAyffFSvqLAuPFE
0 207 24966 ayzupFfpbNfsjSyshfSiToFvBpkXtHgHzovLMvYiekTtgBzngq
0 207 30975 dymHtijPRbADllmeocVpOtCmWzgnBUaijAvdeimDbCViZlXJQa
0 207 28194 kNkJfSOfAQOSCfXGrusPNQRbePDHerNFOpCHPtjTXHzvrSwiaJ
0 208 32760 GNdPfoirGXGXPmzWIfcIeFEIxEtSljywvWxosJxaulQIQNVrHv
0 208 26180 LLQMUyRDCDfgBCcVVAxLcnHCEiZKpSPrBWNzsLgvJWSfRVGFfh
0 208 30630 XBNJxHzUdxAoMqdDKJaaZeNRMLOduKaSrbZnLlonHkizrLIiKe
0 208 27848 YGKsOlmlveifibbHlinaRQTVxNDjDazTPPsFrKRQvfoHawBeUb
0 208 20442 faJTsNlZqHfTKGVqyiFgoatqcWzZpELeMDDoHZNCCmaCCnEgUq
0 208 21441 kfxowKTnOyqKZjNxhmUNzprdtKCwEHStkYbNkZEyuxNHODHXGy
0 209 24012 CKUcLAlEdlfGBYbDJYiECJgSjjNrqUNlLPPmZuZsqsQUfcugVf
0 209 21591 MOmLytkqdJUsTSoZJqFhqGvaBzacdpAFIvKFDjEdbjsCBoScHG
0 209 25676 bdyuntksXHVHWtIADauMjVfWkWakwRnsGKUdCqTWLSGwDziipq
0 210 34425 EeieMrpVYCtYKnesSmwwbcvgRtVtJiJeqMuQdvlhYiCxSvXUvq
0 210 28215 EnOBRXSJRDXqiWXEtoZPTWmnBoUaiikxkjUfSAZARJTGUXZgPG
0 210 23410 KcvkMaurbnovreOzVcJorwzCPPvEGnWIkidMHQkcrDvPIdpynx
0 210 31602 dZgXUsKyVqyBckbNCFeLViLLvnIlcELrkNluJIEoQkNoWEDUAM
0 210 33317 tsLzkGMKZgXBqzryFVsAvafewoOCkIkFqdALveaaEQOUGBYWOS
0 211 33990 EOUXDWKgcoHSOKTIJmsaDffahTeXliCYRWNJXCImzkDpFiGFYE
0 211 26189 lUuNBtifdXZsppwJvlPAqPehFMXhBrxYPueVCcxiUxhmLrcoqw
0 211 20203 yzliDOgJGDBaYhlHBoJQGoYQARfIXgkJGKGEMLZvOeGTXCxECL
0 212 32587 KgJrhkvSUjStbiyNnMuCaNaqPSkzzRsseWatGcPfWotoAZDmiH
0 212 22683 yNCOgpgFicypMpUForXhaFDmVMBUiJcDdAiDYywxFiQFIlYwkb
0 213 34279 XxFtNfAcDgFSsVKYohKsHqUKWpJJTByJEZRlBObBFGIFwozAMO
0 213 21477 YqNneNsYaMmySgHBeYhZwWPqdjyaeOQOxVOfZlkLBzLbnsSWyo
0 213 27091 cIRBAZZRartZUSjqDcxxtAhWPQMztmWUvFCXnDpJsHnSEizioh
0 213 27758 dmwaKUeGdiiAtUjthtdrdZutjPLdqaFXPxevTMogOIhiOUXhSp
0 213 33811 dvjmtjWHzivXsrNEkNkIzgpciqhjGGkdGUFCuWkFbyvlvrCgcd
0 213 28422 jxTnrhTLpowCPBtimJGBhvkLUcRXYCwuhFhpaJyoTdbAHtRjnI
0 214 21596 GDhJyeNPcxIunVCvscOnVBXeRmpSSaOFxLhyHwmxCorIlIFSYC
0 214 32345 ObbztxaNGFHIMiHkBuYWsEwvRQBZdiBUfyVivvrmUJqFQdsnkh
0 214 26245 aLuwNUygSsuGwUgOYELCXQMkEQQEdqQvGJdBXudndEWVkAxHpt
0 214 30323 pUhuXuHujCJIllFymrCRMDyRbvWBzMlFvaeflNSMJczevWYZUk
0 214 29072 rIGStCMuGUqjyWDVunEnBIoORHvNALnegztgNNpnfvmDkxuTOK
0 216 24719 ZYStpOAPEqoYyypqCGkSymonlbZyUTWIZoWIryPKHTqsrIvZEN
0 216 30167 kBVlufSpMAqHDWJdOzHsmRlDvmNdrjHFeVuHiXiWLRCmxBshJZ
0 216 31738 qwqFTDSkJRSYukbibzndlxpsBJoIBmPGyQSmHBRynJrvDjzllk
0 216 20014 rWhwatiYockqFKUHZisFdSJXHqLCXxJkZCxDQkbKIgQGacBrCD
0 217 22862 XSHkJzwJVtaArSpQRIZrHGsTgYgjHUDZjMpeOrwrNCAUKWEnQX
0 217 34164 cMwLTnARNWJPWBAGOLeuiveVlRKfWDkCVwWIjzFLitJaVWNSlk
0 217 23940 jItSTgwjVpkYDwWdeEVOugmhLHVviLAJOeKbJxkhaedDgypVBN
0 217 26631 oDBTtVvrDNIyQUIWKmbYxwlAqbhMnyNCGVVIRSHhoxSUprNSEC
0 218 24232 INlxgYEvRmtdmuVqnqLUvLheDnTxxBOZfnxqjxjhEQWmhuyBWM
0 218 33410 MIuiQscRRUdBEAJNgEsxHsxtLUiOnrepqxfYvjPMietWtdhNDh
0 218 33345 OBwaflDszECmZAPGHATQhILSXGmtNrlGSVimviULunfZkvjgui
0 218 26085 YSFovAyRcGIDehilNHvVeglEILUVRMEydqkxMnhdvsbQovpYpi
0 218 34281 ZHAqsVyIsrNkZOQcOlNNdwSDZhOigNBdjfsdKTsnQbGbYuQoRD
0 218 33979 lisnYsEjjZyqmNCzgPzOaWwmAmOdQhytHceJwcktPtRAPxFBjs
0 218 24240 wjwnGEOJdzONNJYuphtiowaXwCIIqYxWYIBiwuSLxqsICaHNBT
0 219 34525 WHCLVGkIGjgInGOYXDJDZMIhVgIJIfbEewfPzHrHsDooMwYfIb
0 219 23456 wqfZhVOxpjSrWnrRmGvGMcjnBlbwMNOHMvZopaFlOnzaZffxid
0 220 34635 EaktoXMMbSajpZJYgAqtdXJwsfETomXDVDFBmUXcFzOcARYLcg
0 220 28084 KYCNWinDoeYHEJXlvxDfuCHijaUFrkPOcUWstrXxTVIAOaHipc
0 220 21271 NPrmAIQwrQMIWedBASKPwWajXTdpoBLnajhrTtgczbOPJXaqkr
0 220 28375 RPXOEvWQhcgttsLmUNmXZFECTtXEoegdSJPignUGNNewtvVgBd
0 220 31040 aQNlGxyrYlaNyWXWZQxIMXVRSTCCAVbkbgNdPSKaPOWOPfrTAM
0 220 22454 gZkQZczzvGEfQvVNzqMRdypZiSNAkDldYqMzsFPJeWukeHGlNJ
0 220 20106 sDWxpdQlpZRllrLmatKicKYniSiDbAftBTNyPEmyQEHdnlaCjs
0 220 20180 tedoAwrzXuyrbnYzThcEDuKmsPvVgbsKjassXfytvFjuyMpAxQ
0 221 29381 TwIXFlHzYsiRlHzhpgQpvFMPoFaNzfillFMteVZdKtdJAAgchS
0 221 25101 XaGhcQtLRIrLFtwVSABYHXMTAFeXCDHwfmJOXQWUKupjVJzpKD
0 221 29267 gAAPsLKNSarFewZlfAzWCnhGfMgkOZVncxgjkBrHYtFVIPoxGs
0 221 26061 gxBnEwzuTlqnmyjmrDNgCnGGkJlITPYpmPmfyZGegqPZmBwjIU
0 221 33172 jgAWTkGwUICaRUXeaXevBjGVDJQvGnKVGcbNENDBvCGRXdDpBA
0 221 29307 scLNnBUAqIrFERKnVoHJkcVijJcZJUnJMEsJvaamqyMGfICWVp
0 221 28753 tdvBxTctalHCFWNVaSxWwaxzZpDxnmNdDSbJkytpbSMiPXzGxZ
0 221 23044 wQljAZXbkTELkHkFVuoZkFcKbqOuLJWBwVYhjqgykdhKcAmGSz
0 221 26197 zAfBurEJfSwPmmgjvCnvrzSTDkeswfbDfFViMPYowFhcQNdLrT
0 222 21808 dSgKxcEhlLDmgMJqKoEiTUZuKyegQclfIGTpDGxhTyEtqPbUHV
0 222 23976 vmvfpfRMgeMVMKKNGUWCNoWWhbzWqrkZNTwjqryfKfEKcgrhbg
0 222 20318 zVOjprzaIRSsLuWMEqGgZPMFIgoxIIvlIygiTtICSudhZfNMrX
0 223 32462 KRdcwIcojqHqNYkQDrgvieTQnLPtvhsieeuMVWvtXGmlBhWBTu
0 223 23562 PpJQYBEmXrmAGpbfGvIdYmDywCgSbYcojyxEIbaxxAlhfnxOjf
0 223 23380 RAZoABSHtENzTyWItpDBujxqJdrlNyShsNIYgORmJVccReBZKW
0 223 20225 YIGBoylISEdihtKejXBWwbGwNVSmgOsMMEVjyjfFXTyEVzaoSM
0 223 32524 iVgrsZMLzxdhUSggAGReeXIqXTwvxixJCiGspdJoPAwPOhgNGf
0 224 33761 gEqgdwZbOAdhFYeGlGZkPydqowUVKkmFqysONwCwbazxDEedgE
0 224 30443 vxxGNYvGlFSTGEvaMddQyEBefIbfMgNSQGmzQlkXHTyXUyvyVn
0 225 30425 EznNLohYUDXQhypFJScvsxGojxDHbUpWYZCExtgitHeMqYMvNe
0 225 25892 NNtDzcaLDoKLQnJpQOybxWrOAWTfrcsuvBAVkxfKRtnEhsrlEz
0 225 26783 SKEjPCIdJnqIQqHOfBanTPMtURhrUKuWoBdzGaSKOMoaDuDaOl
0 225 20214 XicdIsrnVtfizrWrMrqSeHoUsqBrSUumrSLQYJZnklIiFuMNOk
0 225 23481 buGTdmMdUbrIVCEAuoJJUUSfOitkbYFWVApYCiFDZaDwEYBHHK
0 225 21542 vyYuvNhHgnoUDDPOtIavYhqrCKmPUwNPkFqGfCmrZirukSNKOM
0 226 24036 GzHahuWoWSxDKjxpKWTCJCkURfErZDTiSnemCXjOuJVRbQwRvw
0 226 30479 JCvVofbXAtJPdmDSSiAJOXJwMubxGdsgyTaQfZROXQBtBNQKcA
0 226 34635 QOlIdKsDHgUsLfeJjDgRUbuZxIGjaCQxXEWQmJEtUHzGrDjWBK
0 226 28594 SWPvxRlFlUrFfIURztjOtqSyNxNfIJMVGgmnLlwszLyEzdLUzt
0 226 23011 iPsOUViLbhwdaouymxurckwDzCvAarGAlgmsaiCujjGrzyXvYR
0 226 21144 ihsVQHgARmqhosqaifzeYbghcJtymhKXMeadJLcPlxcwxCsRQO
0 226 23943 uhoLbKrRzRkrMEtIgZdWrxSxTqverqLUBqLiwNQuYDKBwIsUFa
0 227 29516 AnfDwoNufYnqQzyBBivbmVEipPpyMiVuttCHgrtVAcKajCWlwX
0 227 34402 JiZGbfGzvHiKBlFzbvYzgFTWHaioRLcGslgZphgCcByUxbDptM
0 227 22363 SeKDcQXxOnHldGoeXePtBLqFARLPvSMozNlOtEiHCgITxDGUse
0 227 25423 cadvHRsubJXCGHpmFHxkLsWdYsiyDVJatPUlrpvkhClBMBRzpz
0 227 29280 fDkYXpLyJnYJPlpIApUTBDeBqEgRrnhEWyGIhpjgEkxyFnuWCk
0 227 27759 gKrkqjpVHvGsGUHmMDTFSuvVmWCHDcCfnYRzJJhJBMOMIJDgJr
0 227 30366 gpZDGCvKNznTMrceXrvttBSdJtglXZdHujIQNtzvcfydnPGpKE
0 227 25709 mdvIryiAGsOPcwfondlhVmypFAjMXjCqSgWKZWTbhgRPQuIJkk
0 228 20967 xmZAIUOjnMaJxDfMQhAwiTtdLcMzaQwJUqjgiQSMwNNdnoGQdu
0 229 33147 AsQWckauxjLjvfUgoaZwJWIzfqWfHaENKCALSXCRrPcebpaIJZ
0 229 22737 IuZjXaTfVCgNLDPCAdTFvOWCXxKWOpVVwtxOuRwyPJoRGQPMEu
0 229 32443 giSfVrFcxvGLjhSqwzQdGLUGJuxwUxGUVsyZjJWCoyJcSexctK
0 229 32493 qxajeKYMLMzVjuxSUMFJyEyGnXoMHizsCLDMktAygebsvBftnH
0 229 32158 xWbjVfvqcOXmnKZxMFhqozNzkCgzEpmNLWCAphzSDhWQnMgbXv
0 230 28013 BtnuxrkfOuHEbuyGrXhSdrqrFgWuGHjznNlKmIeRXrEWLxCvuK
0 230 30421 FKKIKYhYyCqkjISLJBBSINoCAnOYzjQoxBYguzObbfJneodplH
0 230 26776 FSBsIooVdVuUEIdiBQKGJojIWByzZtrtwPCehiFmbfcitWkXkx
0 230 34498 bUWoWcbuyiJuSeRCnEMCvmpaqUoJYrgaJRoMqmbeiNcKjBkGWE
0 230 25978 eOhGnKfVLxOVFAFTzsJjFmMWkptrAjEGucmkdbFmGIgDnOQZRY
0 230 34241 gietlkOAXCnpahLfeiHiLwDNaxiptFpybdrUisCfLwaYyaaMmm
0 230 23727 gjCViUHEnIAZFiBMCGzHXauHBMDSCDEZIyCnEWteZnRtpXAtpE
0 230 29293 xbNevfhsbtSyFUcFUCvJWuDBBkHOyznssXmLeLFGpaSshDIgRh
0 231 28662 IBmGaoSIzEoKdMGqmrRlqwUhpkRaxOMEQXwlyVXYfSlfSGywaN
0 231 25035 MvpooRaDGJrOaogCvTQPowquxDvlnypYFngtqhtOgShGPYUjML
0 231 23029 UjpPQSBbSrLlbeDpwyLBKokALaVUEMpwQbUlMyvupjdDkuKAzs
0 231 31510 iCLlJLzYtIVfDlhptwsjoqpuPpiFXGAvsNEwesAMXqJTRuYZMH
0 231 28677 oGMMHZgmIEPCoAtOrZBiwmugVseBKffJfOiExDSsTOpMZAEuBs
0 231 31708 wzzjsDVEZMQGLXrrEHJdKwMImbQjukOfWcAtAyCbixneNApZrV
0 231 23625 ynGlhSKsDeTZiSUoXWdBeeKNmZDGqhkenuuaaRQvIhTALHcNRt
0 231 34769 zDTdBKJGLBUqQWYSgNeJWfxzVwyryvMGEuHTxOdIZbWnVecwvP
0 232 31123 jvMEFrXupxaduDsDXnkoYegnwMaVAjDhOqOGhJIbidTcmqHkzm
0 233 32274 ayUhxJYyrWElQGweJaeYBYesZNWrzvXInnxEVnXaFWpHUdySYG
0 233 21298 mZjNSWaraQOsIWCskOXqpFItDttYTFoCXBCPcSsgOrSRlBJdNL
0 234 20958 EkvDZSkiJpssaoToQsepALOlJhSikHmQJIRwiQlDTohoZdAAPb
0 234 26536 PvXymyCuGnmaHNySgWPJARxkPhixLwcbzlGApGfTegciQNFXSl
0 234 22928 gstQoEwbggIkEVYioEgpidAlmEUYJVOvGicSJlLwfPKXpmLPDe
0 234 32026 qrxFXAnSdgqQMZXolyJbTvAZOeDctFJKybNSFzCwyCijaSWJKU
0 235 28095 HZJECiRRnjvCnELMwiEzlzCbIGuZZuauXcUmvFGjQmqQyCDrKO
0 235 20313 HgKGwiqkigHeSMmNMPuAhFCHWuLrtEkxwxsRJvsKstdYsqrals
0 235 21051 fxOcYNdnMjgOSGPimydxSMGASjulTCqfspGdBZQiZSrUTEotOE
0 235 28137 hqquUAmsWzWOdcTENxYqUtdpSlqZrKbBVTmlMwSwccdYvvkvXk
0 235 25400 sHqgkjxbdriNPajjqsxnDNVWQOqrECnZyeiMdqHhemtfjGEizA
0 235 30530 uDVbSUfcLvkfARapblVYHAxGdQcptAdxVuTnOTIxmLEwrgpEcE
0 235 27412 zaTlalzUUGhMeytJjdoSNFqIKqjTNVObQkFBShOmLEuhPcVPQY
0 236 34793 ODgSGrLYsmIHjZZVkRfpFAQxSJHFBOKbVrEQLRiuLBdrmJoLFK
0 236 34058 PQgfrooSpXPHbkgUfUBoXKKOiYdsFLVbfOKDTxxhNyBPQcEVUl
0 236 23373 ftdNpIZlbFlTBALKrMOCbUMsBiXPpPIjCgoFBoJdyjGsGZawbA
0 236 29839 pZzPAATvBhdKoFbJRRJaTMZJXSbqEOiUmllqCZcTDCKqCXAiCj
0 236 26316 viKcVxhEqNHXiiToKPzQvKOhTjfqjMqcPPqsOxXGgMxeztjLGf
0 236 22942 ysEpSnhYsETxaGDOESFvEOOVNrzJdTUpMzhqvGrgwxfIXKHZsB
0 237 28612 JaeubilFxfTYOogrkNtRycQCGnFWiqKFmTVnCekfqOFbTIXmVI
0 237 23150 OTrpqYdDXHVFTcSyDyoFqluFQGlDmfrvNBkFBNlgOGAyoSJGyZ
0 237 22109 iHhqxRAaqfHjTzXTOFqVRvMdulSQcffqwNpgySuwrzioudVftF
0 238 33717 CETvFRlAfcSOOHEGCrrJBzhLqSCIdMsKDvBJoBtstzXAtvtPBP
0 238 27171 CtYTiFCtplfcJvumMCdaADZONwvTqPrXbhvdbMCyIXWlSVRiMN
0 238 32903 OXjdUyLFGYDjpspgxwMYvULuPHHbBkRtlDfFxnjcXLQDLBcMqR
0 238 34639 UquNmhAVeDouDyyzctBVqoYMaGbafNdPXxBAEfBsDRcqeUtAzh
0 238 28973 XAVdoxNvmVmmoMahsuqUyayDFTbvBJHyWaVNjOMUUxBFZjdNeZ
0 238 29130 tALgurhNrhzYDxAhJeXEEpGdeMaGjcFPkFWQucYVdMKDmlACdj
0 238 21792 uhrfhjIXadsVWQTxxurUITCWtlkBsRVvgHTuxwUDFtTzVgcRQy
0 238 34439 vbzddGaBfRenKTcdnghWzJSXjzXFiyMKRdxnhemrrJGDDKzTto
0 240 22558 GzWHrjZcewbYpPWRwVGzhSHKyQQjfKgIpnCmonLeMGAPNkZVUe
0 240 34194 IUtjlqypNpgCSggOTyaZWEicaPYRzCNpINshqaCyOjYJqreYgN
0 240 27082 OFJeRTtvtrsbrNbrIEekjTPPEZuegvtNOhOEFXVaHMYqehHvvj
0 240 26001 PGgQOQlsZsDnFWgMYAgDhhZNMmaTPotGrINQzOXKCLyWSZWbYi
0 240 24409 SebEzdUfRDASmirywFOBvBeIOchvyhaadQsEdMcPHcXTnZeKQx
0 240 29086 SuWJbSZLVFcqPNLGkxhdsgqkAPKMvsaJoAKYzBwXZnOtOCbDWG
0 240 27064 ffhzUYAnunmxbxVAQbdvUGjNNiBrSvjUUQxgcSxZncoMJsuaFw
0 240 31109 hOBsRtfVXYIOJGmYyyIoUgdGGqohTdxEpBtvSwvPuuNFIppWKr
0 240 22114 venANvXSwcVXGtBIjQhhDNERpoOXVXPIythyLJwyhVkMQLglQk
0 241 29352 OpwzssVwwsymQWukRQGbWbbXJultSwifiRBrsMNwjFeeTaOQMT
0 241 33264 WSgiqgqKUOexVSqyhxgklDgOQwFSOfTlOMKDGEXKwDGmOXjDfP
0 241 29706 zkvAgCUDiOJcOWOcZGQxaXHNauTAyLLPHNKconXKqJGUeXmblS
0 242 34983 ATwpjLDuhIAhqiVxWRILOtJrmOloGZlMwfAjmNNFusqrQPYmZJ
0 242 24495 FTtLNQbBiBGjKOzBDsoQDSKwuqlaRTlvIjqPJbQSlpWShiWPdM
0 242 21705 aDkXPEuPHfikQAAAYoZnvGcjZGOYEZgAayRzXIsahiFAVqByEF
0 242 28254 gtajreRKpzwiaCPPFnMLALRZgyfQAGPEvrfOVUSGhxwgUoKKkI
0 242 34487 kjbNlrJdQTOfGmOTFioVzynaSMYndQqOKtUGNrZlzezAsgXiuw
0 242 34462 tmYuyzIFKDPVYElkRuCAOOlMKZTZAwENoCsqrMvvZLmkMJYILO
0 242 20899 xCZEyYFOEGDBzgucjwpwrKpPNIwDuQEXLZuhFqmdxnUiYKwiKM
0 243 20886 VapmIbLaNBgTNLkIxObQWiDDCIlgRfjUcGGJuVYSaRgIsMmjqC
0 244 30465 MMRpxsrdeqBNBhFkOLDQrnsXLGpVszZEHulIwEiobEFmQtCdoz
0 244 28895 RxkZeZevcHrcCfzVRYkCqUbSrvTBXhlVsJgBDVNzyHUbSmGvKQ
0 244 28278 XpBoSJEhgRsJNLBNUoRYZsCfSEzmFepmVcFCLuvCvaSMrNCbQw
0 244 34282 ifieHhXhCmDxEhTgvQLUcwXSFrKLxKBWmTZgUJXKWkGSwDgWXm
0 244 21131 qMIjTFFXopTWrehpvoUfHfaMvZYKOrpqLStDAXTRJtjpLRhzvX
0 245 28904 EXmQAHfULgyJhaJOaIvwMUxHzANHhAtEAKKViTJNlNEYlnxQRq
0 245 31135 FQaSPPRioAJFMvYQltFMHaVghlApMMnmKFUmhBSWOUILEkIXrv
0 245 26018 YQJhTRhPQmHsAGdbSxChQWrIjChQYNtmUMrJZpFgWwsMDDcanO
0 245 21024 cNtlPdDZMnyCwuqYBefdxsKrbckSPuyIOBUShJOhWdbxSrpXoc
0 245 24863 nPYAyUSDwaHWZSeflspqbvUULQfvSZNdgSbCgvEygqmOqeBKtW
0 245 29150 vlsNntmgHdQYVFGgJnarkSvbFUfEVkvDCyLSfMKGVWqInVzxYj
0 246 22003 DhrAjNPXHTjDhuFFFMHauedtwsWsNFRwxixsuYKikdbDPcczai
0 246 21838 GSkNnLUmLaUCKuyFQDtKudEbULDTjeyQlAhTOzjycghKcVLmFa
0 246 31569 MhbtGwvIwASGLUgswuyECkJRPpJOKLeEJeVzQusxVqmlSjfSea
0 246 27458 XQcWGCzPwhXNshxTMZzuOoadAcMalgNPtoOrRRKDySvfAVtioh
0 246 27980 iHoWqTXZATeLHTEljpXTYovSUtiuooykvJrqGSgDabGXAoSYBV
0 246 21251 iqFqmNdGbhuyYeCEJnlHrktitIXNFilIzvcJEVmzZAWqqYkDEd
0 247 20873 KMHzEQgPinlMoTucIOtyMMeCXLLmSuDyIaauknbtffhikoobEt
0 247 23502 NnfekMBqPkXiSmBLqZeoyhLCHBudTDOZimTBbTmrBxbCUNlKNU
0 247 29362 ZIZMCzLXXswIBzNhzTecYDcUFNDadwJfKtgeqHDsFmybuqNWyL
0 247 34321 krPMZzEwPmBtXhdSevNBkqWohUkChfCNMkTuGRAwcYtPyTjRWh
0 247 24791 pJiEEGHUkmmZNojPMvMCNrSExCRjxvzhrmavfiHaHTHCMQVDzD
0 248 30939 AnxSPRbtoxbDTBvdCqFYRIPINgspHYDUYkTGqNsQebDSWkmYqw
0 248 21651 NgSvKgfgrhiUWSsBlyQbLAKjGLnQXHHVpWdMEkVGgNBpWzZBmK
0 248 32211 VCiDHRaKLWFvUeVTfluAmESeRufvhYzPhoUUSRFmVYMNHvJvcX
0 248 28571 bhhNClEqMTgaVbQZBrklOkBhICuwOSEijDrrGTevfRznKvMTLw
0 248 30192 hiQdiWKSEkuFvCrUfklrFqCbmSqukCGoGClvQDtkYYceQnVaSA
0 248 23788 izHSuUvpbaLnxitRXRkkPQPsSZGlvGkFoNXOkPpsIIbybgCKrU
0 249 27980 LtUDVokrBnyuabkukKewSKDPMedWALQizzgDiUFTTOqcijRtXj
0 249 25214 NEGUYozsYJAXqohZSuqpFBZyIAIdhXlZpUxVFdpwuksedBjBYa
0 249 22304 PvDArTCWdCzVMQBFhYheLQiQsSxqeNHdSwVlaTpOZmptkyYmqF
0 249 26187 cmioaQEehABdhhVmrUnsRIAtqfRrurMlUGbMjYOtGbnnHqvQNM
0 249 33854 dahqwZJssAKWVknLDYevHUdUDaCMcIuuHMLhjKDLluFvEEbMRt
0 249 31613 vIJQBOcSZnJOdXGTWvpPJhvsLWCKrycWnmeNsdZPGsCFGYWMsZ
0 249 24833 zYizImOCqEqTBHWnLGFZVhHQITVcypiTMwKrnGgtFMIEfwUftk
0 250 32268 ACjLuoIszDghrsUXgQrPdPAPOcsTsyIJADHiAGvSpcYpEkFHIG
0 250 28057 HxnypqAekyHdFORGYgtFIXsKwprTAhnOGgWkuWBYCvusKHLtOa
0 250 23929 SUZOXwiahTcyLHBDXfNpTXzloYRBgfneWARLUNPEtUEwENfalK
0 250 31633 TYfYhALyxHTcnozITnXiFluFzwQnUaqrdIecoGRPbReYDZXicZ
0 250 22990 emeohHyCsyacWgqYbWtexsLXyPbImSBbKWtuuoJlZIFKeqEMnF
0
0
0
0
0
0
0
0
0
0
0
0
0
0
0
0
0
0
0
0
0
0
0
0
0
0
0
0
0
0
0
0
0
0
0
0
0
0
0
0
0
0
0
0
0
0
0
0
0
0
0
0
1
0
0
0
0
0
0
0
0
0
0
0
0
0
0
0
0
0
0
0
0
0
0
0
0
0
0
0
0
0
0
0
0
0
0
0
0
0
0
0
0
0
0
0
0
0
0
0
0
0
0
0
0
0
0
0
0
0
0
0
0
0
0
0
0
0
0
0
0
0
0
1
0
0
0
0
0
0
0
0
0
0
0
0
0
0
0
0
0
0
0
0
0
0
0
0
0
0
0
0
0
0
0
0
0
0
0
0
0
0
0
0
0
0
0
0
0
0
0
0
0
0
0
0
0
0
0
0
0
0
0
0
0
0
0
0
0
0
0
0
0
0
0
0
0
0
0
0
0
0
0
0
0
0
0
0
0
0
0
0
0
0
0
0
0
0
0
0
0
0
0
0
0
0
0
0
0
0
0
0
0
0
0
0
0
0
0
0
0
0
0
0
0
0
1
0
0
0
0
0
0
0
0
0
0
0
0
0
0
0
0
0
1
0
0
0
0
0
0
0
0
0
0
0
0
0
0
0
0
0
0
0
0
0
0
0
0
0
0
0
0
0
0
0
0
0
0
0
1
0
1
0
0
0
0
0
0
0
0
0
0
0
0
0
0
0
0
0
0
0
0
0
0
0
0
0
0
0
0
0
0
0
0
0
0
0
0
0
0
0
0
0
0
0
0
0
0
0
0
0
0
0
0
0
0
0
0
0
0
0
0
0
0
0
0
0
0
0
0
0
0
0
0
0
0
0
0
0
0
0
0
0
0
0
0
0
0
0
0
0
0
0
0
0
0
0
0
0
0
0
0
1
0
0
0
0
0
0
0
0
0
0
0
0
0
0
0
0
1
0
0
0
0
0
0
0
0
0
0
0
0
0
0
0
0
0
0
0
0
0
0
1
0
0
0
0
0
0
0
0
0
0
0
0
0
0
0
0
0
0
0
0
0
0
0
0
0
0
0
0
0
0
0
0
0
0
0
0
0
0
0
0
0
0
0
0
0
0
0
0
0
0
0
0
0
0
0
0
0
0
0
0
0
0
0
0
0
0
0
0
0
0
0
0
0
0
0
0
0
0
0
0
0
0
0
0
0
0
0
0
0
0
0
0
0
0
0
0
0
0
0
0
0
0
0
0
0
0
0
0
0
0
0
0
0
0
0
0
0
0
0
0
0
0
0
0
0
0
0
0
0
0
0
0
1
0
0
0
0
0
0
0
0
0
0
0
0
0
0
0
0
0
0
0
0
0
0
0
0
0
0
0
0
0
0
0
0
0
0
0
0
0
0
0
0
0
0
0
0
0
0
0
0
1
0
0
0
0
0
0
0
0
0
0
0
0
0
0
0
0
0
0
0
1
0
0
0
1
0
0
0
1
0
0
0
0
0
0
0
0
0
0
0
0
0
0
0
0
0
0
1
0
0
1
0
0
0
0
0
0
0
0
0
0
0
0
0
0
0
0
0
0
0
0
0
0
0
0
0
0
0
0
0
0
0
0
0
0
0
0
0
0
0
0
0
0
0
0
0
0
0
0
0
0
0
0
0
0
0
0
0
0
0
0
0
0
0
0
0
0
0
0
0
0
0
0
0
0
0
0
0
0
0
0
0
0
0
0
0
0
0
0
0
0
0
0
0
0
0
0
0
0
0
0
0
0
0
0
0
0
0
0
0
0
1
0
0
0
0
0
0
0
0
0
0
0
0
0
0
0
0
0
0
1
0
0
0
0
0
0
0
0
0
1
0
0
0
0
0
0
0
0
0
0
0
0
0
0
0
0
0
0
0
0
0
0
0
0
0
0
0
0
0
0
0
0
0
0
0
0
0
0
0
0
0
0
0
0
0
0
0
0
0
0
0
0
0
0
0
0
0
0
0
0
0
0
0
0
0
0
0
0
0
0
0
0
0
0
0
0
0
0
0
0
0
0
0
0
0
0
0
0
0
0
0
0
0
0
0
0
0
0
0
0
0
0
0
0
0
0
0
1
0
0
0
0
0
0
0
0
0
0
0
1
0
0
0
0
0
0
0
0
0
0
0
0
0
0
0
0
1
0
0
0
0
0
0
0
0
0
0
0
0
0
0
0
0
0
0
0
0
0
0
0
0
0
0
0
0
0
0
0
0
0
0
0
0
0
0
0
0
0
0
0
0
0
0
0
