1 5 42314 NUBtfMUlRyPfxjQKATBaNwMxryWAnbLmgouVyWRnkGnfbXAGuj
1 5 36152 ixZNuAdsokSCjLuqUpQLYVQIizQggDxXxEalFGSDhNQNNYdLGk
1 7 36650 ViWUdecituUGSRkIuyxKgAleoQSfsrPFqKEHQVMDKcgHSzSYeG
1 7 51513 WQafzNOQsgIIXwgZaZPbTjFeKmTdUVhgXYGituzNTVETJQAkGO
1 7 32165 iWbEoFrZUnKxjhmFyfiszoofwexZWcyndjEmggxFGfEeSuPIKU
1 7 38172 yduayjhafuXAYzWXOagfzPhPEKwSzZzrLkmUYLPZCozqiNoLMF
1 9 39170 IhtQwqSupALqoidSYcPpjKqhJIOTMOLtaRVsjHtjkVsKZyezml
1 9 34212 uYwKWrydADXUgYCdHquyXYpaiYpBWajljwfyHPEBmBaOtUXXCy
0 5 53061 FZbXIuzwssZAMKjXWzGXGPfELWRuVdLqxkRbLAWEijZbQEPXUX
0 9 49651 YefuGwPVKvnoWzClHQXXCxsJSlWcOqZdtSSIyXlSAqaQJfrKyd
0
0
0
0
0
0
0
0
1
0
