1 10 20723 DUPuuFIPnUyTUYhJXATirkVLEZPFUWIQaRAJaYDPyGYETJRvix
1 10 24391 HoYKkDwwhmjfOZgejNmDLZzzRnHpfkTWBBCUDgQcajAhqoqtFS
1 10 23989 JuVnCJQXOkmMTMmbYPPJgCjjGmbqKuHpeGfOiGLyhaUwajVsHb
1 10 24295 OAaxtyqBwBKCGfyRIrtcxOAvjoPXOIOzKAiMORmEaNjbEKFXKl
1 10 22174 XNfuJsJqGbFwNnLJyodbzYCSLXLytnTtwkOXFqXgHvboVDrwRL
1 10 22376 gquDeBnPODNQjvblWinAEFndAiiGgwozaopzyfBRxgRRrXQqJf
1 10 53061 kyuIOJGkJOlTayGoaLfrEFfGvAEvhmhWZSDrbRNBKCbBCsAADn
1 10 22845 nWYDcUHGJvVuBXXcsCzGEycXYzHjJtvtuFMfOIPKRoGpZlQsea
1 10 23806 vMppXCOgWYAFKyNyNgqrhobbDVPtLPqcILXkjjEUAcUBvrXyhj
1 11 24486 OCorXMzfcfnqajgIAbbrCYatihHpgMiNQWUeHTwtUlQGBXziYF
1 11 22828 OYijcWTCpRboryGBbBwYwrfLEVULWFfABdzPPvgaMaKhwAMmKO
1 11 24336 QfjnzvgiIMOwHnxmQlcdtMUCLDPOootVDTPPbmorwAyApEvmgS
1 11 24849 gadqpTilciestMDPjsHTSRtnwKBUnoOcSiXtEiRFZPuEmwjyeD
1 11 25166 iUJjKzgjLOcBJUmvMwNWlhzHPoYOCMOIfjIobzUxMpRZJinEwH
1 11 22049 rNqrGGZYXjCeJemHhXREbdNnykuDZwWuuKKRsyNDzfbwDQbegy
1 11 22449 svcigrZADfrFhMTyeFyFQPWGAzSNDAijtFNmQsoeldbXpDVEGk
1 11 23777 vlzlOyvCXBKOSQkVrsPpkcLSGGaRSDPQfmHTtXyKXXdBAJwpoF
1 11 24048 wYLNDuLJjfjwMHmdHdqYzMuhlscosmmQmJQsWBOhlGoosDtmmn
1 11 22244 xpKSTdqvDMNtePdZWrxoZQCARQOnMoZuFyOjpMizBVjOLuEXsX
0 10 22322 NdltiThfZsVBFSUEkcUaaDcieeZXWHPwoWjOKhSoPOrCDzvqwM
0 10 24500 OjOuYLPFGtAhiXUHuiDhYoxCJfUFDsxWzhaxnojMBtIiWgCPPE
0 10 25278 WIhUgcESvRGahdvyZDcuYVRmcjOdjpvJnceLCdPQNNtgOqPrHX
0 10 21695 WxNWoZAOReLVuaNKbZTqWEwPBkgUHtTvpdluZobANZMJCRHqHw
0 10 53061 YcoJCyMLgEIYtvfCYwyGXgNMGCZdvXacMbNKIPJnPKcDebpUuc
0 11 22428 CNxKmFesrbuCfnNHSjpleWxhNwhFwHwbqpKzaFLriXJPrtmxSh
0 11 20314 DOvhyBRTLbMZGeAyoFAvnTVPeRNPXMUxxgktbJajLuaADMgyyh
0 11 23065 KNfgtTxKArNoSfOsdIYlSQdEWqIZIHDctVeqCUBtRZbkzHZYrs
0 11 53061 PYbtXMjxyxebThFoXZCNthzgPKARcZzweRocCQIwUuqivfEWxO
0 11 22695 UchJoHwhIKRuhZtjvtmOOkfCVCedAEPOUjyRPSBPImGYamufAh
0 11 53061 lOnbomifjXVJhXGxnOXcGGzwOIpOvyIhoOvCiTKdNDykspLJxs
0
0
0
0
0
0
1
0
0
0
0
0
0
0
0
0
0
0
0
0
0
0
0
1
0
0
0
1
0
1
