1 14 20687 gsWIDxLlizZVgswwsVtXqADcWjjTvnGMwVzlBSSDpWrTQtdnOK
1 21 23030 AhNqhErixNWphbMsAtHggZRJbtZdJFYtDVOkarMsMiZgKUNcGb
1 26 20008 TdxddDOWanrgzScqZnuBWgxOicBkYFKtruDXiSqcJUDCdGgnbZ
1 28 23267 RigMappThZviOEjFmXrBuIkzvtMmfQhnJMoMQpokhCuHiWdTWV
1 30 23952 CxCZOnnRGTVGCabYHHBzUxjkzTWFGdTPkOJruZGdFuwyIWEqXe
1 39 23242 ZuKGmdBDcgcwqhnYCDdgSygXCqcIattIhulDPiwRbhRUoMFgMk
1 48 24190 UBISSWVqPNvTmesgLrJNCsSEieLvZKZiGXPVJCZqpKDKPVitIX
1 69 24244 lqDYOnSOCZJWJZZltOMVEWAqtmtxlJryRQgIhcWDOeIsHxiPYJ
1 69 21670 pGqRdNKrlsGtbjRTWDBFwspUBOdBuHJQrELIvPqwOAvyUrTukv
1 69 21603 tFIjKQGIjWiVlzndiNPIjATtWxqagOwVefgxLetuiiCCvlWboj
1 74 22880 COVtPnIUyDdeOtWDYIyECMnZIytOZxLKygWSHMtQqbPXhsbZOK
1 79 20319 xUaBeeMTaVelspclqwDPjIvwhZopWEQlrRSFCrPjucUhWzIYsY
1 86 24007 RGbzEyniyqBqAohxULMWesfHtQrBnbHCvclhPLOojkEfoFuFQx
1 114 53061 lxRVZprZHATijMoPlBtgOENGjmiAiFANxEAlGlACTlihmKaeWx
1 130 53061 hsAvWsFdNRZHkDROBeKsbRwLjNokiNzxwedfnhNPJjvcnPnDrP
1 134 20967 bRrSBAEElQJCoomoSSydyqGoKrNitNFpUrzFRuNRmtHRtYGBLM
1 139 22368 jraLhEQKuMiHbjSqxNPwfGhyLRGIWIEvruDCGUiAfOLFSzNocr
1 155 24754 zGEuzyhPzZQADDCMrHRuYCGvpdPjdhgYRtlkZoAqLxeurbJTXK
1 156 20612 LWjnWAtoAFCWUltjQddjrcPpwhyPvIWmzsEinqmGcNfgNQZlrd
1 163 23545 BSauCRIuXKTUIeHkSGlpqhzErcpUtylttvXyEiRLWOqFTFeevv
1 183 22646 wSRtNKZSvYQuEdFmXVZKIcAGjTeKeBMgZjcGbXGTDTetpULOfW
1 184 24837 qRepYzyWTsvseJDiaJDbOWqpNuGqaFQFzldRTOcCTGGtTWmJJn
1 199 53061 zfdSvHGdMrdkETZgtXfBCINuSdWiODxyUsSEVSusYTvkpTFlJy
1 203 21641 bXZBZmLZNzxKosOzgccQrYnPJcQwtVSGeTWwkkplcMKuApIfNl
1 209 23624 RBOSCAqQuAkeGwZrGkJkpCPjsDJfYrTkwOpYbZESEvmhTPjhoo
1 212 22543 bnPeWBuvRwajUKHarKoXjSDLPGXgBqFSeCJDIBKpkoQDYOZsmA
1 218 23134 bYJtCxfnTlPBOSTeTEKCLsFrIeoOtUlBHbNhtaZMjzOOKjseOl
1 223 22161 LBIiqYzcyXNFUDezMVPfbedHnlGrXNFEziQJiXXradiGjXPtQM
1 235 53061 cBhfUVpoFaKvyiNdphmcaNfgDXjGxTBIOzrzugRkUKNqRmmWNM
1 241 20975 ntIsaVYpileJKtzgyJHtfVnQBoRfYLanzBJyNrqxMovEqPtmsY
1 241 21380 xtBQOXxjklPgjthioKynKeNAZioyVWdOxXPHneIiVGWllvhxLV
1 243 23758 cNiKYtKvIkwujPQhPfJeqXVGhxPzHDQaXfHOzKThCdujYoEhyO
1 244 24536 TfCgBQIJdmPxtkHMXxiOxsrslaWJSdJpnsZQBeEDMhNtTRpnEN
1 244 24492 eJcVeUMvDwJJaolyhwPwjLJeByAejyCZhnHkhlOeuJahpzMCvs
0 6 22407 IiuEqQZAwgiVbJrjhKxLVucJghiVardBiweYBLhclykkYmrJFQ
0 7 23365 QVHnmRziIUaRhprnwKoDTszOgSkWykCiLtSqNeNumUFRqOnTOU
0 10 23780 bZkwBoyVXhivXSmkdfxRlXSYxtKHrVyrWUimVOoHrixdhYDDOD
0 17 53061 GfFYFuLSjaERMduYdIesqzCOCDMNqXDazEFYDeKHfzKIsruecB
0 64 23324 OlFtEgjulEHokHtoWiyXYfBERFFRIevEGXMhSksnLQiyoQYNeB
0 69 24880 qxSBpeshGVRRljQcqjclPBbJHgXLmgOjFJaEgSmCFSBmtffqOQ
0 76 22611 YtPTfaHkmnSSEbVHmBIxdjUjCdbpaGCKOtcLhUhwupwTULkHFk
0 114 21143 JqHXMLCwaqMdUlrHiuSVQtUuYnDGxdfwdAklZKvgvKoOSKHUkd
0 118 53061 DnyVbQgxYaCjbWqNIKATzxQAoDhVVaYmMyMyNqcgQDaFhZiZnM
0 123 23750 XbHFdIFiOdxNFGoCYQtjdwKbulOtLDaFgkTPacmonvKWKbiJIq
0 135 21590 EbMMkIipnfKrhniaaayyuncNTxHbAAMWfmUEYgPLcZkPxMYRCO
0 149 22173 FAZdSZuzrivPTAyqMJkIvMfQvwDcEcImAKbINUukdkHSWCIYBn
0 153 23705 UtfkaxNjTHLWNRSpHxyWIJFpaCahvFkttHmgATqwBdvLOumhEP
0 161 23084 TrysudLxpRQbBXHVlsiASAdhjNQmwMLtrofBiSmoQNfGpTslLC
0 169 23267 vDCejSwgrPWXRuNTxHVkzbILEzEVdkqAReESFENXvLKzIZFxJT
0 170 22237 ZgaLUymlRJyRtNEDEdODfvskvjhBFzqWamyAyIVBwLyNvHdVBT
0 171 21179 iOhXaYbPrfXPCqDrlRJuzrfkdSxfqRJZDFllQCgbHzlcxCzSBO
0 175 23249 qnNGxOliMugnlXhxFnNeoEYpZpjDeNlYbsZKjstGXyOmZrqGAc
0 176 23959 ZMghUYKCJBoiGBPZBSqabfZBLxqbkDnNGvifGuSyPMsbVMQqqm
0 177 53061 FSGApyOeXWNbmTbHTLDQWUKLpPuCoBqqywrRnptmtFCpyTJtDB
0 214 53061 UaiKZmmwxmVmNLXzbSTFcXXCeShfVfrXmcJvANQvFgEOIXnqED
0 216 22164 yXxQoyDcgQuUIdGtWHTdjQrCedBqrGYjCQTeEzZNyloxUjXFuK
0 225 24098 LhVPDbgvTypYnHWyREZLMnEozFCywSpxPsbLOoRaivuNqyHZuo
0 233 24539 kMHlxjdeIEDgbCkijyLXbxWLfGEpFzuLABoAMbCXkxpVCfEewv
0 235 20286 gTFRynVOVBCMpUcMTFBWAuLTWIahhimOxbWDlMkKhiuKjoKrjP
0 236 24270 BjWuHjzbQHpKFSQMEfzwPuUFunNkxUuypkRQOfGbhjCGWIWKff
0
0
0
0
0
0
0
0
0
0
0
0
0
1
1
0
0
0
0
0
0
0
1
0
0
0
0
0
1
0
0
0
0
0
0
0
0
1
0
0
0
0
1
0
0
0
0
0
0
0
0
0
0
1
1
0
0
0
0
0
