1 23 19638 rhRozZXqjGBCvFmHpyBzxCvsKLIEVPwqWrIvQmoiUrfxwODjIo
1 26 8336 jDQhdrjRGJutBbBtmAeAEIlzvLBsBzYunGOrvZiRRNZnxbrKda
1 45 5983 LzLlfhdBGWmpMrtuEaFuoHsLzudZQBnkLxtXrQGateNdpvanTM
1 61 14767 sreRuzDEqmFbohpSsybpGZuFrOBrOEhdnTjSNJbTbLrWMwUlOh
1 65 29846 xCzVWVuDMhIponxbgKAbBipJwxlmONImnDldGsOTGYvtTLKfzE
1 67 26148 sdFDQqSRWWYJYhaqQIPjYxIycHMPCgQHlvMQcFmDONCknIZbAs
1 73 6410 hGqEUiAmSlNaHLRqLrIqpLXQeeeeUQYJQIMwhYjuZSkuTDZvRy
1 92 26873 byyDPoJcbUQaSuISMOmRWDHtTJCmKutjYSlVHrpBtwEDnSxftY
1 93 8445 RVNrGDpdBXGQpqmBcgIHPNfcdeCoovcjVTRmFwHfFokQehNogS
1 97 3241 ifCnNTxcekbjxUkavwKgBZyvOEptGYPbKNxXbgszSfadyrQORT
1 116 26495 ssinPPUdUIWMuFPqkqyFsLQmtnchrMypYtiHujmKvowEQjxndu
1 118 14849 AFPEKEhIMGlfDryiMKchpHkBQPyrnMtZqXJmixYBcTMRXaDmRd
1 120 27325 ISDerfWGxEjfnYncTNKiEzgPktgUDAqNelQOJxrORpUuEbulmd
1 121 53061 OlWRUuWcnVTyBGPZgcLOfZEhiNuIltNpsKWQzSpxvYFfVCpjYo
1 121 8944 TbKflNmZtnizdbdyVKseYIKFTzrRtznGOostlOBzZkHqxXRYQA
1 124 4980 cfUUiCHSNSdNbADXRxrBgMiLrPiauoRQwjCvBJYLWJOEpcgYgX
1 125 8488 SXkPEFtMgasRUYeyCMwhBKinLHPMwhmvsOFuHzyzWrlYXcGpHY
1 132 53061 UhWScYqbXQAlNisZezAyFGfLWQThGZYsUKZWaEASKrQANkpLDa
1 149 13902 BORqUegpOryjetwwiDABGMsnhfGeDZXeWxNdCrFxcJIuRxIxRM
1 158 4785 bInXaJnReOXtRZOdwQbiuomixxCqtJBUnYNjowIJemsWDrfUgO
1 165 16133 xcmuIFTaocFSRZZsOKjzNpiaudSYOLzESCJFswWPEMwotoaqNi
1 167 29834 YZqeiXHwrhfWpbpllirHlgKoulKAkWdvctqvDswaCsWrfObCcW
1 168 20066 JVPmJCMrQZoszSIUNltsiUnnHCmlkeEcTKUHQvwzUuxLJhskxn
1 170 53061 iEcXsuDJGTqkLRTKhpoGbBYcftcEieOufRfBLWRtUVUwWnUkRv
1 170 2401 oWpxHaAPxoqknlnOZvIEuenfjXKKObDGCnwPHXPVUIYvLJNpZS
1 170 25155 xUJFhkJyRufltYhGuLlFChWxFIcsTEPLGXWuYGpwzBXTAaSjlT
1 175 26355 EFNkaVWiKjPeEJnLNtZakvvsnrqhfHXbwCITFyFrjUoUkqhQnb
1 175 17538 iOlyFvocagDPbrkWmPihQNTlMslnaBHXgbSmVPESoMQJvpzVUE
1 177 12478 BYzFTgNBrFweBpqRtHAJqdywVaXMugblWwLbEvDpufWbFtqQYl
1 177 23601 EsLTCufZVxKUralgVxdgwmmyJVPabAjVEJgWAoxOVHsfEXBHMJ
1 178 18293 mYMquDxglewTwHLQXXwxCmcVjjoowmkDMfQDUBNQwpswHfaxuf
1 186 29257 paqVSlFWghYYArehxOguILeRDSVjHvgfJcopCYfIDzcxlCOUsV
1 190 29848 DQZlCJssYfSxemrrmoliVYlBNnoJUthmRIrCmHLywPggYJthLw
1 190 29293 QlbqUAoQsRjWeCqQligbEGQIbSUbmKmINfklQzbRCbUckIqgOg
1 200 53061 RpwRyfqmsXsJMrMtIrqeVMQpxNfbnuyGKwhYpOkWmCiJYOlhan
1 214 7834 NqLwNJRallNzVXvNvLuBIsYVqqaEvQUGKhMytBrutHnrUcQXbf
1 214 14254 cNoMIFriYJIgBxEInvsNaJHrfIMTEUNCTZtGLwTCAxpFVpoUoa
1 215 28812 WnAZKFxQrasXifkhPLdGFjQwTeGCNrJcQgXaHoZcjgMsetpSoi
1 230 22495 FvviVZJLJGUnsMvFuFZVnAHGpOwfTqfUEmpHuxoXREYDQnUpSr
1 231 13432 mHeYJzhvjufLSeATulpzZGSktuvSUsOscWIrRuScXPzFZWONxb
1 235 29902 XnVvWFNBYLpgkpByzIrbOZIQKNHlavJoZWZdYUTMkSBqUnkwYl
1 235 27764 dYofzpYzCopGSPWIMXgnQSGEisTxbLzjfwlLokBbYUZAotYuTG
1 236 29601 unoqmnAeGbVbfKtZkyXuqIqdgAVQSwQuNfZVYhNhfbYZTgGYBS
1 240 5133 AXFfqSHOfKmpweRTJopgXfbBMBdRHmiXfCNtskiwwtFdRiOCei
1 250 8738 RmHDxPONxJxSsHokedgrKbvbytkVlZVanIIeAHjMjRCzhvEMBz
0 25 53061 eMhIUmxvHaCLznAxHiZxscPfqosoLKGUyyidNIxMnjFeGRjHsK
0 29 53061 vvLthRhlluYQBcmuuxhZnqvQPFQrlKrzkbXoZgekHfhYTYVmFR
0 33 7752 ZcOpXvyHSaXUxGwKxrlOZRTwtgasSuAmcvccHZhJBxtCKKwTSm
0 49 8962 EWXfqcyfbHaerJVooyuCdplOhSWocfWdzGLKHkHmKIJjiilqMO
0 56 26353 YpckmxvLFEDtNLIovKTkcrKiYdkFUWzpKalnPpthQbFZjIVour
0 60 3656 HpnRgzIfqgBpXIvMyuLzKmuSnHpfBSPwbLiztMOTtPLxByzZPz
0 65 17655 oJWhWjCFiCJjiFDKsKmtmxrKhsdEqcgfrpCnFJvwCRFUWVPEJl
0 66 4305 hqKdTjbYiUyHsImyQiYeQcjOPHbRLQSTdLTgTfeoiHjyYxbEMl
0 68 29195 OrYNvZxIOEgHdDGpyYDWFbFkeQsPhJkdyauwKKbVxAUQAIIEOo
0 73 53061 PPcfAwOXQiXehgGrFrbbOHCTCEdrrFkfDqygvuZgTkOKBPyBVP
0 80 10156 GBfpQbquQpqreWNllPOvMWmSScAegwCHBYTNemKCiNRGrVhKAk
0 82 12920 ISbVcTHlKshuPoLppEDhOJVdEcMyinAnbaTEwExOkjUDqHBXUY
0 83 20056 FYuZgswadteLfhzMRVGZWFIGYkyFWXbpsVsdsVUUGMgNdcjMNp
0 85 22145 rdrWBPqbCWkXiqffyPmmwBxmOmLadBRrQBgjTXRPdaLxCnEhOR
0 89 7577 kVonHZUNCLKNbZAUnKRMxzGowjlUImkJisvepdOHKSXckDPVTM
0 99 8476 blwlUqIkFrwzzUfuQFUjdYHLvMYIAaYsEhlHbDmoXXoQxPpSWt
0 100 13452 VEjRjCUFvinJvbSoyozxjNYJyDxbbuSUDEYioxKybHfrLpuuLr
0 102 22989 ciQKYWiPzujweFCHdNVgLIEoTyXiPAwUHLeTsxmAVWAybPVCLe
0 102 15703 jXUyktIkvnvTzPuxmiqVPeESXkILscKHFWvPTvRobpRLBZPuNg
0 116 27054 FYCmxIiViqMwQNQzGkYnfbIcKfKLHnkmcsWrsoQJMbhUxvFUuc
0 116 21971 icBnvzalFNtnLdqSHLNXAIjIYhQAQCADXvovpiArgyELPOpGSB
0 122 53061 MHGMLCluwnOCykGYLFYPDoVdOsLHbRUUtkouOPgBUUVYUWLLcY
0 122 7171 cAMwlwUJBKMIhnLnqLfAbufRuOHPfhPgfXrvQqMHevWOFYtLBl
0 123 28739 DMzAdXpPAGSHrRgAAOhiUXnnkfCcbiuKTXaEjndMSibeJWfaMl
0 123 53061 WZPVHmheZukhWszbwnSNpVDHFktpKzYSBkRlcpddXqCjjZorIt
0 134 15105 DUjAKrmaUzePgNMMyhsdLPvnzaLDHAhhNLWAvOTNJAFLeSNdcS
0 136 26973 YLUurHJHWGgIuyIEAujPyfhFuFahsDhQZcffNdxoWGnteZQzNz
0 137 25996 BkvPnqYdVRZYrlELJNFZWmDVbOMXUHVPPwNnmkoHFNhHutGwdR
0 151 22140 JmGRhhAIfQafYDAEQkvqTxUAwHNPmKkPWWfdBVznHzxeEfCTYB
0 159 11188 ynPcgXROcAnAzWLIQvhdBscGDaGSjkSccUcAVrPMoOvVVSpdoM
0 161 20735 dwwwwByRhHMeBKeqlGDsjMTsrCUiLeIirYbscteRYvbFNVBgbU
0 161 28316 fUsolUKxIivcDRLPTLZvaRlSWRwTpcqiAlinpbBDEXYalSWUEI
0 163 8152 hJcTigDaSOPcvTnVVccJMEudnakYXOWJOQXjzUEdXGMLbHjfow
0 165 4779 bZhezqhgWaSWWnrTSbFFAGRJjpKnshaJOYJsSuMckhczuYXKuq
0 166 27709 flEsHnkMYJXGvFDdxfwHeSKReWWiVxmALufGrKHySRLZNmASuj
0 166 7258 jICrmHXKCBSQngOjAgWdjUkSckZrDAsSoCnHfshvQBFVeIslha
0 167 15954 xVguzYkEFKbZkLkooIBrcAyekuqMxaxlpgpDeQUWkMWFAmazLf
0 169 2918 JvlYsMzRUrrySSTDZokMRgVqgCDaPTEPuMXfsKoukMUVXNMapG
0 171 20005 WPWvJAJGRAZvwCegrNqYJePBsMmiwCCnevsaJJXtoDGxRiTrcJ
0 181 53061 GTKnOXGahgOKWPaKWEIPlyBNxtFsuMezSRDGUTKFiqqLYBctzW
0 181 9099 LEyZcJjcPUxbZbyIVvpjsGJYmmNEGOOFaXCBRDUCTvXZGdAXoV
0 181 13291 aAoDXhlKCpjvBPFWJlgWnowMBbFfJZhfvCKCXzswFlMWtaVWTi
0 182 12343 xYBjWjCiwGxzzBRIMJzONSjbLkrAovRBPkkKlaNvINbVhTQCaO
0 189 21176 QOCsLLlXREzvvTUiQKTlVYCPqpmcpNaJKwBIYMGrMopRKZvPZI
0 190 3781 HKiSGHIdJIbNGvwTIFAomAEEZrnHpGqwfyEuRLrpPgNmxkHBSl
0 198 15014 zbCxZOCosJZSppHcSrRPvVRvHhmSnrcueDQjWyGexqvPGhIrVF
0 207 6255 zAEMoNzyjjfTEcCgEoZfIpfMFfLovNkRbhXySfaztSyxXarzyL
0 212 16583 NNwOSXNroGpGKggJuczDZdZfhgFFgsmqdWdnPfZpwowLGzKFJz
0 218 28863 CoGycwPPnYFYvqFtQrWiTFcBghRDoLxwdeCGRYLEDCTuLfJFgz
0 222 29654 IkqswksfuRBIPqJeNqpiKxNgaHiyLHUYGvOTBexCwnPpFhpatE
0 224 13222 gISBkpegJGgZTZvLNrBWNGRxxkbRpowcGMtiHqtHLZZKiNgOVw
0 224 9969 kgvVffSTVGqRrnyTlOZovCwMyyfWHmsPSIVcWvIBylWLqbepEL
0 235 7607 ALDcblACBsnsdCkwYGjtysVKTEjVDtdGTOmYkxOqMHptIWVWbz
0 246 27108 qAfFFQbdYXmBLNLGVvmuKZjdccVKEhUeQqFDESsfiuvsgZtecN
0 248 9392 GdCrZaORCaoguGZjqsvNkktpqvxTYNumRhwLxDxjJXIrsqjBJh
0
0
0
0
0
0
0
0
0
0
0
0
0
1
0
0
0
1
0
0
0
0
0
1
0
0
0
0
0
0
0
0
0
0
1
0
0
0
0
0
0
0
0
0
0
1
1
0
0
0
0
0
0
0
1
0
0
0
0
0
0
0
0
0
0
0
1
0
0
1
0
0
0
0
0
0
0
0
0
0
0
0
0
0
1
0
0
0
0
0
0
0
0
0
0
0
0
0
0
0
